[2025-12-17 18:31:08] [INFO] 收到物理服务器信息保存请求 Data: {"phyServerRoom":"测试机房-819","phyServerCabinet":"CAB-819","phyServerCabinetPosition":"27U-8U","phyServerBrand":"Dell","phyServerModel":"PowerEdge R740-819","phyServerSn":"SN-Q78KQZZ08AR","phyServerBmcIp":"192.168.122.8","phyServerBmcUsername":"admin","phyServerBmcPassword":"Test@123456","purchaseDate":"2024-12-17","maintenanceDate":"2026-12-17","powerSupplyCount":1,"phyServerNotes":"这是一条测试备注信息，用于测试物理服务器信息录入功能。","hardDisks":[{"slot":0,"size":"480GB","raidName":"RAID1","raidLevel":"RAID1","remark":"系统盘"},{"slot":1,"size":"480GB","raidName":"RAID1","raidLevel":"RAID1","remark":"系统盘"},{"slot":2,"size":"8TB","raidName":"RAID5","raidLevel":"RAID5","remark":"数据盘"}],"nics":[{"position":"板载","portCount":"4口","speed":"万兆","interface":"光口"}],"hbacards":[{"portCount":"2口","speed":"16Gbps"}],"connections":[{"interfaceName":"eth0","cableType":"网线","peerDeviceName":"交换机-819","peerDeviceInterface":"GigabitEthernet0\/0\/6"},{"interfaceName":"eth1","cableType":"光纤","peerDeviceName":"存储设备-819","peerDeviceInterface":"FC0\/0\/5"}]}
[2025-12-17 18:31:08] [INFO] 数据表phy_server_info创建成功
[2025-12-17 18:31:08] [INFO] 数据表phy_server_hard_disk创建成功
[2025-12-17 18:31:08] [INFO] 数据表phy_server_nic创建成功
[2025-12-17 18:31:08] [INFO] 数据表phy_server_hbacard创建成功
[2025-12-17 18:31:08] [INFO] 数据表phy_server_connection创建成功
[2025-12-17 18:31:08] [INFO] 保存硬盘信息 Data: {"server_id":"1","slot":0,"size":"480GB","raidName":"RAID1","raidLevel":"RAID1","remark":"系统盘"}
[2025-12-17 18:31:08] [INFO] 保存硬盘信息 Data: {"server_id":"1","slot":1,"size":"480GB","raidName":"RAID1","raidLevel":"RAID1","remark":"系统盘"}
[2025-12-17 18:31:08] [INFO] 保存硬盘信息 Data: {"server_id":"1","slot":2,"size":"8TB","raidName":"RAID5","raidLevel":"RAID5","remark":"数据盘"}
[2025-12-17 18:31:08] [INFO] 保存网卡信息 Data: {"server_id":"1","position":"板载","portCount":"4口","speed":"万兆","interface":"光口"}
[2025-12-17 18:31:08] [INFO] 保存HBA卡信息 Data: {"server_id":"1","portCount":"2口","speed":"16Gbps"}
[2025-12-17 18:31:08] [INFO] 保存连接信息 Data: {"server_id":"1","interfaceName":"eth0","cableType":"网线","peerDeviceName":"交换机-819","peerDeviceInterface":"GigabitEthernet0\/0\/6"}
[2025-12-17 18:31:08] [INFO] 保存连接信息 Data: {"server_id":"1","interfaceName":"eth1","cableType":"光纤","peerDeviceName":"存储设备-819","peerDeviceInterface":"FC0\/0\/5"}
[2025-12-17 18:31:08] [INFO] 物理服务器信息保存成功 Data: {"server_id":"1"}
[2025-12-17 18:31:26] [INFO] 收到物理服务器信息保存请求 Data: {"phyServerRoom":"测试机房-924","phyServerCabinet":"CAB-924","phyServerCabinetPosition":"36U-7U","phyServerBrand":"联想","phyServerModel":"PowerEdge R740-924","phyServerSn":"SN-1K0M7OV1PRI","phyServerBmcIp":"192.168.74.141","phyServerBmcUsername":"admin","phyServerBmcPassword":"Test@123456","purchaseDate":"2024-12-17","maintenanceDate":"2026-12-17","powerSupplyCount":1,"phyServerNotes":"这是一条测试备注信息，用于测试物理服务器信息录入功能。","hardDisks":[{"slot":0,"size":"480GB","raidName":"RAID1","raidLevel":"RAID1","remark":"系统盘"},{"slot":1,"size":"480GB","raidName":"RAID1","raidLevel":"RAID1","remark":"系统盘"},{"slot":2,"size":"8TB","raidName":"RAID5","raidLevel":"RAID5","remark":"数据盘"}],"nics":[{"position":"板载","portCount":"4口","speed":"万兆","interface":"光口"}],"hbacards":[{"portCount":"2口","speed":"16Gbps"}],"connections":[{"interfaceName":"eth0","cableType":"网线","peerDeviceName":"交换机-924","peerDeviceInterface":"GigabitEthernet0\/0\/10"},{"interfaceName":"eth1","cableType":"光纤","peerDeviceName":"存储设备-924","peerDeviceInterface":"FC0\/0\/1"}]}
[2025-12-17 18:31:26] [INFO] 保存硬盘信息 Data: {"server_id":"2","slot":0,"size":"480GB","raidName":"RAID1","raidLevel":"RAID1","remark":"系统盘"}
[2025-12-17 18:31:26] [INFO] 保存硬盘信息 Data: {"server_id":"2","slot":1,"size":"480GB","raidName":"RAID1","raidLevel":"RAID1","remark":"系统盘"}
[2025-12-17 18:31:26] [INFO] 保存硬盘信息 Data: {"server_id":"2","slot":2,"size":"8TB","raidName":"RAID5","raidLevel":"RAID5","remark":"数据盘"}
[2025-12-17 18:31:26] [INFO] 保存网卡信息 Data: {"server_id":"2","position":"板载","portCount":"4口","speed":"万兆","interface":"光口"}
[2025-12-17 18:31:26] [INFO] 保存HBA卡信息 Data: {"server_id":"2","portCount":"2口","speed":"16Gbps"}
[2025-12-17 18:31:26] [INFO] 保存连接信息 Data: {"server_id":"2","interfaceName":"eth0","cableType":"网线","peerDeviceName":"交换机-924","peerDeviceInterface":"GigabitEthernet0\/0\/10"}
[2025-12-17 18:31:26] [INFO] 保存连接信息 Data: {"server_id":"2","interfaceName":"eth1","cableType":"光纤","peerDeviceName":"存储设备-924","peerDeviceInterface":"FC0\/0\/1"}
[2025-12-17 18:31:26] [INFO] 物理服务器信息保存成功 Data: {"server_id":"2"}
[2025-12-17 18:36:09] [INFO] 收到物理服务器信息保存请求 Data: {"phyServerRoom":"测试机房-790","phyServerCabinet":"CAB-790","phyServerCabinetPosition":"23U-10U","phyServerBrand":"华为","phyServerModel":"PowerEdge R740-790","phyServerSn":"SN-XB1XSU3WA5","phyServerBmcIp":"192.168.27.107","phyServerBmcUsername":"admin","phyServerBmcPassword":"Test@123456","purchaseDate":"2024-12-17","maintenanceDate":"2026-12-17","powerSupplyCount":1,"phyServerNotes":"这是一条测试备注信息，用于测试物理服务器信息录入功能。","hardDisks":[{"slot":0,"size":"480GB","raidName":"RAID1","raidLevel":"RAID1","remark":"系统盘"},{"slot":1,"size":"480GB","raidName":"RAID1","raidLevel":"RAID1","remark":"系统盘"},{"slot":2,"size":"8TB","raidName":"RAID5","raidLevel":"RAID5","remark":"数据盘"}],"nics":[{"position":"板载","portCount":"4口","speed":"万兆","interface":"光口"}],"hbacards":[{"portCount":"2口","speed":"16Gbps"}],"connections":[{"interfaceName":"eth0","cableType":"网线","peerDeviceName":"交换机-790","peerDeviceInterface":"GigabitEthernet0\/0\/12"},{"interfaceName":"eth1","cableType":"光纤","peerDeviceName":"存储设备-790","peerDeviceInterface":"FC0\/0\/2"}]}
[2025-12-17 18:36:09] [INFO] 保存硬盘信息 Data: {"server_id":"3","slot":0,"size":"480GB","raidName":"RAID1","raidLevel":"RAID1","remark":"系统盘"}
[2025-12-17 18:36:09] [INFO] 保存硬盘信息 Data: {"server_id":"3","slot":1,"size":"480GB","raidName":"RAID1","raidLevel":"RAID1","remark":"系统盘"}
[2025-12-17 18:36:09] [INFO] 保存硬盘信息 Data: {"server_id":"3","slot":2,"size":"8TB","raidName":"RAID5","raidLevel":"RAID5","remark":"数据盘"}
[2025-12-17 18:36:09] [INFO] 保存网卡信息 Data: {"server_id":"3","position":"板载","portCount":"4口","speed":"万兆","interface":"光口"}
[2025-12-17 18:36:09] [INFO] 保存HBA卡信息 Data: {"server_id":"3","portCount":"2口","speed":"16Gbps"}
[2025-12-17 18:36:09] [INFO] 保存连接信息 Data: {"server_id":"3","interfaceName":"eth0","cableType":"网线","peerDeviceName":"交换机-790","peerDeviceInterface":"GigabitEthernet0\/0\/12"}
[2025-12-17 18:36:09] [INFO] 保存连接信息 Data: {"server_id":"3","interfaceName":"eth1","cableType":"光纤","peerDeviceName":"存储设备-790","peerDeviceInterface":"FC0\/0\/2"}
[2025-12-17 18:36:09] [INFO] 物理服务器信息保存成功 Data: {"server_id":"3"}
[2025-12-17 18:55:58] [INFO] 收到物理服务器信息保存请求 Data: {"phyServerRoom":"测试机房-317","phyServerCabinet":"CAB-317","phyServerCabinetPosition":"10U-12U","phyServerBrand":"联想","phyServerModel":"PowerEdge R740-317","phyServerSn":"SN-XGY3S1TE1I9","phyServerBmcIp":"192.168.231.131","phyServerBmcUsername":"admin","phyServerBmcPassword":"Test@123456","purchaseDate":"2024-12-17","maintenanceDate":"2026-12-17","powerSupplyCount":2,"phyServerNotes":"这是一条测试备注信息，用于测试物理服务器信息录入功能。","hardDisks":[{"slot":0,"size":"480GB","raidName":"RAID1","raidLevel":"RAID1","remark":"系统盘"},{"slot":1,"size":"480GB","raidName":"RAID1","raidLevel":"RAID1","remark":"系统盘"},{"slot":2,"size":"8TB","raidName":"RAID5","raidLevel":"RAID5","remark":"数据盘"}],"nics":[{"position":"板载","portCount":"4口","speed":"万兆","interface":"光口"}],"hbacards":[{"portCount":"2口","speed":"16Gbps"}],"connections":[{"interfaceName":"eth0","cableType":"网线","peerDeviceName":"交换机-317","peerDeviceInterface":"GigabitEthernet0\/0\/4"},{"interfaceName":"eth1","cableType":"光纤","peerDeviceName":"存储设备-317","peerDeviceInterface":"FC0\/0\/0"}],"createdBy":"lyb"}
[2025-12-17 18:55:58] [INFO] 处理图片数据 Data: {"image_count":1}
[2025-12-17 18:55:58] [INFO] 保存硬盘信息 Data: {"server_id":"4","slot":0,"size":"480GB","raidName":"RAID1","raidLevel":"RAID1","remark":"系统盘"}
[2025-12-17 18:55:58] [INFO] 保存硬盘信息 Data: {"server_id":"4","slot":1,"size":"480GB","raidName":"RAID1","raidLevel":"RAID1","remark":"系统盘"}
[2025-12-17 18:55:58] [INFO] 保存硬盘信息 Data: {"server_id":"4","slot":2,"size":"8TB","raidName":"RAID5","raidLevel":"RAID5","remark":"数据盘"}
[2025-12-17 18:55:58] [INFO] 保存网卡信息 Data: {"server_id":"4","position":"板载","portCount":"4口","speed":"万兆","interface":"光口"}
[2025-12-17 18:55:58] [INFO] 保存HBA卡信息 Data: {"server_id":"4","portCount":"2口","speed":"16Gbps"}
[2025-12-17 18:55:58] [INFO] 保存连接信息 Data: {"server_id":"4","interfaceName":"eth0","cableType":"网线","peerDeviceName":"交换机-317","peerDeviceInterface":"GigabitEthernet0\/0\/4"}
[2025-12-17 18:55:58] [INFO] 保存连接信息 Data: {"server_id":"4","interfaceName":"eth1","cableType":"光纤","peerDeviceName":"存储设备-317","peerDeviceInterface":"FC0\/0\/0"}
[2025-12-17 18:55:58] [ERROR] 数据库操作失败: SQLSTATE[42S22]: Column not found: 1054 Unknown column 'server_id' in 'field list'
[2025-12-17 18:56:42] [INFO] 收到物理服务器信息保存请求 Data: {"phyServerRoom":"测试机房-317","phyServerCabinet":"CAB-317","phyServerCabinetPosition":"10U-12U","phyServerBrand":"联想","phyServerModel":"PowerEdge R740-317","phyServerSn":"SN-XGY3S1TE1I9","phyServerBmcIp":"192.168.231.131","phyServerBmcUsername":"admin","phyServerBmcPassword":"Test@123456","purchaseDate":"2024-12-17","maintenanceDate":"2026-12-17","powerSupplyCount":2,"phyServerNotes":"这是一条测试备注信息，用于测试物理服务器信息录入功能。","hardDisks":[{"slot":0,"size":"480GB","raidName":"RAID1","raidLevel":"RAID1","remark":"系统盘"},{"slot":1,"size":"480GB","raidName":"RAID1","raidLevel":"RAID1","remark":"系统盘"},{"slot":2,"size":"8TB","raidName":"RAID5","raidLevel":"RAID5","remark":"数据盘"}],"nics":[{"position":"板载","portCount":"4口","speed":"万兆","interface":"光口"}],"hbacards":[{"portCount":"2口","speed":"16Gbps"}],"connections":[{"interfaceName":"eth0","cableType":"网线","peerDeviceName":"交换机-317","peerDeviceInterface":"GigabitEthernet0\/0\/4"},{"interfaceName":"eth1","cableType":"光纤","peerDeviceName":"存储设备-317","peerDeviceInterface":"FC0\/0\/0"}],"createdBy":"lyb"}
[2025-12-17 18:56:42] [INFO] 处理图片数据 Data: {"image_count":1}
[2025-12-17 18:56:43] [INFO] 保存硬盘信息 Data: {"server_id":"5","slot":0,"size":"480GB","raidName":"RAID1","raidLevel":"RAID1","remark":"系统盘"}
[2025-12-17 18:56:43] [INFO] 保存硬盘信息 Data: {"server_id":"5","slot":1,"size":"480GB","raidName":"RAID1","raidLevel":"RAID1","remark":"系统盘"}
[2025-12-17 18:56:43] [INFO] 保存硬盘信息 Data: {"server_id":"5","slot":2,"size":"8TB","raidName":"RAID5","raidLevel":"RAID5","remark":"数据盘"}
[2025-12-17 18:56:43] [INFO] 保存网卡信息 Data: {"server_id":"5","position":"板载","portCount":"4口","speed":"万兆","interface":"光口"}
[2025-12-17 18:56:43] [INFO] 保存HBA卡信息 Data: {"server_id":"5","portCount":"2口","speed":"16Gbps"}
[2025-12-17 18:56:43] [INFO] 保存连接信息 Data: {"server_id":"5","interfaceName":"eth0","cableType":"网线","peerDeviceName":"交换机-317","peerDeviceInterface":"GigabitEthernet0\/0\/4"}
[2025-12-17 18:56:43] [INFO] 保存连接信息 Data: {"server_id":"5","interfaceName":"eth1","cableType":"光纤","peerDeviceName":"存储设备-317","peerDeviceInterface":"FC0\/0\/0"}
[2025-12-17 18:56:43] [ERROR] 数据库操作失败: SQLSTATE[42S22]: Column not found: 1054 Unknown column 'server_id' in 'field list'
[2025-12-17 18:56:47] [INFO] 收到物理服务器信息保存请求 Data: {"phyServerRoom":"测试机房-551","phyServerCabinet":"CAB-551","phyServerCabinetPosition":"36U-10U","phyServerBrand":"联想","phyServerModel":"PowerEdge R740-551","phyServerSn":"SN-YZGWMBPUFWS","phyServerBmcIp":"192.168.115.118","phyServerBmcUsername":"admin","phyServerBmcPassword":"Test@123456","purchaseDate":"2024-12-17","maintenanceDate":"2026-12-17","powerSupplyCount":1,"phyServerNotes":"这是一条测试备注信息，用于测试物理服务器信息录入功能。","hardDisks":[{"slot":0,"size":"480GB","raidName":"RAID1","raidLevel":"RAID1","remark":"系统盘"},{"slot":1,"size":"480GB","raidName":"RAID1","raidLevel":"RAID1","remark":"系统盘"},{"slot":2,"size":"8TB","raidName":"RAID5","raidLevel":"RAID5","remark":"数据盘"}],"nics":[{"position":"板载","portCount":"4口","speed":"万兆","interface":"光口"}],"hbacards":[{"portCount":"2口","speed":"16Gbps"}],"connections":[{"interfaceName":"eth0","cableType":"网线","peerDeviceName":"交换机-551","peerDeviceInterface":"GigabitEthernet0\/0\/0"},{"interfaceName":"eth1","cableType":"光纤","peerDeviceName":"存储设备-551","peerDeviceInterface":"FC0\/0\/2"}],"createdBy":"lyb"}
[2025-12-17 18:56:47] [INFO] 处理图片数据 Data: {"image_count":1}
[2025-12-17 18:56:47] [INFO] 保存硬盘信息 Data: {"server_id":"6","slot":0,"size":"480GB","raidName":"RAID1","raidLevel":"RAID1","remark":"系统盘"}
[2025-12-17 18:56:47] [INFO] 保存硬盘信息 Data: {"server_id":"6","slot":1,"size":"480GB","raidName":"RAID1","raidLevel":"RAID1","remark":"系统盘"}
[2025-12-17 18:56:47] [INFO] 保存硬盘信息 Data: {"server_id":"6","slot":2,"size":"8TB","raidName":"RAID5","raidLevel":"RAID5","remark":"数据盘"}
[2025-12-17 18:56:47] [INFO] 保存网卡信息 Data: {"server_id":"6","position":"板载","portCount":"4口","speed":"万兆","interface":"光口"}
[2025-12-17 18:56:47] [INFO] 保存HBA卡信息 Data: {"server_id":"6","portCount":"2口","speed":"16Gbps"}
[2025-12-17 18:56:47] [INFO] 保存连接信息 Data: {"server_id":"6","interfaceName":"eth0","cableType":"网线","peerDeviceName":"交换机-551","peerDeviceInterface":"GigabitEthernet0\/0\/0"}
[2025-12-17 18:56:47] [INFO] 保存连接信息 Data: {"server_id":"6","interfaceName":"eth1","cableType":"光纤","peerDeviceName":"存储设备-551","peerDeviceInterface":"FC0\/0\/2"}
[2025-12-17 18:56:47] [ERROR] 数据库操作失败: SQLSTATE[42S22]: Column not found: 1054 Unknown column 'server_id' in 'field list'
[2025-12-17 18:56:50] [INFO] 收到物理服务器信息保存请求 Data: {"phyServerRoom":"测试机房-551","phyServerCabinet":"CAB-551","phyServerCabinetPosition":"36U-10U","phyServerBrand":"联想","phyServerModel":"PowerEdge R740-551","phyServerSn":"SN-YZGWMBPUFWS","phyServerBmcIp":"192.168.115.118","phyServerBmcUsername":"admin","phyServerBmcPassword":"Test@123456","purchaseDate":"2024-12-17","maintenanceDate":"2026-12-17","powerSupplyCount":1,"phyServerNotes":"这是一条测试备注信息，用于测试物理服务器信息录入功能。","hardDisks":[{"slot":0,"size":"480GB","raidName":"RAID1","raidLevel":"RAID1","remark":"系统盘"},{"slot":1,"size":"480GB","raidName":"RAID1","raidLevel":"RAID1","remark":"系统盘"},{"slot":2,"size":"8TB","raidName":"RAID5","raidLevel":"RAID5","remark":"数据盘"}],"nics":[{"position":"板载","portCount":"4口","speed":"万兆","interface":"光口"}],"hbacards":[{"portCount":"2口","speed":"16Gbps"}],"connections":[{"interfaceName":"eth0","cableType":"网线","peerDeviceName":"交换机-551","peerDeviceInterface":"GigabitEthernet0\/0\/0"},{"interfaceName":"eth1","cableType":"光纤","peerDeviceName":"存储设备-551","peerDeviceInterface":"FC0\/0\/2"}],"createdBy":"lyb"}
[2025-12-17 18:56:50] [INFO] 处理图片数据 Data: {"image_count":1}
[2025-12-17 18:56:50] [INFO] 保存硬盘信息 Data: {"server_id":"7","slot":0,"size":"480GB","raidName":"RAID1","raidLevel":"RAID1","remark":"系统盘"}
[2025-12-17 18:56:50] [INFO] 保存硬盘信息 Data: {"server_id":"7","slot":1,"size":"480GB","raidName":"RAID1","raidLevel":"RAID1","remark":"系统盘"}
[2025-12-17 18:56:50] [INFO] 保存硬盘信息 Data: {"server_id":"7","slot":2,"size":"8TB","raidName":"RAID5","raidLevel":"RAID5","remark":"数据盘"}
[2025-12-17 18:56:50] [INFO] 保存网卡信息 Data: {"server_id":"7","position":"板载","portCount":"4口","speed":"万兆","interface":"光口"}
[2025-12-17 18:56:50] [INFO] 保存HBA卡信息 Data: {"server_id":"7","portCount":"2口","speed":"16Gbps"}
[2025-12-17 18:56:50] [INFO] 保存连接信息 Data: {"server_id":"7","interfaceName":"eth0","cableType":"网线","peerDeviceName":"交换机-551","peerDeviceInterface":"GigabitEthernet0\/0\/0"}
[2025-12-17 18:56:50] [INFO] 保存连接信息 Data: {"server_id":"7","interfaceName":"eth1","cableType":"光纤","peerDeviceName":"存储设备-551","peerDeviceInterface":"FC0\/0\/2"}
[2025-12-17 18:56:50] [ERROR] 数据库操作失败: SQLSTATE[42S22]: Column not found: 1054 Unknown column 'server_id' in 'field list'
[2025-12-17 18:56:54] [INFO] 收到物理服务器信息保存请求 Data: {"phyServerRoom":"测试机房-551","phyServerCabinet":"CAB-551","phyServerCabinetPosition":"36U-10U","phyServerBrand":"联想","phyServerModel":"PowerEdge R740-551","phyServerSn":"SN-YZGWMBPUFWS","phyServerBmcIp":"192.168.115.118","phyServerBmcUsername":"admin","phyServerBmcPassword":"Test@123456","purchaseDate":"2024-12-17","maintenanceDate":"2026-12-17","powerSupplyCount":1,"phyServerNotes":"这是一条测试备注信息，用于测试物理服务器信息录入功能。","hardDisks":[{"slot":0,"size":"480GB","raidName":"RAID1","raidLevel":"RAID1","remark":"系统盘"},{"slot":1,"size":"480GB","raidName":"RAID1","raidLevel":"RAID1","remark":"系统盘"},{"slot":2,"size":"8TB","raidName":"RAID5","raidLevel":"RAID5","remark":"数据盘"}],"nics":[{"position":"板载","portCount":"4口","speed":"万兆","interface":"光口"}],"hbacards":[{"portCount":"2口","speed":"16Gbps"}],"connections":[{"interfaceName":"eth0","cableType":"网线","peerDeviceName":"交换机-551","peerDeviceInterface":"GigabitEthernet0\/0\/0"},{"interfaceName":"eth1","cableType":"光纤","peerDeviceName":"存储设备-551","peerDeviceInterface":"FC0\/0\/2"}],"createdBy":"lyb"}
[2025-12-17 18:56:54] [INFO] 处理图片数据 Data: {"image_count":1}
[2025-12-17 18:56:54] [INFO] 保存硬盘信息 Data: {"server_id":"8","slot":0,"size":"480GB","raidName":"RAID1","raidLevel":"RAID1","remark":"系统盘"}
[2025-12-17 18:56:54] [INFO] 保存硬盘信息 Data: {"server_id":"8","slot":1,"size":"480GB","raidName":"RAID1","raidLevel":"RAID1","remark":"系统盘"}
[2025-12-17 18:56:54] [INFO] 保存硬盘信息 Data: {"server_id":"8","slot":2,"size":"8TB","raidName":"RAID5","raidLevel":"RAID5","remark":"数据盘"}
[2025-12-17 18:56:54] [INFO] 保存网卡信息 Data: {"server_id":"8","position":"板载","portCount":"4口","speed":"万兆","interface":"光口"}
[2025-12-17 18:56:54] [INFO] 保存HBA卡信息 Data: {"server_id":"8","portCount":"2口","speed":"16Gbps"}
[2025-12-17 18:56:54] [INFO] 保存连接信息 Data: {"server_id":"8","interfaceName":"eth0","cableType":"网线","peerDeviceName":"交换机-551","peerDeviceInterface":"GigabitEthernet0\/0\/0"}
[2025-12-17 18:56:54] [INFO] 保存连接信息 Data: {"server_id":"8","interfaceName":"eth1","cableType":"光纤","peerDeviceName":"存储设备-551","peerDeviceInterface":"FC0\/0\/2"}
[2025-12-17 18:56:54] [ERROR] 数据库操作失败: SQLSTATE[42S22]: Column not found: 1054 Unknown column 'server_id' in 'field list'
[2025-12-17 18:56:54] [INFO] 收到物理服务器信息保存请求 Data: {"phyServerRoom":"测试机房-551","phyServerCabinet":"CAB-551","phyServerCabinetPosition":"36U-10U","phyServerBrand":"联想","phyServerModel":"PowerEdge R740-551","phyServerSn":"SN-YZGWMBPUFWS","phyServerBmcIp":"192.168.115.118","phyServerBmcUsername":"admin","phyServerBmcPassword":"Test@123456","purchaseDate":"2024-12-17","maintenanceDate":"2026-12-17","powerSupplyCount":1,"phyServerNotes":"这是一条测试备注信息，用于测试物理服务器信息录入功能。","hardDisks":[{"slot":0,"size":"480GB","raidName":"RAID1","raidLevel":"RAID1","remark":"系统盘"},{"slot":1,"size":"480GB","raidName":"RAID1","raidLevel":"RAID1","remark":"系统盘"},{"slot":2,"size":"8TB","raidName":"RAID5","raidLevel":"RAID5","remark":"数据盘"}],"nics":[{"position":"板载","portCount":"4口","speed":"万兆","interface":"光口"}],"hbacards":[{"portCount":"2口","speed":"16Gbps"}],"connections":[{"interfaceName":"eth0","cableType":"网线","peerDeviceName":"交换机-551","peerDeviceInterface":"GigabitEthernet0\/0\/0"},{"interfaceName":"eth1","cableType":"光纤","peerDeviceName":"存储设备-551","peerDeviceInterface":"FC0\/0\/2"}],"createdBy":"lyb"}
[2025-12-17 18:56:54] [INFO] 处理图片数据 Data: {"image_count":1}
[2025-12-17 18:56:54] [INFO] 保存硬盘信息 Data: {"server_id":"9","slot":0,"size":"480GB","raidName":"RAID1","raidLevel":"RAID1","remark":"系统盘"}
[2025-12-17 18:56:54] [INFO] 保存硬盘信息 Data: {"server_id":"9","slot":1,"size":"480GB","raidName":"RAID1","raidLevel":"RAID1","remark":"系统盘"}
[2025-12-17 18:56:54] [INFO] 保存硬盘信息 Data: {"server_id":"9","slot":2,"size":"8TB","raidName":"RAID5","raidLevel":"RAID5","remark":"数据盘"}
[2025-12-17 18:56:54] [INFO] 保存网卡信息 Data: {"server_id":"9","position":"板载","portCount":"4口","speed":"万兆","interface":"光口"}
[2025-12-17 18:56:54] [INFO] 保存HBA卡信息 Data: {"server_id":"9","portCount":"2口","speed":"16Gbps"}
[2025-12-17 18:56:54] [INFO] 保存连接信息 Data: {"server_id":"9","interfaceName":"eth0","cableType":"网线","peerDeviceName":"交换机-551","peerDeviceInterface":"GigabitEthernet0\/0\/0"}
[2025-12-17 18:56:54] [INFO] 保存连接信息 Data: {"server_id":"9","interfaceName":"eth1","cableType":"光纤","peerDeviceName":"存储设备-551","peerDeviceInterface":"FC0\/0\/2"}
[2025-12-17 18:56:54] [ERROR] 数据库操作失败: SQLSTATE[42S22]: Column not found: 1054 Unknown column 'server_id' in 'field list'
[2025-12-17 18:59:03] [INFO] 收到物理服务器信息保存请求 Data: {"phyServerRoom":"测试机房-468","phyServerCabinet":"CAB-468","phyServerCabinetPosition":"27U-12U","phyServerBrand":"联想","phyServerModel":"PowerEdge R740-468","phyServerSn":"SN-J35JOOD3DH","phyServerBmcIp":"192.168.7.27","phyServerBmcUsername":"admin","phyServerBmcPassword":"Test@123456","purchaseDate":"2024-12-17","maintenanceDate":"2026-12-17","powerSupplyCount":2,"phyServerNotes":"这是一条测试备注信息，用于测试物理服务器信息录入功能。","hardDisks":[{"slot":0,"size":"480GB","raidName":"RAID1","raidLevel":"RAID1","remark":"系统盘"},{"slot":1,"size":"480GB","raidName":"RAID1","raidLevel":"RAID1","remark":"系统盘"},{"slot":2,"size":"8TB","raidName":"RAID5","raidLevel":"RAID5","remark":"数据盘"}],"nics":[{"position":"板载","portCount":"4口","speed":"万兆","interface":"光口"}],"hbacards":[{"portCount":"2口","speed":"16Gbps"}],"connections":[{"interfaceName":"eth0","cableType":"网线","peerDeviceName":"交换机-468","peerDeviceInterface":"GigabitEthernet0\/0\/16"},{"interfaceName":"eth1","cableType":"光纤","peerDeviceName":"存储设备-468","peerDeviceInterface":"FC0\/0\/3"}],"createdBy":"system"}
[2025-12-17 18:59:03] [INFO] 处理图片数据 Data: {"image_count":1}
[2025-12-17 18:59:03] [INFO] 保存硬盘信息 Data: {"server_id":"10","slot":0,"size":"480GB","raidName":"RAID1","raidLevel":"RAID1","remark":"系统盘"}
[2025-12-17 18:59:03] [INFO] 保存硬盘信息 Data: {"server_id":"10","slot":1,"size":"480GB","raidName":"RAID1","raidLevel":"RAID1","remark":"系统盘"}
[2025-12-17 18:59:03] [INFO] 保存硬盘信息 Data: {"server_id":"10","slot":2,"size":"8TB","raidName":"RAID5","raidLevel":"RAID5","remark":"数据盘"}
[2025-12-17 18:59:03] [INFO] 保存网卡信息 Data: {"server_id":"10","position":"板载","portCount":"4口","speed":"万兆","interface":"光口"}
[2025-12-17 18:59:03] [INFO] 保存HBA卡信息 Data: {"server_id":"10","portCount":"2口","speed":"16Gbps"}
[2025-12-17 18:59:03] [INFO] 保存连接信息 Data: {"server_id":"10","interfaceName":"eth0","cableType":"网线","peerDeviceName":"交换机-468","peerDeviceInterface":"GigabitEthernet0\/0\/16"}
[2025-12-17 18:59:03] [INFO] 保存连接信息 Data: {"server_id":"10","interfaceName":"eth1","cableType":"光纤","peerDeviceName":"存储设备-468","peerDeviceInterface":"FC0\/0\/3"}
[2025-12-17 18:59:03] [INFO] phy_servers_images表列信息 Data: ["phy_servers_images_id","phy_servers_id","phy_servers_images_name","phy_servers_images_path","phy_servers_images_size","phy_servers_images_upload_time","phy_servers_images_remark"]
[2025-12-17 18:59:03] [ERROR] 数据库操作失败: SQLSTATE[42S22]: Column not found: 1054 Unknown column 'server_id' in 'field list'
[2025-12-17 18:59:06] [INFO] 收到物理服务器信息保存请求 Data: {"phyServerRoom":"测试机房-468","phyServerCabinet":"CAB-468","phyServerCabinetPosition":"27U-12U","phyServerBrand":"联想","phyServerModel":"PowerEdge R740-468","phyServerSn":"SN-J35JOOD3DH","phyServerBmcIp":"192.168.7.27","phyServerBmcUsername":"admin","phyServerBmcPassword":"Test@123456","purchaseDate":"2024-12-17","maintenanceDate":"2026-12-17","powerSupplyCount":2,"phyServerNotes":"这是一条测试备注信息，用于测试物理服务器信息录入功能。","hardDisks":[{"slot":0,"size":"480GB","raidName":"RAID1","raidLevel":"RAID1","remark":"系统盘"},{"slot":1,"size":"480GB","raidName":"RAID1","raidLevel":"RAID1","remark":"系统盘"},{"slot":2,"size":"8TB","raidName":"RAID5","raidLevel":"RAID5","remark":"数据盘"}],"nics":[{"position":"板载","portCount":"4口","speed":"万兆","interface":"光口"}],"hbacards":[{"portCount":"2口","speed":"16Gbps"}],"connections":[{"interfaceName":"eth0","cableType":"网线","peerDeviceName":"交换机-468","peerDeviceInterface":"GigabitEthernet0\/0\/16"},{"interfaceName":"eth1","cableType":"光纤","peerDeviceName":"存储设备-468","peerDeviceInterface":"FC0\/0\/3"}],"createdBy":"system"}
[2025-12-17 18:59:06] [INFO] 处理图片数据 Data: {"image_count":1}
[2025-12-17 18:59:06] [INFO] 保存硬盘信息 Data: {"server_id":"11","slot":0,"size":"480GB","raidName":"RAID1","raidLevel":"RAID1","remark":"系统盘"}
[2025-12-17 18:59:06] [INFO] 保存硬盘信息 Data: {"server_id":"11","slot":1,"size":"480GB","raidName":"RAID1","raidLevel":"RAID1","remark":"系统盘"}
[2025-12-17 18:59:06] [INFO] 保存硬盘信息 Data: {"server_id":"11","slot":2,"size":"8TB","raidName":"RAID5","raidLevel":"RAID5","remark":"数据盘"}
[2025-12-17 18:59:06] [INFO] 保存网卡信息 Data: {"server_id":"11","position":"板载","portCount":"4口","speed":"万兆","interface":"光口"}
[2025-12-17 18:59:06] [INFO] 保存HBA卡信息 Data: {"server_id":"11","portCount":"2口","speed":"16Gbps"}
[2025-12-17 18:59:06] [INFO] 保存连接信息 Data: {"server_id":"11","interfaceName":"eth0","cableType":"网线","peerDeviceName":"交换机-468","peerDeviceInterface":"GigabitEthernet0\/0\/16"}
[2025-12-17 18:59:06] [INFO] 保存连接信息 Data: {"server_id":"11","interfaceName":"eth1","cableType":"光纤","peerDeviceName":"存储设备-468","peerDeviceInterface":"FC0\/0\/3"}
[2025-12-17 18:59:06] [INFO] phy_servers_images表列信息 Data: ["phy_servers_images_id","phy_servers_id","phy_servers_images_name","phy_servers_images_path","phy_servers_images_size","phy_servers_images_upload_time","phy_servers_images_remark"]
[2025-12-17 18:59:06] [ERROR] 数据库操作失败: SQLSTATE[42S22]: Column not found: 1054 Unknown column 'server_id' in 'field list'
[2025-12-17 19:01:03] [INFO] 收到物理服务器信息保存请求 Data: {"phyServerRoom":"测试机房-468","phyServerCabinet":"CAB-468","phyServerCabinetPosition":"27U-12U","phyServerBrand":"联想","phyServerModel":"PowerEdge R740-468","phyServerSn":"SN-J35JOOD3DH","phyServerBmcIp":"192.168.7.27","phyServerBmcUsername":"admin","phyServerBmcPassword":"Test@123456","purchaseDate":"2024-12-17","maintenanceDate":"2026-12-17","powerSupplyCount":2,"phyServerNotes":"这是一条测试备注信息，用于测试物理服务器信息录入功能。","hardDisks":[{"slot":0,"size":"480GB","raidName":"RAID1","raidLevel":"RAID1","remark":"系统盘"},{"slot":1,"size":"480GB","raidName":"RAID1","raidLevel":"RAID1","remark":"系统盘"},{"slot":2,"size":"8TB","raidName":"RAID5","raidLevel":"RAID5","remark":"数据盘"}],"nics":[{"position":"板载","portCount":"4口","speed":"万兆","interface":"光口"}],"hbacards":[{"portCount":"2口","speed":"16Gbps"}],"connections":[{"interfaceName":"eth0","cableType":"网线","peerDeviceName":"交换机-468","peerDeviceInterface":"GigabitEthernet0\/0\/16"},{"interfaceName":"eth1","cableType":"光纤","peerDeviceName":"存储设备-468","peerDeviceInterface":"FC0\/0\/3"}],"createdBy":"system"}
[2025-12-17 19:01:03] [INFO] 处理图片数据 Data: {"image_count":1}
[2025-12-17 19:01:03] [INFO] 保存硬盘信息 Data: {"server_id":"12","slot":0,"size":"480GB","raidName":"RAID1","raidLevel":"RAID1","remark":"系统盘"}
[2025-12-17 19:01:03] [INFO] 保存硬盘信息 Data: {"server_id":"12","slot":1,"size":"480GB","raidName":"RAID1","raidLevel":"RAID1","remark":"系统盘"}
[2025-12-17 19:01:03] [INFO] 保存硬盘信息 Data: {"server_id":"12","slot":2,"size":"8TB","raidName":"RAID5","raidLevel":"RAID5","remark":"数据盘"}
[2025-12-17 19:01:03] [INFO] 保存网卡信息 Data: {"server_id":"12","position":"板载","portCount":"4口","speed":"万兆","interface":"光口"}
[2025-12-17 19:01:03] [INFO] 保存HBA卡信息 Data: {"server_id":"12","portCount":"2口","speed":"16Gbps"}
[2025-12-17 19:01:03] [INFO] 保存连接信息 Data: {"server_id":"12","interfaceName":"eth0","cableType":"网线","peerDeviceName":"交换机-468","peerDeviceInterface":"GigabitEthernet0\/0\/16"}
[2025-12-17 19:01:03] [INFO] 保存连接信息 Data: {"server_id":"12","interfaceName":"eth1","cableType":"光纤","peerDeviceName":"存储设备-468","peerDeviceInterface":"FC0\/0\/3"}
[2025-12-17 19:01:03] [INFO] phy_servers_images表列信息 Data: ["phy_servers_images_id","phy_servers_id","phy_servers_images_name","phy_servers_images_path","phy_servers_images_size","phy_servers_images_upload_time","phy_servers_images_remark"]
[2025-12-17 19:01:03] [ERROR] 数据库操作失败: SQLSTATE[42S22]: Column not found: 1054 Unknown column 'server_id' in 'field list'
[2025-12-17 19:03:51] [INFO] 收到物理服务器信息保存请求 Data: {"phyServerRoom":"测试机房-391","phyServerCabinet":"CAB-391","phyServerCabinetPosition":"29U-8U","phyServerBrand":"H3C","phyServerModel":"PowerEdge R740-391","phyServerSn":"SN-KQ4LQFQOE","phyServerBmcIp":"192.168.216.181","phyServerBmcUsername":"admin","phyServerBmcPassword":"Test@123456","purchaseDate":"2024-12-17","maintenanceDate":"2026-12-17","powerSupplyCount":1,"phyServerNotes":"这是一条测试备注信息，用于测试物理服务器信息录入功能。","hardDisks":[{"slot":0,"size":"480GB","raidName":"RAID1","raidLevel":"RAID1","remark":"系统盘"},{"slot":1,"size":"480GB","raidName":"RAID1","raidLevel":"RAID1","remark":"系统盘"},{"slot":2,"size":"8TB","raidName":"RAID5","raidLevel":"RAID5","remark":"数据盘"}],"nics":[{"position":"板载","portCount":"4口","speed":"万兆","interface":"光口"}],"hbacards":[{"portCount":"2口","speed":"16Gbps"}],"connections":[{"interfaceName":"eth0","cableType":"网线","peerDeviceName":"交换机-391","peerDeviceInterface":"GigabitEthernet0\/0\/21"},{"interfaceName":"eth1","cableType":"光纤","peerDeviceName":"存储设备-391","peerDeviceInterface":"FC0\/0\/5"}],"createdBy":"system"}
[2025-12-17 19:03:51] [INFO] 当前连接的数据库 Data: {"dbname":"credstat"}
[2025-12-17 19:03:51] [INFO] 当前数据库中的所有表 Data: ["base_obj","certificate_info","cluster","cluster_physical_machine","credstat_user","login_info","main_domain_info","net_dev_cred","phy_server_connection","phy_server_hard_disk","phy_server_hbacard","phy_server_info","phy_server_nic","phy_servers","phy_servers_images","server_cred","sub_domain_info"]
[2025-12-17 19:03:51] [INFO] 旧数据表phy_servers_images已删除（如果存在）
[2025-12-17 19:03:51] [INFO] 数据表phy_servers_images创建成功
[2025-12-17 19:03:51] [INFO] phy_servers_images表结构 Data: [{"Field":"id","Type":"int(11)","Null":"NO","Key":"PRI","Default":null,"Extra":"auto_increment"},{"Field":"server_id","Type":"int(11)","Null":"NO","Key":"MUL","Default":null,"Extra":""},{"Field":"image_name","Type":"varchar(255)","Null":"NO","Key":"","Default":null,"Extra":""},{"Field":"image_type","Type":"varchar(50)","Null":"NO","Key":"","Default":null,"Extra":""},{"Field":"image_data","Type":"longblob","Null":"NO","Key":"","Default":null,"Extra":""},{"Field":"created_at","Type":"timestamp","Null":"NO","Key":"","Default":"CURRENT_TIMESTAMP","Extra":""}]
[2025-12-17 19:03:51] [INFO] server_id列是否存在 Data: {"hasServerId":true}
[2025-12-17 19:03:51] [INFO] 保存硬盘信息 Data: {"server_id":"13","slot":0,"size":"480GB","raidName":"RAID1","raidLevel":"RAID1","remark":"系统盘"}
[2025-12-17 19:03:51] [INFO] 保存硬盘信息 Data: {"server_id":"13","slot":1,"size":"480GB","raidName":"RAID1","raidLevel":"RAID1","remark":"系统盘"}
[2025-12-17 19:03:51] [INFO] 保存硬盘信息 Data: {"server_id":"13","slot":2,"size":"8TB","raidName":"RAID5","raidLevel":"RAID5","remark":"数据盘"}
[2025-12-17 19:03:51] [INFO] 保存网卡信息 Data: {"server_id":"13","position":"板载","portCount":"4口","speed":"万兆","interface":"光口"}
[2025-12-17 19:03:51] [INFO] 保存HBA卡信息 Data: {"server_id":"13","portCount":"2口","speed":"16Gbps"}
[2025-12-17 19:03:51] [INFO] 保存连接信息 Data: {"server_id":"13","interfaceName":"eth0","cableType":"网线","peerDeviceName":"交换机-391","peerDeviceInterface":"GigabitEthernet0\/0\/21"}
[2025-12-17 19:03:51] [INFO] 保存连接信息 Data: {"server_id":"13","interfaceName":"eth1","cableType":"光纤","peerDeviceName":"存储设备-391","peerDeviceInterface":"FC0\/0\/5"}
[2025-12-17 19:03:51] [INFO] 物理服务器信息保存成功 Data: {"server_id":"13","image_count":0}
[2025-12-17 19:03:57] [INFO] 收到物理服务器信息保存请求 Data: {"phyServerRoom":"测试机房-234","phyServerCabinet":"CAB-234","phyServerCabinetPosition":"12U-5U","phyServerBrand":"Dell","phyServerModel":"PowerEdge R740-234","phyServerSn":"SN-51101JFDFFM","phyServerBmcIp":"192.168.61.133","phyServerBmcUsername":"admin","phyServerBmcPassword":"Test@123456","purchaseDate":"2024-12-17","maintenanceDate":"2026-12-17","powerSupplyCount":2,"phyServerNotes":"这是一条测试备注信息，用于测试物理服务器信息录入功能。","hardDisks":[{"slot":0,"size":"480GB","raidName":"RAID1","raidLevel":"RAID1","remark":"系统盘"},{"slot":1,"size":"480GB","raidName":"RAID1","raidLevel":"RAID1","remark":"系统盘"},{"slot":2,"size":"8TB","raidName":"RAID5","raidLevel":"RAID5","remark":"数据盘"}],"nics":[{"position":"板载","portCount":"4口","speed":"万兆","interface":"光口"}],"hbacards":[{"portCount":"2口","speed":"16Gbps"}],"connections":[{"interfaceName":"eth0","cableType":"网线","peerDeviceName":"交换机-234","peerDeviceInterface":"GigabitEthernet0\/0\/21"},{"interfaceName":"eth1","cableType":"光纤","peerDeviceName":"存储设备-234","peerDeviceInterface":"FC0\/0\/6"}],"createdBy":"system"}
[2025-12-17 19:03:57] [INFO] 处理图片数据 Data: {"image_count":1}
[2025-12-17 19:03:57] [INFO] 当前连接的数据库 Data: {"dbname":"credstat"}
[2025-12-17 19:03:57] [INFO] 当前数据库中的所有表 Data: ["base_obj","certificate_info","cluster","cluster_physical_machine","credstat_user","login_info","main_domain_info","net_dev_cred","phy_server_connection","phy_server_hard_disk","phy_server_hbacard","phy_server_info","phy_server_nic","phy_servers","phy_servers_images","server_cred","sub_domain_info"]
[2025-12-17 19:03:57] [INFO] 旧数据表phy_servers_images已删除（如果存在）
[2025-12-17 19:03:57] [INFO] 数据表phy_servers_images创建成功
[2025-12-17 19:03:57] [INFO] phy_servers_images表结构 Data: [{"Field":"id","Type":"int(11)","Null":"NO","Key":"PRI","Default":null,"Extra":"auto_increment"},{"Field":"server_id","Type":"int(11)","Null":"NO","Key":"MUL","Default":null,"Extra":""},{"Field":"image_name","Type":"varchar(255)","Null":"NO","Key":"","Default":null,"Extra":""},{"Field":"image_type","Type":"varchar(50)","Null":"NO","Key":"","Default":null,"Extra":""},{"Field":"image_data","Type":"longblob","Null":"NO","Key":"","Default":null,"Extra":""},{"Field":"created_at","Type":"timestamp","Null":"NO","Key":"","Default":"CURRENT_TIMESTAMP","Extra":""}]
[2025-12-17 19:03:57] [INFO] server_id列是否存在 Data: {"hasServerId":true}
[2025-12-17 19:03:57] [INFO] 保存硬盘信息 Data: {"server_id":"14","slot":0,"size":"480GB","raidName":"RAID1","raidLevel":"RAID1","remark":"系统盘"}
[2025-12-17 19:03:57] [INFO] 保存硬盘信息 Data: {"server_id":"14","slot":1,"size":"480GB","raidName":"RAID1","raidLevel":"RAID1","remark":"系统盘"}
[2025-12-17 19:03:57] [INFO] 保存硬盘信息 Data: {"server_id":"14","slot":2,"size":"8TB","raidName":"RAID5","raidLevel":"RAID5","remark":"数据盘"}
[2025-12-17 19:03:57] [INFO] 保存网卡信息 Data: {"server_id":"14","position":"板载","portCount":"4口","speed":"万兆","interface":"光口"}
[2025-12-17 19:03:57] [INFO] 保存HBA卡信息 Data: {"server_id":"14","portCount":"2口","speed":"16Gbps"}
[2025-12-17 19:03:57] [INFO] 保存连接信息 Data: {"server_id":"14","interfaceName":"eth0","cableType":"网线","peerDeviceName":"交换机-234","peerDeviceInterface":"GigabitEthernet0\/0\/21"}
[2025-12-17 19:03:57] [INFO] 保存连接信息 Data: {"server_id":"14","interfaceName":"eth1","cableType":"光纤","peerDeviceName":"存储设备-234","peerDeviceInterface":"FC0\/0\/6"}
[2025-12-17 19:03:57] [INFO] 插入前phy_servers_images表结构 Data: [{"Field":"id","Type":"int(11)","Null":"NO","Key":"PRI","Default":null,"Extra":"auto_increment"},{"Field":"server_id","Type":"int(11)","Null":"NO","Key":"MUL","Default":null,"Extra":""},{"Field":"image_name","Type":"varchar(255)","Null":"NO","Key":"","Default":null,"Extra":""},{"Field":"image_type","Type":"varchar(50)","Null":"NO","Key":"","Default":null,"Extra":""},{"Field":"image_data","Type":"longblob","Null":"NO","Key":"","Default":null,"Extra":""},{"Field":"created_at","Type":"timestamp","Null":"NO","Key":"","Default":"CURRENT_TIMESTAMP","Extra":""}]
[2025-12-17 19:03:57] [INFO] 可用列 Data: ["id","server_id","image_name","image_type","image_data","created_at"]
[2025-12-17 19:03:57] [INFO] 图片插入SQL Data: {"sql":"INSERT INTO `phy_servers_images` (`server_id`, `image_name`, `image_type`, `image_data`) VALUES (:server_id, :image_name, :image_type, :image_data)"}
[2025-12-17 19:03:57] [INFO] 保存图片信息 Data: {"server_id":"14","image_name":"pasted-image-1765969436490.png","image_type":"image\/png"}
[2025-12-17 19:03:57] [INFO] 物理服务器信息保存成功 Data: {"server_id":"14","image_count":1}
