[2025-12-05 11:22:34] [INFO] 服务器信息保存成功 | 数据: {"id":"107"}
[2025-12-05 11:31:37] [INFO] 服务器信息保存成功 | 数据: {"id":"108"}
[2025-12-05 19:44:09] [ERROR] 数据库错误: SQLSTATE[42S22]: Column not found: 1054 Unknown column 'server_cred_created_by' in 'field list'
[2025-12-05 19:44:09] [ERROR] 服务器信息保存失败: 数据库操作错误，请稍后重试 | 数据: {"errorCode":"DATABASE_ERROR"}
[2025-12-05 19:47:34] [INFO] 字段 server_cred_created_by 添加成功
[2025-12-05 19:47:34] [INFO] 服务器信息保存成功 | 数据: {"id":"109"}
[2025-12-05 19:58:41] [INFO] 服务器信息保存成功 | 数据: {"id":"110"}
[2025-12-10 17:48:28] [INFO] 服务器信息保存成功 | 数据: {"id":"263"}
[2025-12-10 17:48:29] [INFO] 服务器信息保存成功 | 数据: {"id":"264"}
[2025-12-10 17:48:29] [INFO] 服务器信息保存成功 | 数据: {"id":"265"}
[2025-12-10 17:48:29] [INFO] 服务器信息保存成功 | 数据: {"id":"266"}
[2025-12-10 17:48:30] [INFO] 服务器信息保存成功 | 数据: {"id":"267"}
[2025-12-10 17:48:30] [INFO] 服务器信息保存成功 | 数据: {"id":"268"}
[2025-12-10 17:48:30] [INFO] 服务器信息保存成功 | 数据: {"id":"269"}
[2025-12-10 17:48:31] [INFO] 服务器信息保存成功 | 数据: {"id":"270"}
[2025-12-10 17:48:31] [INFO] 服务器信息保存成功 | 数据: {"id":"271"}
[2025-12-10 17:48:32] [INFO] 服务器信息保存成功 | 数据: {"id":"272"}
[2025-12-10 17:48:32] [INFO] 服务器信息保存成功 | 数据: {"id":"273"}
[2025-12-10 17:48:33] [INFO] 服务器信息保存成功 | 数据: {"id":"274"}
[2025-12-10 17:48:34] [INFO] 服务器信息保存成功 | 数据: {"id":"275"}
[2025-12-10 17:48:34] [INFO] 服务器信息保存成功 | 数据: {"id":"276"}
[2025-12-10 17:48:34] [INFO] 服务器信息保存成功 | 数据: {"id":"277"}
[2025-12-10 17:48:35] [INFO] 服务器信息保存成功 | 数据: {"id":"278"}
[2025-12-10 17:48:35] [INFO] 服务器信息保存成功 | 数据: {"id":"279"}
[2025-12-10 17:48:35] [INFO] 服务器信息保存成功 | 数据: {"id":"280"}
[2025-12-10 17:48:36] [INFO] 服务器信息保存成功 | 数据: {"id":"281"}
[2025-12-10 17:48:36] [INFO] 服务器信息保存成功 | 数据: {"id":"282"}
[2025-12-10 17:48:36] [INFO] 服务器信息保存成功 | 数据: {"id":"283"}
[2025-12-10 17:48:37] [INFO] 服务器信息保存成功 | 数据: {"id":"284"}
[2025-12-10 17:48:37] [INFO] 服务器信息保存成功 | 数据: {"id":"285"}
[2025-12-10 17:48:37] [INFO] 服务器信息保存成功 | 数据: {"id":"286"}
[2025-12-10 17:48:38] [INFO] 服务器信息保存成功 | 数据: {"id":"287"}
[2025-12-10 17:48:38] [INFO] 服务器信息保存成功 | 数据: {"id":"288"}
[2025-12-10 17:48:39] [INFO] 服务器信息保存成功 | 数据: {"id":"289"}
[2025-12-10 17:48:39] [INFO] 服务器信息保存成功 | 数据: {"id":"290"}
[2025-12-10 17:48:39] [INFO] 服务器信息保存成功 | 数据: {"id":"291"}
[2025-12-10 17:48:40] [INFO] 服务器信息保存成功 | 数据: {"id":"292"}
[2025-12-10 17:48:40] [INFO] 服务器信息保存成功 | 数据: {"id":"293"}
[2025-12-10 17:48:41] [INFO] 服务器信息保存成功 | 数据: {"id":"294"}
[2025-12-10 17:48:41] [INFO] 服务器信息保存成功 | 数据: {"id":"295"}
[2025-12-10 17:48:42] [INFO] 服务器信息保存成功 | 数据: {"id":"296"}
[2025-12-10 17:48:42] [INFO] 服务器信息保存成功 | 数据: {"id":"297"}
[2025-12-10 17:48:43] [INFO] 服务器信息保存成功 | 数据: {"id":"298"}
[2025-12-10 17:48:43] [INFO] 服务器信息保存成功 | 数据: {"id":"299"}
[2025-12-10 17:48:43] [INFO] 服务器信息保存成功 | 数据: {"id":"300"}
[2025-12-10 17:48:44] [INFO] 服务器信息保存成功 | 数据: {"id":"301"}
[2025-12-10 17:48:45] [INFO] 服务器信息保存成功 | 数据: {"id":"302"}
[2025-12-10 17:48:45] [INFO] 服务器信息保存成功 | 数据: {"id":"303"}
[2025-12-10 17:48:45] [INFO] 服务器信息保存成功 | 数据: {"id":"304"}
[2025-12-10 17:48:46] [INFO] 服务器信息保存成功 | 数据: {"id":"305"}
[2025-12-10 17:48:47] [INFO] 服务器信息保存成功 | 数据: {"id":"306"}
[2025-12-10 17:48:47] [INFO] 服务器信息保存成功 | 数据: {"id":"307"}
[2025-12-10 17:48:47] [INFO] 服务器信息保存成功 | 数据: {"id":"308"}
[2025-12-10 17:48:48] [INFO] 服务器信息保存成功 | 数据: {"id":"309"}
[2025-12-10 17:48:48] [INFO] 服务器信息保存成功 | 数据: {"id":"310"}
[2025-12-10 17:48:49] [INFO] 服务器信息保存成功 | 数据: {"id":"311"}
[2025-12-10 17:48:49] [INFO] 服务器信息保存成功 | 数据: {"id":"312"}
[2025-12-10 17:48:49] [INFO] 服务器信息保存成功 | 数据: {"id":"313"}
[2025-12-10 17:48:50] [INFO] 服务器信息保存成功 | 数据: {"id":"314"}
[2025-12-10 17:48:50] [INFO] 服务器信息保存成功 | 数据: {"id":"315"}
[2025-12-10 17:48:51] [INFO] 服务器信息保存成功 | 数据: {"id":"316"}
[2025-12-10 17:48:51] [INFO] 服务器信息保存成功 | 数据: {"id":"317"}
[2025-12-10 17:48:51] [INFO] 服务器信息保存成功 | 数据: {"id":"318"}
[2025-12-10 17:48:52] [INFO] 服务器信息保存成功 | 数据: {"id":"319"}
[2025-12-10 17:48:52] [INFO] 服务器信息保存成功 | 数据: {"id":"320"}
[2025-12-10 17:48:52] [INFO] 服务器信息保存成功 | 数据: {"id":"321"}
[2025-12-10 17:48:53] [INFO] 服务器信息保存成功 | 数据: {"id":"322"}
[2025-12-10 17:48:53] [INFO] 服务器信息保存成功 | 数据: {"id":"323"}
[2025-12-10 17:48:54] [INFO] 服务器信息保存成功 | 数据: {"id":"324"}
[2025-12-10 17:48:54] [INFO] 服务器信息保存成功 | 数据: {"id":"325"}
[2025-12-10 17:48:55] [INFO] 服务器信息保存成功 | 数据: {"id":"326"}
[2025-12-10 17:48:55] [INFO] 服务器信息保存成功 | 数据: {"id":"327"}
[2025-12-10 17:48:55] [INFO] 服务器信息保存成功 | 数据: {"id":"328"}
[2025-12-10 17:48:56] [INFO] 服务器信息保存成功 | 数据: {"id":"329"}
[2025-12-10 17:48:56] [INFO] 服务器信息保存成功 | 数据: {"id":"330"}
[2025-12-10 17:48:56] [INFO] 服务器信息保存成功 | 数据: {"id":"331"}
[2025-12-10 17:48:57] [INFO] 服务器信息保存成功 | 数据: {"id":"332"}
[2025-12-10 17:48:57] [INFO] 服务器信息保存成功 | 数据: {"id":"333"}
[2025-12-10 17:48:57] [INFO] 服务器信息保存成功 | 数据: {"id":"334"}
[2025-12-10 17:48:58] [INFO] 服务器信息保存成功 | 数据: {"id":"335"}
[2025-12-10 17:48:58] [INFO] 服务器信息保存成功 | 数据: {"id":"336"}
[2025-12-10 17:48:58] [INFO] 服务器信息保存成功 | 数据: {"id":"337"}
[2025-12-10 17:48:59] [INFO] 服务器信息保存成功 | 数据: {"id":"338"}
[2025-12-10 17:48:59] [INFO] 服务器信息保存成功 | 数据: {"id":"339"}
[2025-12-10 17:49:00] [INFO] 服务器信息保存成功 | 数据: {"id":"340"}
[2025-12-10 17:49:01] [INFO] 服务器信息保存成功 | 数据: {"id":"341"}
[2025-12-10 17:49:01] [INFO] 服务器信息保存成功 | 数据: {"id":"342"}
[2025-12-10 17:49:01] [INFO] 服务器信息保存成功 | 数据: {"id":"343"}
[2025-12-10 17:49:02] [INFO] 服务器信息保存成功 | 数据: {"id":"344"}
[2025-12-10 17:49:02] [INFO] 服务器信息保存成功 | 数据: {"id":"345"}
[2025-12-10 17:49:02] [INFO] 服务器信息保存成功 | 数据: {"id":"346"}
[2025-12-10 17:49:03] [INFO] 服务器信息保存成功 | 数据: {"id":"347"}
[2025-12-10 17:49:03] [INFO] 服务器信息保存成功 | 数据: {"id":"348"}
[2025-12-10 17:49:03] [INFO] 服务器信息保存成功 | 数据: {"id":"349"}
[2025-12-10 17:49:04] [INFO] 服务器信息保存成功 | 数据: {"id":"350"}
[2025-12-10 17:49:04] [INFO] 服务器信息保存成功 | 数据: {"id":"351"}
[2025-12-10 17:49:05] [INFO] 服务器信息保存成功 | 数据: {"id":"352"}
[2025-12-10 17:49:05] [INFO] 服务器信息保存成功 | 数据: {"id":"353"}
[2025-12-10 17:49:06] [INFO] 服务器信息保存成功 | 数据: {"id":"354"}
[2025-12-10 17:49:06] [INFO] 服务器信息保存成功 | 数据: {"id":"355"}
[2025-12-10 17:49:06] [INFO] 服务器信息保存成功 | 数据: {"id":"356"}
[2025-12-10 17:49:07] [INFO] 服务器信息保存成功 | 数据: {"id":"357"}
[2025-12-10 17:49:07] [INFO] 服务器信息保存成功 | 数据: {"id":"358"}
[2025-12-10 17:49:07] [INFO] 服务器信息保存成功 | 数据: {"id":"359"}
[2025-12-10 17:49:08] [INFO] 服务器信息保存成功 | 数据: {"id":"360"}
[2025-12-10 17:49:08] [INFO] 服务器信息保存成功 | 数据: {"id":"361"}
[2025-12-10 17:49:08] [INFO] 服务器信息保存成功 | 数据: {"id":"362"}
[2025-12-10 17:49:09] [INFO] 服务器信息保存成功 | 数据: {"id":"363"}
[2025-12-10 17:49:09] [INFO] 服务器信息保存成功 | 数据: {"id":"364"}
[2025-12-10 17:49:09] [INFO] 服务器信息保存成功 | 数据: {"id":"365"}
[2025-12-10 17:49:10] [INFO] 服务器信息保存成功 | 数据: {"id":"366"}
[2025-12-10 17:49:10] [INFO] 服务器信息保存成功 | 数据: {"id":"367"}
[2025-12-10 17:49:10] [INFO] 服务器信息保存成功 | 数据: {"id":"368"}
[2025-12-10 17:49:11] [INFO] 服务器信息保存成功 | 数据: {"id":"369"}
[2025-12-10 17:49:11] [INFO] 服务器信息保存成功 | 数据: {"id":"370"}
[2025-12-10 17:49:12] [INFO] 服务器信息保存成功 | 数据: {"id":"371"}
[2025-12-10 17:49:12] [INFO] 服务器信息保存成功 | 数据: {"id":"372"}
[2025-12-10 17:49:13] [INFO] 服务器信息保存成功 | 数据: {"id":"373"}
[2025-12-10 17:49:13] [INFO] 服务器信息保存成功 | 数据: {"id":"374"}
[2025-12-10 17:49:14] [INFO] 服务器信息保存成功 | 数据: {"id":"375"}
[2025-12-10 17:49:14] [INFO] 服务器信息保存成功 | 数据: {"id":"376"}
[2025-12-10 17:49:15] [INFO] 服务器信息保存成功 | 数据: {"id":"377"}
[2025-12-10 17:49:15] [INFO] 服务器信息保存成功 | 数据: {"id":"378"}
[2025-12-10 17:49:15] [INFO] 服务器信息保存成功 | 数据: {"id":"379"}
[2025-12-10 17:49:16] [INFO] 服务器信息保存成功 | 数据: {"id":"380"}
[2025-12-10 17:49:16] [INFO] 服务器信息保存成功 | 数据: {"id":"381"}
[2025-12-10 17:49:17] [INFO] 服务器信息保存成功 | 数据: {"id":"382"}
[2025-12-10 17:49:17] [INFO] 服务器信息保存成功 | 数据: {"id":"383"}
[2025-12-10 17:49:17] [INFO] 服务器信息保存成功 | 数据: {"id":"384"}
[2025-12-10 17:49:18] [INFO] 服务器信息保存成功 | 数据: {"id":"385"}
[2025-12-10 17:49:18] [INFO] 服务器信息保存成功 | 数据: {"id":"386"}
[2025-12-10 17:49:19] [INFO] 服务器信息保存成功 | 数据: {"id":"387"}
[2025-12-10 17:49:19] [INFO] 服务器信息保存成功 | 数据: {"id":"388"}
[2025-12-10 17:49:19] [INFO] 服务器信息保存成功 | 数据: {"id":"389"}
[2025-12-10 17:49:20] [INFO] 服务器信息保存成功 | 数据: {"id":"390"}
[2025-12-10 17:49:20] [INFO] 服务器信息保存成功 | 数据: {"id":"391"}
[2025-12-10 17:49:20] [INFO] 服务器信息保存成功 | 数据: {"id":"392"}
[2025-12-10 17:49:21] [INFO] 服务器信息保存成功 | 数据: {"id":"393"}
[2025-12-10 17:49:22] [INFO] 服务器信息保存成功 | 数据: {"id":"394"}
[2025-12-10 17:49:22] [INFO] 服务器信息保存成功 | 数据: {"id":"395"}
[2025-12-10 17:49:22] [INFO] 服务器信息保存成功 | 数据: {"id":"396"}
[2025-12-10 17:49:22] [INFO] 服务器信息保存成功 | 数据: {"id":"397"}
[2025-12-10 17:49:23] [INFO] 服务器信息保存成功 | 数据: {"id":"398"}
[2025-12-10 17:49:23] [INFO] 服务器信息保存成功 | 数据: {"id":"399"}
[2025-12-10 17:49:24] [INFO] 服务器信息保存成功 | 数据: {"id":"400"}
[2025-12-10 17:49:24] [INFO] 服务器信息保存成功 | 数据: {"id":"401"}
[2025-12-10 17:49:25] [INFO] 服务器信息保存成功 | 数据: {"id":"402"}
[2025-12-10 17:49:25] [INFO] 服务器信息保存成功 | 数据: {"id":"403"}
[2025-12-10 17:49:25] [INFO] 服务器信息保存成功 | 数据: {"id":"404"}
[2025-12-10 17:49:26] [INFO] 服务器信息保存成功 | 数据: {"id":"405"}
[2025-12-10 17:49:26] [INFO] 服务器信息保存成功 | 数据: {"id":"406"}
[2025-12-10 17:49:27] [INFO] 服务器信息保存成功 | 数据: {"id":"407"}
[2025-12-10 17:49:28] [INFO] 服务器信息保存成功 | 数据: {"id":"408"}
[2025-12-10 17:49:28] [INFO] 服务器信息保存成功 | 数据: {"id":"409"}
[2025-12-10 17:49:28] [INFO] 服务器信息保存成功 | 数据: {"id":"410"}
[2025-12-10 17:49:28] [INFO] 服务器信息保存成功 | 数据: {"id":"411"}
[2025-12-10 17:49:29] [INFO] 服务器信息保存成功 | 数据: {"id":"412"}
[2025-12-10 17:49:29] [INFO] 服务器信息保存成功 | 数据: {"id":"413"}
[2025-12-10 17:49:30] [INFO] 服务器信息保存成功 | 数据: {"id":"414"}
[2025-12-10 17:49:30] [INFO] 服务器信息保存成功 | 数据: {"id":"415"}
[2025-12-10 17:49:30] [INFO] 服务器信息保存成功 | 数据: {"id":"416"}
[2025-12-10 17:49:31] [INFO] 服务器信息保存成功 | 数据: {"id":"417"}
[2025-12-10 17:49:31] [INFO] 服务器信息保存成功 | 数据: {"id":"418"}
[2025-12-10 17:49:32] [INFO] 服务器信息保存成功 | 数据: {"id":"419"}
[2025-12-10 17:49:32] [INFO] 服务器信息保存成功 | 数据: {"id":"420"}
[2025-12-10 17:49:33] [INFO] 服务器信息保存成功 | 数据: {"id":"421"}
[2025-12-10 17:49:33] [INFO] 服务器信息保存成功 | 数据: {"id":"422"}
[2025-12-10 17:49:34] [INFO] 服务器信息保存成功 | 数据: {"id":"423"}
[2025-12-10 17:49:34] [INFO] 服务器信息保存成功 | 数据: {"id":"424"}
[2025-12-10 17:49:35] [INFO] 服务器信息保存成功 | 数据: {"id":"425"}
[2025-12-10 17:49:35] [INFO] 服务器信息保存成功 | 数据: {"id":"426"}
[2025-12-10 17:49:35] [INFO] 服务器信息保存成功 | 数据: {"id":"427"}
[2025-12-10 17:49:36] [INFO] 服务器信息保存成功 | 数据: {"id":"428"}
[2025-12-10 17:49:36] [INFO] 服务器信息保存成功 | 数据: {"id":"429"}
[2025-12-10 17:49:36] [INFO] 服务器信息保存成功 | 数据: {"id":"430"}
[2025-12-10 17:49:37] [INFO] 服务器信息保存成功 | 数据: {"id":"431"}
[2025-12-10 17:49:37] [INFO] 服务器信息保存成功 | 数据: {"id":"432"}
[2025-12-10 17:49:37] [INFO] 服务器信息保存成功 | 数据: {"id":"433"}
[2025-12-10 17:49:38] [INFO] 服务器信息保存成功 | 数据: {"id":"434"}
[2025-12-10 17:49:38] [INFO] 服务器信息保存成功 | 数据: {"id":"435"}
[2025-12-10 17:49:38] [INFO] 服务器信息保存成功 | 数据: {"id":"436"}
[2025-12-10 17:49:39] [INFO] 服务器信息保存成功 | 数据: {"id":"437"}
[2025-12-10 17:49:39] [INFO] 服务器信息保存成功 | 数据: {"id":"438"}
[2025-12-10 17:49:40] [INFO] 服务器信息保存成功 | 数据: {"id":"439"}
[2025-12-10 17:49:40] [INFO] 服务器信息保存成功 | 数据: {"id":"440"}
[2025-12-10 17:49:41] [INFO] 服务器信息保存成功 | 数据: {"id":"441"}
[2025-12-10 17:49:41] [INFO] 服务器信息保存成功 | 数据: {"id":"442"}
[2025-12-10 17:49:42] [INFO] 服务器信息保存成功 | 数据: {"id":"443"}
[2025-12-10 17:49:42] [INFO] 服务器信息保存成功 | 数据: {"id":"444"}
[2025-12-10 17:49:43] [INFO] 服务器信息保存成功 | 数据: {"id":"445"}
[2025-12-10 17:49:43] [INFO] 服务器信息保存成功 | 数据: {"id":"446"}
[2025-12-10 17:49:43] [INFO] 服务器信息保存成功 | 数据: {"id":"447"}
[2025-12-10 17:49:44] [INFO] 服务器信息保存成功 | 数据: {"id":"448"}
[2025-12-10 17:49:44] [INFO] 服务器信息保存成功 | 数据: {"id":"449"}
[2025-12-10 17:49:45] [INFO] 服务器信息保存成功 | 数据: {"id":"450"}
[2025-12-10 17:49:45] [INFO] 服务器信息保存成功 | 数据: {"id":"451"}
[2025-12-10 17:49:45] [INFO] 服务器信息保存成功 | 数据: {"id":"452"}
[2025-12-10 17:49:46] [INFO] 服务器信息保存成功 | 数据: {"id":"453"}
[2025-12-10 17:49:46] [INFO] 服务器信息保存成功 | 数据: {"id":"454"}
[2025-12-10 17:49:46] [INFO] 服务器信息保存成功 | 数据: {"id":"455"}
[2025-12-10 17:49:47] [INFO] 服务器信息保存成功 | 数据: {"id":"456"}
[2025-12-10 17:49:47] [INFO] 服务器信息保存成功 | 数据: {"id":"457"}
[2025-12-10 17:49:47] [INFO] 服务器信息保存成功 | 数据: {"id":"458"}
[2025-12-10 17:49:48] [INFO] 服务器信息保存成功 | 数据: {"id":"459"}
[2025-12-10 17:49:48] [INFO] 服务器信息保存成功 | 数据: {"id":"460"}
[2025-12-10 17:49:49] [INFO] 服务器信息保存成功 | 数据: {"id":"461"}
[2025-12-10 17:49:49] [INFO] 服务器信息保存成功 | 数据: {"id":"462"}
[2025-12-10 17:49:50] [ERROR] 数据重复: 服务器IP/端口/用户名组合已存在 | 数据: {"server_ip":"192.168.206.210","port":3389,"username":"administrator"}
[2025-12-10 17:49:50] [ERROR] 服务器信息保存失败: 该服务器的账号已存在，请检查是否重复录入 | 数据: {"errorCode":"DUPLICATE_ERROR"}
[2025-12-10 17:49:50] [ERROR] 数据重复: 服务器IP/端口/用户名组合已存在 | 数据: {"server_ip":"192.168.206.221","port":3389,"username":"administrator"}
[2025-12-10 17:49:50] [ERROR] 服务器信息保存失败: 该服务器的账号已存在，请检查是否重复录入 | 数据: {"errorCode":"DUPLICATE_ERROR"}
[2025-12-10 17:49:50] [ERROR] 数据重复: 服务器IP/端口/用户名组合已存在 | 数据: {"server_ip":"192.168.201.142","port":3389,"username":"administrator"}
[2025-12-10 17:49:50] [ERROR] 服务器信息保存失败: 该服务器的账号已存在，请检查是否重复录入 | 数据: {"errorCode":"DUPLICATE_ERROR"}
[2025-12-10 17:49:51] [ERROR] 数据重复: 服务器IP/端口/用户名组合已存在 | 数据: {"server_ip":"192.168.201.153","port":3389,"username":"administrator"}
[2025-12-10 17:49:51] [ERROR] 服务器信息保存失败: 该服务器的账号已存在，请检查是否重复录入 | 数据: {"errorCode":"DUPLICATE_ERROR"}
[2025-12-10 17:49:51] [ERROR] 数据重复: 服务器IP/端口/用户名组合已存在 | 数据: {"server_ip":"192.168.206.122","port":3389,"username":"administrator"}
[2025-12-10 17:49:51] [ERROR] 服务器信息保存失败: 该服务器的账号已存在，请检查是否重复录入 | 数据: {"errorCode":"DUPLICATE_ERROR"}
[2025-12-10 17:49:51] [ERROR] 数据重复: 服务器IP/端口/用户名组合已存在 | 数据: {"server_ip":"192.168.201.242","port":3389,"username":"xc"}
[2025-12-10 17:49:51] [ERROR] 服务器信息保存失败: 该服务器的账号已存在，请检查是否重复录入 | 数据: {"errorCode":"DUPLICATE_ERROR"}
[2025-12-10 17:49:52] [ERROR] 数据重复: 服务器IP/端口/用户名组合已存在 | 数据: {"server_ip":"192.168.206.75","port":3389,"username":"layyxdbs"}
[2025-12-10 17:49:52] [ERROR] 服务器信息保存失败: 该服务器的账号已存在，请检查是否重复录入 | 数据: {"errorCode":"DUPLICATE_ERROR"}
[2025-12-10 17:49:52] [ERROR] 数据重复: 服务器IP/端口/用户名组合已存在 | 数据: {"server_ip":"192.168.206.135","port":3389,"username":"administrator"}
[2025-12-10 17:49:52] [ERROR] 服务器信息保存失败: 该服务器的账号已存在，请检查是否重复录入 | 数据: {"errorCode":"DUPLICATE_ERROR"}
[2025-12-10 17:49:52] [ERROR] 数据重复: 服务器IP/端口/用户名组合已存在 | 数据: {"server_ip":"192.168.206.78","port":3389,"username":"administrator"}
[2025-12-10 17:49:52] [ERROR] 服务器信息保存失败: 该服务器的账号已存在，请检查是否重复录入 | 数据: {"errorCode":"DUPLICATE_ERROR"}
[2025-12-10 17:49:52] [ERROR] 数据重复: 服务器IP/端口/用户名组合已存在 | 数据: {"server_ip":"192.168.206.100","port":3389,"username":"administrator"}
[2025-12-10 17:49:52] [ERROR] 服务器信息保存失败: 该服务器的账号已存在，请检查是否重复录入 | 数据: {"errorCode":"DUPLICATE_ERROR"}
[2025-12-10 17:49:53] [ERROR] 数据重复: 服务器IP/端口/用户名组合已存在 | 数据: {"server_ip":"192.168.206.104","port":3389,"username":"administrator"}
[2025-12-10 17:49:53] [ERROR] 服务器信息保存失败: 该服务器的账号已存在，请检查是否重复录入 | 数据: {"errorCode":"DUPLICATE_ERROR"}
[2025-12-10 17:49:53] [ERROR] 数据重复: 服务器IP/端口/用户名组合已存在 | 数据: {"server_ip":"192.168.206.47","port":3389,"username":"administrator"}
[2025-12-10 17:49:53] [ERROR] 服务器信息保存失败: 该服务器的账号已存在，请检查是否重复录入 | 数据: {"errorCode":"DUPLICATE_ERROR"}
[2025-12-10 17:49:53] [ERROR] 数据重复: 服务器IP/端口/用户名组合已存在 | 数据: {"server_ip":"192.168.206.137","port":3389,"username":"administrator"}
[2025-12-10 17:49:53] [ERROR] 服务器信息保存失败: 该服务器的账号已存在，请检查是否重复录入 | 数据: {"errorCode":"DUPLICATE_ERROR"}
[2025-12-10 17:49:54] [ERROR] 数据重复: 服务器IP/端口/用户名组合已存在 | 数据: {"server_ip":"192.168.206.138","port":3389,"username":"administrator"}
[2025-12-10 17:49:54] [ERROR] 服务器信息保存失败: 该服务器的账号已存在，请检查是否重复录入 | 数据: {"errorCode":"DUPLICATE_ERROR"}
[2025-12-10 17:49:54] [ERROR] 数据重复: 服务器IP/端口/用户名组合已存在 | 数据: {"server_ip":"192.168.206.139","port":3389,"username":"administrator"}
[2025-12-10 17:49:54] [ERROR] 服务器信息保存失败: 该服务器的账号已存在，请检查是否重复录入 | 数据: {"errorCode":"DUPLICATE_ERROR"}
[2025-12-10 17:49:54] [ERROR] 数据重复: 服务器IP/端口/用户名组合已存在 | 数据: {"server_ip":"192.168.206.140","port":3389,"username":"administrator"}
[2025-12-10 17:49:54] [ERROR] 服务器信息保存失败: 该服务器的账号已存在，请检查是否重复录入 | 数据: {"errorCode":"DUPLICATE_ERROR"}
[2025-12-10 17:49:55] [ERROR] 数据重复: 服务器IP/端口/用户名组合已存在 | 数据: {"server_ip":"192.168.206.159","port":3389,"username":"administrator"}
[2025-12-10 17:49:55] [ERROR] 服务器信息保存失败: 该服务器的账号已存在，请检查是否重复录入 | 数据: {"errorCode":"DUPLICATE_ERROR"}
[2025-12-10 17:49:55] [ERROR] 数据重复: 服务器IP/端口/用户名组合已存在 | 数据: {"server_ip":"192.168.206.154","port":3389,"username":"administrator"}
[2025-12-10 17:49:55] [ERROR] 服务器信息保存失败: 该服务器的账号已存在，请检查是否重复录入 | 数据: {"errorCode":"DUPLICATE_ERROR"}
[2025-12-10 17:49:56] [ERROR] 数据重复: 服务器IP/端口/用户名组合已存在 | 数据: {"server_ip":"172.168.1.168","port":22,"username":"null"}
[2025-12-10 17:49:56] [ERROR] 服务器信息保存失败: 该服务器的账号已存在，请检查是否重复录入 | 数据: {"errorCode":"DUPLICATE_ERROR"}
[2025-12-10 17:49:56] [ERROR] 数据重复: 服务器IP/端口/用户名组合已存在 | 数据: {"server_ip":"192.168.201.58","port":22,"username":"root"}
[2025-12-10 17:49:56] [ERROR] 服务器信息保存失败: 该服务器的账号已存在，请检查是否重复录入 | 数据: {"errorCode":"DUPLICATE_ERROR"}
[2025-12-10 17:49:56] [ERROR] 数据重复: 服务器IP/端口/用户名组合已存在 | 数据: {"server_ip":"192.168.206.250","port":22,"username":"root"}
[2025-12-10 17:49:56] [ERROR] 服务器信息保存失败: 该服务器的账号已存在，请检查是否重复录入 | 数据: {"errorCode":"DUPLICATE_ERROR"}
[2025-12-10 17:49:56] [ERROR] 数据重复: 服务器IP/端口/用户名组合已存在 | 数据: {"server_ip":"192.168.206.251","port":22,"username":"root"}
[2025-12-10 17:49:56] [ERROR] 服务器信息保存失败: 该服务器的账号已存在，请检查是否重复录入 | 数据: {"errorCode":"DUPLICATE_ERROR"}
[2025-12-10 17:49:57] [ERROR] 数据重复: 服务器IP/端口/用户名组合已存在 | 数据: {"server_ip":"192.168.206.169","port":22,"username":"root"}
[2025-12-10 17:49:57] [ERROR] 服务器信息保存失败: 该服务器的账号已存在，请检查是否重复录入 | 数据: {"errorCode":"DUPLICATE_ERROR"}
[2025-12-10 17:49:57] [ERROR] 数据重复: 服务器IP/端口/用户名组合已存在 | 数据: {"server_ip":"19.168.201.42","port":22,"username":"root"}
[2025-12-10 17:49:57] [ERROR] 服务器信息保存失败: 该服务器的账号已存在，请检查是否重复录入 | 数据: {"errorCode":"DUPLICATE_ERROR"}
[2025-12-10 17:49:57] [ERROR] 数据重复: 服务器IP/端口/用户名组合已存在 | 数据: {"server_ip":"192.168.206.115","port":22,"username":"root"}
[2025-12-10 17:49:57] [ERROR] 服务器信息保存失败: 该服务器的账号已存在，请检查是否重复录入 | 数据: {"errorCode":"DUPLICATE_ERROR"}
[2025-12-10 17:49:58] [ERROR] 数据重复: 服务器IP/端口/用户名组合已存在 | 数据: {"server_ip":"192.168.10.40","port":3389,"username":"administrator"}
[2025-12-10 17:49:58] [ERROR] 服务器信息保存失败: 该服务器的账号已存在，请检查是否重复录入 | 数据: {"errorCode":"DUPLICATE_ERROR"}
[2025-12-10 17:49:58] [ERROR] 数据重复: 服务器IP/端口/用户名组合已存在 | 数据: {"server_ip":"192.168.10.101","port":3389,"username":"administrator"}
[2025-12-10 17:49:58] [ERROR] 服务器信息保存失败: 该服务器的账号已存在，请检查是否重复录入 | 数据: {"errorCode":"DUPLICATE_ERROR"}
[2025-12-10 17:49:58] [ERROR] 数据重复: 服务器IP/端口/用户名组合已存在 | 数据: {"server_ip":"192.168.10.42","port":3389,"username":"Administrator"}
[2025-12-10 17:49:58] [ERROR] 服务器信息保存失败: 该服务器的账号已存在，请检查是否重复录入 | 数据: {"errorCode":"DUPLICATE_ERROR"}
[2025-12-10 17:49:58] [ERROR] 数据重复: 服务器IP/端口/用户名组合已存在 | 数据: {"server_ip":"192.168.10.21","port":3389,"username":"Administrator"}
[2025-12-10 17:49:58] [ERROR] 服务器信息保存失败: 该服务器的账号已存在，请检查是否重复录入 | 数据: {"errorCode":"DUPLICATE_ERROR"}
[2025-12-10 17:49:59] [ERROR] 数据重复: 服务器IP/端口/用户名组合已存在 | 数据: {"server_ip":"192.168.10.27","port":3389,"username":"Administrator"}
[2025-12-10 17:49:59] [ERROR] 服务器信息保存失败: 该服务器的账号已存在，请检查是否重复录入 | 数据: {"errorCode":"DUPLICATE_ERROR"}
[2025-12-10 17:49:59] [ERROR] 数据重复: 服务器IP/端口/用户名组合已存在 | 数据: {"server_ip":"172.27.1.168","port":3389,"username":"administrator"}
[2025-12-10 17:49:59] [ERROR] 服务器信息保存失败: 该服务器的账号已存在，请检查是否重复录入 | 数据: {"errorCode":"DUPLICATE_ERROR"}
[2025-12-10 17:49:59] [ERROR] 数据重复: 服务器IP/端口/用户名组合已存在 | 数据: {"server_ip":"172.27.1.11","port":3389,"username":"administrator"}
[2025-12-10 17:49:59] [ERROR] 服务器信息保存失败: 该服务器的账号已存在，请检查是否重复录入 | 数据: {"errorCode":"DUPLICATE_ERROR"}
[2025-12-10 17:50:00] [ERROR] 数据重复: 服务器IP/端口/用户名组合已存在 | 数据: {"server_ip":"172.27.1.14","port":3389,"username":"administrator"}
[2025-12-10 17:50:00] [ERROR] 服务器信息保存失败: 该服务器的账号已存在，请检查是否重复录入 | 数据: {"errorCode":"DUPLICATE_ERROR"}
[2025-12-10 17:50:00] [ERROR] 数据重复: 服务器IP/端口/用户名组合已存在 | 数据: {"server_ip":"172.27.1.21","port":3389,"username":"administrator"}
[2025-12-10 17:50:00] [ERROR] 服务器信息保存失败: 该服务器的账号已存在，请检查是否重复录入 | 数据: {"errorCode":"DUPLICATE_ERROR"}
[2025-12-10 17:50:00] [ERROR] 数据重复: 服务器IP/端口/用户名组合已存在 | 数据: {"server_ip":"172.27.1.22","port":3389,"username":"administrator"}
[2025-12-10 17:50:00] [ERROR] 服务器信息保存失败: 该服务器的账号已存在，请检查是否重复录入 | 数据: {"errorCode":"DUPLICATE_ERROR"}
[2025-12-10 17:50:01] [ERROR] 数据重复: 服务器IP/端口/用户名组合已存在 | 数据: {"server_ip":"172.27.1.23","port":3389,"username":"administrator"}
[2025-12-10 17:50:01] [ERROR] 服务器信息保存失败: 该服务器的账号已存在，请检查是否重复录入 | 数据: {"errorCode":"DUPLICATE_ERROR"}
[2025-12-10 17:50:01] [ERROR] 数据重复: 服务器IP/端口/用户名组合已存在 | 数据: {"server_ip":"172.27.1.25","port":3389,"username":"administrator"}
[2025-12-10 17:50:01] [ERROR] 服务器信息保存失败: 该服务器的账号已存在，请检查是否重复录入 | 数据: {"errorCode":"DUPLICATE_ERROR"}
[2025-12-10 17:50:01] [ERROR] 数据重复: 服务器IP/端口/用户名组合已存在 | 数据: {"server_ip":"172.27.1.32","port":3389,"username":"administrator"}
[2025-12-10 17:50:01] [ERROR] 服务器信息保存失败: 该服务器的账号已存在，请检查是否重复录入 | 数据: {"errorCode":"DUPLICATE_ERROR"}
[2025-12-10 17:50:01] [ERROR] 数据重复: 服务器IP/端口/用户名组合已存在 | 数据: {"server_ip":"172.27.1.33","port":3389,"username":"administrator"}
[2025-12-10 17:50:01] [ERROR] 服务器信息保存失败: 该服务器的账号已存在，请检查是否重复录入 | 数据: {"errorCode":"DUPLICATE_ERROR"}
[2025-12-10 17:50:02] [ERROR] 数据重复: 服务器IP/端口/用户名组合已存在 | 数据: {"server_ip":"172.27.1.34","port":3389,"username":"administrator"}
[2025-12-10 17:50:02] [ERROR] 服务器信息保存失败: 该服务器的账号已存在，请检查是否重复录入 | 数据: {"errorCode":"DUPLICATE_ERROR"}
[2025-12-10 17:50:02] [ERROR] 数据重复: 服务器IP/端口/用户名组合已存在 | 数据: {"server_ip":"172.27.1.35","port":3389,"username":"administrator"}
[2025-12-10 17:50:02] [ERROR] 服务器信息保存失败: 该服务器的账号已存在，请检查是否重复录入 | 数据: {"errorCode":"DUPLICATE_ERROR"}
[2025-12-10 17:50:02] [ERROR] 数据重复: 服务器IP/端口/用户名组合已存在 | 数据: {"server_ip":"172.27.1.36","port":3389,"username":"LAyywbb"}
[2025-12-10 17:50:02] [ERROR] 服务器信息保存失败: 该服务器的账号已存在，请检查是否重复录入 | 数据: {"errorCode":"DUPLICATE_ERROR"}
[2025-12-10 17:50:03] [ERROR] 数据重复: 服务器IP/端口/用户名组合已存在 | 数据: {"server_ip":"172.27.1.39","port":3389,"username":"administrator"}
[2025-12-10 17:50:03] [ERROR] 服务器信息保存失败: 该服务器的账号已存在，请检查是否重复录入 | 数据: {"errorCode":"DUPLICATE_ERROR"}
[2025-12-10 17:50:03] [ERROR] 数据重复: 服务器IP/端口/用户名组合已存在 | 数据: {"server_ip":"172.27.1.44","port":3389,"username":"administrator"}
[2025-12-10 17:50:03] [ERROR] 服务器信息保存失败: 该服务器的账号已存在，请检查是否重复录入 | 数据: {"errorCode":"DUPLICATE_ERROR"}
[2025-12-10 17:50:03] [ERROR] 数据重复: 服务器IP/端口/用户名组合已存在 | 数据: {"server_ip":"172.27.1.46","port":3389,"username":"administrator"}
[2025-12-10 17:50:03] [ERROR] 服务器信息保存失败: 该服务器的账号已存在，请检查是否重复录入 | 数据: {"errorCode":"DUPLICATE_ERROR"}
[2025-12-10 17:50:04] [ERROR] 数据重复: 服务器IP/端口/用户名组合已存在 | 数据: {"server_ip":"172.27.1.47","port":3389,"username":"administrator"}
[2025-12-10 17:50:04] [ERROR] 服务器信息保存失败: 该服务器的账号已存在，请检查是否重复录入 | 数据: {"errorCode":"DUPLICATE_ERROR"}
[2025-12-10 17:50:04] [ERROR] 数据重复: 服务器IP/端口/用户名组合已存在 | 数据: {"server_ip":"172.27.1.52","port":3389,"username":"administrator"}
[2025-12-10 17:50:04] [ERROR] 服务器信息保存失败: 该服务器的账号已存在，请检查是否重复录入 | 数据: {"errorCode":"DUPLICATE_ERROR"}
[2025-12-10 17:50:04] [ERROR] 数据重复: 服务器IP/端口/用户名组合已存在 | 数据: {"server_ip":"172.27.1.54","port":3389,"username":"Administrator"}
[2025-12-10 17:50:04] [ERROR] 服务器信息保存失败: 该服务器的账号已存在，请检查是否重复录入 | 数据: {"errorCode":"DUPLICATE_ERROR"}
[2025-12-10 17:50:04] [ERROR] 数据重复: 服务器IP/端口/用户名组合已存在 | 数据: {"server_ip":"172.27.1.12","port":22,"username":"root"}
[2025-12-10 17:50:04] [ERROR] 服务器信息保存失败: 该服务器的账号已存在，请检查是否重复录入 | 数据: {"errorCode":"DUPLICATE_ERROR"}
[2025-12-10 17:50:05] [ERROR] 数据重复: 服务器IP/端口/用户名组合已存在 | 数据: {"server_ip":"172.27.1.13","port":22,"username":"root"}
[2025-12-10 17:50:05] [ERROR] 服务器信息保存失败: 该服务器的账号已存在，请检查是否重复录入 | 数据: {"errorCode":"DUPLICATE_ERROR"}
[2025-12-10 17:50:05] [ERROR] 数据重复: 服务器IP/端口/用户名组合已存在 | 数据: {"server_ip":"172.27.1.15","port":22,"username":"root"}
[2025-12-10 17:50:05] [ERROR] 服务器信息保存失败: 该服务器的账号已存在，请检查是否重复录入 | 数据: {"errorCode":"DUPLICATE_ERROR"}
[2025-12-10 17:50:05] [ERROR] 数据重复: 服务器IP/端口/用户名组合已存在 | 数据: {"server_ip":"172.27.1.16","port":22,"username":"\u2014\u2014"}
[2025-12-10 17:50:05] [ERROR] 服务器信息保存失败: 该服务器的账号已存在，请检查是否重复录入 | 数据: {"errorCode":"DUPLICATE_ERROR"}
[2025-12-10 17:50:06] [ERROR] 数据重复: 服务器IP/端口/用户名组合已存在 | 数据: {"server_ip":"172.27.1.24","port":22,"username":"root"}
[2025-12-10 17:50:06] [ERROR] 服务器信息保存失败: 该服务器的账号已存在，请检查是否重复录入 | 数据: {"errorCode":"DUPLICATE_ERROR"}
[2025-12-10 17:50:06] [ERROR] 数据重复: 服务器IP/端口/用户名组合已存在 | 数据: {"server_ip":"172.27.1.26","port":22,"username":"root"}
[2025-12-10 17:50:06] [ERROR] 服务器信息保存失败: 该服务器的账号已存在，请检查是否重复录入 | 数据: {"errorCode":"DUPLICATE_ERROR"}
[2025-12-10 17:50:06] [ERROR] 数据重复: 服务器IP/端口/用户名组合已存在 | 数据: {"server_ip":"172.27.1.27","port":22,"username":"root"}
[2025-12-10 17:50:06] [ERROR] 服务器信息保存失败: 该服务器的账号已存在，请检查是否重复录入 | 数据: {"errorCode":"DUPLICATE_ERROR"}
[2025-12-10 17:50:06] [ERROR] 数据重复: 服务器IP/端口/用户名组合已存在 | 数据: {"server_ip":"172.27.1.28","port":22,"username":"root"}
[2025-12-10 17:50:06] [ERROR] 服务器信息保存失败: 该服务器的账号已存在，请检查是否重复录入 | 数据: {"errorCode":"DUPLICATE_ERROR"}
[2025-12-10 17:50:07] [ERROR] 数据重复: 服务器IP/端口/用户名组合已存在 | 数据: {"server_ip":"172.27.1.29","port":22,"username":"root"}
[2025-12-10 17:50:07] [ERROR] 服务器信息保存失败: 该服务器的账号已存在，请检查是否重复录入 | 数据: {"errorCode":"DUPLICATE_ERROR"}
[2025-12-10 17:50:07] [ERROR] 数据重复: 服务器IP/端口/用户名组合已存在 | 数据: {"server_ip":"172.27.1.40","port":22,"username":"root"}
[2025-12-10 17:50:07] [ERROR] 服务器信息保存失败: 该服务器的账号已存在，请检查是否重复录入 | 数据: {"errorCode":"DUPLICATE_ERROR"}
[2025-12-10 17:50:08] [ERROR] 数据重复: 服务器IP/端口/用户名组合已存在 | 数据: {"server_ip":"172.27.1.43","port":22,"username":"root"}
[2025-12-10 17:50:08] [ERROR] 服务器信息保存失败: 该服务器的账号已存在，请检查是否重复录入 | 数据: {"errorCode":"DUPLICATE_ERROR"}
[2025-12-10 17:50:08] [ERROR] 数据重复: 服务器IP/端口/用户名组合已存在 | 数据: {"server_ip":"172.27.1.45","port":22,"username":"root"}
[2025-12-10 17:50:08] [ERROR] 服务器信息保存失败: 该服务器的账号已存在，请检查是否重复录入 | 数据: {"errorCode":"DUPLICATE_ERROR"}
[2025-12-10 17:50:08] [ERROR] 数据重复: 服务器IP/端口/用户名组合已存在 | 数据: {"server_ip":"172.27.1.49","port":22,"username":"root"}
[2025-12-10 17:50:08] [ERROR] 服务器信息保存失败: 该服务器的账号已存在，请检查是否重复录入 | 数据: {"errorCode":"DUPLICATE_ERROR"}
[2025-12-10 17:50:09] [ERROR] 数据重复: 服务器IP/端口/用户名组合已存在 | 数据: {"server_ip":"172.27.1.53","port":22,"username":"root"}
[2025-12-10 17:50:09] [ERROR] 服务器信息保存失败: 该服务器的账号已存在，请检查是否重复录入 | 数据: {"errorCode":"DUPLICATE_ERROR"}
[2025-12-10 18:45:18] [INFO] 服务器信息保存成功 | 数据: {"id":"525"}
[2025-12-10 19:07:55] [INFO] 服务器信息保存成功 | 数据: {"id":"1"}
[2025-12-10 19:07:55] [INFO] 服务器信息保存成功 | 数据: {"id":"2"}
[2025-12-10 19:07:55] [INFO] 服务器信息保存成功 | 数据: {"id":"3"}
[2025-12-10 19:07:55] [INFO] 服务器信息保存成功 | 数据: {"id":"4"}
[2025-12-10 19:07:55] [INFO] 服务器信息保存成功 | 数据: {"id":"5"}
[2025-12-10 19:07:55] [INFO] 服务器信息保存成功 | 数据: {"id":"6"}
[2025-12-10 19:07:55] [INFO] 服务器信息保存成功 | 数据: {"id":"7"}
[2025-12-10 19:07:55] [INFO] 服务器信息保存成功 | 数据: {"id":"8"}
[2025-12-10 19:07:55] [INFO] 服务器信息保存成功 | 数据: {"id":"9"}
[2025-12-10 19:07:55] [INFO] 服务器信息保存成功 | 数据: {"id":"10"}
[2025-12-10 19:07:55] [INFO] 服务器信息保存成功 | 数据: {"id":"11"}
[2025-12-10 19:07:55] [INFO] 服务器信息保存成功 | 数据: {"id":"12"}
[2025-12-10 19:07:55] [INFO] 服务器信息保存成功 | 数据: {"id":"13"}
[2025-12-10 19:07:55] [INFO] 服务器信息保存成功 | 数据: {"id":"14"}
[2025-12-10 19:07:55] [INFO] 服务器信息保存成功 | 数据: {"id":"15"}
[2025-12-10 19:07:55] [INFO] 服务器信息保存成功 | 数据: {"id":"16"}
[2025-12-10 19:07:55] [INFO] 服务器信息保存成功 | 数据: {"id":"17"}
[2025-12-10 19:07:56] [INFO] 服务器信息保存成功 | 数据: {"id":"18"}
[2025-12-10 19:07:56] [INFO] 服务器信息保存成功 | 数据: {"id":"19"}
[2025-12-10 19:07:56] [INFO] 服务器信息保存成功 | 数据: {"id":"20"}
[2025-12-10 19:07:56] [INFO] 服务器信息保存成功 | 数据: {"id":"21"}
[2025-12-10 19:07:56] [INFO] 服务器信息保存成功 | 数据: {"id":"22"}
[2025-12-10 19:07:56] [INFO] 服务器信息保存成功 | 数据: {"id":"23"}
[2025-12-10 19:07:56] [INFO] 服务器信息保存成功 | 数据: {"id":"24"}
[2025-12-10 19:07:56] [INFO] 服务器信息保存成功 | 数据: {"id":"25"}
[2025-12-10 19:07:56] [INFO] 服务器信息保存成功 | 数据: {"id":"26"}
[2025-12-10 19:07:56] [INFO] 服务器信息保存成功 | 数据: {"id":"27"}
[2025-12-10 19:07:56] [INFO] 服务器信息保存成功 | 数据: {"id":"28"}
[2025-12-10 19:07:56] [INFO] 服务器信息保存成功 | 数据: {"id":"29"}
[2025-12-10 19:07:56] [INFO] 服务器信息保存成功 | 数据: {"id":"30"}
[2025-12-10 19:07:56] [INFO] 服务器信息保存成功 | 数据: {"id":"31"}
[2025-12-10 19:07:56] [INFO] 服务器信息保存成功 | 数据: {"id":"32"}
[2025-12-10 19:07:56] [INFO] 服务器信息保存成功 | 数据: {"id":"33"}
[2025-12-10 19:07:56] [INFO] 服务器信息保存成功 | 数据: {"id":"34"}
[2025-12-10 19:07:56] [INFO] 服务器信息保存成功 | 数据: {"id":"35"}
[2025-12-10 19:07:56] [INFO] 服务器信息保存成功 | 数据: {"id":"36"}
[2025-12-10 19:07:56] [INFO] 服务器信息保存成功 | 数据: {"id":"37"}
[2025-12-10 19:07:56] [INFO] 服务器信息保存成功 | 数据: {"id":"38"}
[2025-12-10 19:07:56] [INFO] 服务器信息保存成功 | 数据: {"id":"39"}
[2025-12-10 19:07:56] [INFO] 服务器信息保存成功 | 数据: {"id":"40"}
[2025-12-10 19:07:56] [INFO] 服务器信息保存成功 | 数据: {"id":"41"}
[2025-12-10 19:07:56] [INFO] 服务器信息保存成功 | 数据: {"id":"42"}
[2025-12-10 19:07:56] [INFO] 服务器信息保存成功 | 数据: {"id":"43"}
[2025-12-10 19:07:56] [INFO] 服务器信息保存成功 | 数据: {"id":"44"}
[2025-12-10 19:07:56] [INFO] 服务器信息保存成功 | 数据: {"id":"45"}
[2025-12-10 19:07:56] [INFO] 服务器信息保存成功 | 数据: {"id":"46"}
[2025-12-10 19:07:56] [INFO] 服务器信息保存成功 | 数据: {"id":"47"}
[2025-12-10 19:07:56] [INFO] 服务器信息保存成功 | 数据: {"id":"48"}
[2025-12-10 19:07:56] [INFO] 服务器信息保存成功 | 数据: {"id":"49"}
[2025-12-10 19:07:56] [INFO] 服务器信息保存成功 | 数据: {"id":"50"}
[2025-12-10 19:07:56] [INFO] 服务器信息保存成功 | 数据: {"id":"51"}
[2025-12-10 19:07:57] [INFO] 服务器信息保存成功 | 数据: {"id":"52"}
[2025-12-10 19:07:57] [INFO] 服务器信息保存成功 | 数据: {"id":"53"}
[2025-12-10 19:07:57] [INFO] 服务器信息保存成功 | 数据: {"id":"54"}
[2025-12-10 19:07:57] [INFO] 服务器信息保存成功 | 数据: {"id":"55"}
[2025-12-10 19:07:57] [INFO] 服务器信息保存成功 | 数据: {"id":"56"}
[2025-12-10 19:07:57] [INFO] 服务器信息保存成功 | 数据: {"id":"57"}
[2025-12-10 19:07:57] [INFO] 服务器信息保存成功 | 数据: {"id":"58"}
[2025-12-10 19:07:57] [INFO] 服务器信息保存成功 | 数据: {"id":"59"}
[2025-12-10 19:07:57] [INFO] 服务器信息保存成功 | 数据: {"id":"60"}
[2025-12-10 19:07:57] [INFO] 服务器信息保存成功 | 数据: {"id":"61"}
[2025-12-10 19:07:57] [INFO] 服务器信息保存成功 | 数据: {"id":"62"}
[2025-12-10 19:07:57] [INFO] 服务器信息保存成功 | 数据: {"id":"63"}
[2025-12-10 19:07:57] [INFO] 服务器信息保存成功 | 数据: {"id":"64"}
[2025-12-10 19:07:57] [INFO] 服务器信息保存成功 | 数据: {"id":"65"}
[2025-12-10 19:07:57] [INFO] 服务器信息保存成功 | 数据: {"id":"66"}
[2025-12-10 19:07:57] [INFO] 服务器信息保存成功 | 数据: {"id":"67"}
[2025-12-10 19:07:57] [INFO] 服务器信息保存成功 | 数据: {"id":"68"}
[2025-12-10 19:07:57] [INFO] 服务器信息保存成功 | 数据: {"id":"69"}
[2025-12-10 19:07:57] [INFO] 服务器信息保存成功 | 数据: {"id":"70"}
[2025-12-10 19:07:57] [INFO] 服务器信息保存成功 | 数据: {"id":"71"}
[2025-12-10 19:07:57] [INFO] 服务器信息保存成功 | 数据: {"id":"72"}
[2025-12-10 19:07:57] [INFO] 服务器信息保存成功 | 数据: {"id":"73"}
[2025-12-10 19:07:57] [INFO] 服务器信息保存成功 | 数据: {"id":"74"}
[2025-12-10 19:07:57] [INFO] 服务器信息保存成功 | 数据: {"id":"75"}
[2025-12-10 19:07:57] [INFO] 服务器信息保存成功 | 数据: {"id":"76"}
[2025-12-10 19:07:57] [INFO] 服务器信息保存成功 | 数据: {"id":"77"}
[2025-12-10 19:07:57] [INFO] 服务器信息保存成功 | 数据: {"id":"78"}
[2025-12-10 19:07:57] [INFO] 服务器信息保存成功 | 数据: {"id":"79"}
[2025-12-10 19:07:57] [INFO] 服务器信息保存成功 | 数据: {"id":"80"}
[2025-12-10 19:07:57] [INFO] 服务器信息保存成功 | 数据: {"id":"81"}
[2025-12-10 19:07:57] [INFO] 服务器信息保存成功 | 数据: {"id":"82"}
[2025-12-10 19:07:57] [INFO] 服务器信息保存成功 | 数据: {"id":"83"}
[2025-12-10 19:07:57] [INFO] 服务器信息保存成功 | 数据: {"id":"84"}
[2025-12-10 19:07:57] [INFO] 服务器信息保存成功 | 数据: {"id":"85"}
[2025-12-10 19:07:57] [INFO] 服务器信息保存成功 | 数据: {"id":"86"}
[2025-12-10 19:07:57] [INFO] 服务器信息保存成功 | 数据: {"id":"87"}
[2025-12-10 19:07:58] [INFO] 服务器信息保存成功 | 数据: {"id":"88"}
[2025-12-10 19:07:58] [INFO] 服务器信息保存成功 | 数据: {"id":"89"}
[2025-12-10 19:07:58] [INFO] 服务器信息保存成功 | 数据: {"id":"90"}
[2025-12-10 19:07:58] [INFO] 服务器信息保存成功 | 数据: {"id":"91"}
[2025-12-10 19:07:58] [INFO] 服务器信息保存成功 | 数据: {"id":"92"}
[2025-12-10 19:07:58] [INFO] 服务器信息保存成功 | 数据: {"id":"93"}
[2025-12-10 19:07:58] [INFO] 服务器信息保存成功 | 数据: {"id":"94"}
[2025-12-10 19:07:58] [INFO] 服务器信息保存成功 | 数据: {"id":"95"}
[2025-12-10 19:07:58] [INFO] 服务器信息保存成功 | 数据: {"id":"96"}
[2025-12-10 19:07:58] [INFO] 服务器信息保存成功 | 数据: {"id":"97"}
[2025-12-10 19:07:58] [INFO] 服务器信息保存成功 | 数据: {"id":"98"}
[2025-12-10 19:07:58] [INFO] 服务器信息保存成功 | 数据: {"id":"99"}
[2025-12-10 19:07:58] [INFO] 服务器信息保存成功 | 数据: {"id":"100"}
[2025-12-10 19:07:58] [INFO] 服务器信息保存成功 | 数据: {"id":"101"}
[2025-12-10 19:07:58] [INFO] 服务器信息保存成功 | 数据: {"id":"102"}
[2025-12-10 19:07:58] [INFO] 服务器信息保存成功 | 数据: {"id":"103"}
[2025-12-10 19:07:58] [INFO] 服务器信息保存成功 | 数据: {"id":"104"}
[2025-12-10 19:07:58] [INFO] 服务器信息保存成功 | 数据: {"id":"105"}
[2025-12-10 19:07:58] [INFO] 服务器信息保存成功 | 数据: {"id":"106"}
[2025-12-10 19:07:58] [INFO] 服务器信息保存成功 | 数据: {"id":"107"}
[2025-12-10 19:07:58] [INFO] 服务器信息保存成功 | 数据: {"id":"108"}
[2025-12-10 19:07:58] [INFO] 服务器信息保存成功 | 数据: {"id":"109"}
[2025-12-10 19:07:58] [INFO] 服务器信息保存成功 | 数据: {"id":"110"}
[2025-12-10 19:07:58] [INFO] 服务器信息保存成功 | 数据: {"id":"111"}
[2025-12-10 19:07:58] [INFO] 服务器信息保存成功 | 数据: {"id":"112"}
[2025-12-10 19:07:58] [INFO] 服务器信息保存成功 | 数据: {"id":"113"}
[2025-12-10 19:07:58] [INFO] 服务器信息保存成功 | 数据: {"id":"114"}
[2025-12-10 19:07:58] [INFO] 服务器信息保存成功 | 数据: {"id":"115"}
[2025-12-10 19:07:58] [INFO] 服务器信息保存成功 | 数据: {"id":"116"}
[2025-12-10 19:07:58] [INFO] 服务器信息保存成功 | 数据: {"id":"117"}
[2025-12-10 19:07:58] [INFO] 服务器信息保存成功 | 数据: {"id":"118"}
[2025-12-10 19:07:58] [INFO] 服务器信息保存成功 | 数据: {"id":"119"}
[2025-12-10 19:07:58] [INFO] 服务器信息保存成功 | 数据: {"id":"120"}
[2025-12-10 19:07:58] [INFO] 服务器信息保存成功 | 数据: {"id":"121"}
[2025-12-10 19:07:59] [INFO] 服务器信息保存成功 | 数据: {"id":"122"}
[2025-12-10 19:07:59] [INFO] 服务器信息保存成功 | 数据: {"id":"123"}
[2025-12-10 19:07:59] [INFO] 服务器信息保存成功 | 数据: {"id":"124"}
[2025-12-10 19:07:59] [INFO] 服务器信息保存成功 | 数据: {"id":"125"}
[2025-12-10 19:07:59] [INFO] 服务器信息保存成功 | 数据: {"id":"126"}
[2025-12-10 19:07:59] [INFO] 服务器信息保存成功 | 数据: {"id":"127"}
[2025-12-10 19:07:59] [INFO] 服务器信息保存成功 | 数据: {"id":"128"}
[2025-12-10 19:07:59] [INFO] 服务器信息保存成功 | 数据: {"id":"129"}
[2025-12-10 19:07:59] [INFO] 服务器信息保存成功 | 数据: {"id":"130"}
[2025-12-10 19:07:59] [INFO] 服务器信息保存成功 | 数据: {"id":"131"}
[2025-12-10 19:07:59] [INFO] 服务器信息保存成功 | 数据: {"id":"132"}
[2025-12-10 19:07:59] [INFO] 服务器信息保存成功 | 数据: {"id":"133"}
[2025-12-10 19:07:59] [INFO] 服务器信息保存成功 | 数据: {"id":"134"}
[2025-12-10 19:07:59] [INFO] 服务器信息保存成功 | 数据: {"id":"135"}
[2025-12-10 19:07:59] [INFO] 服务器信息保存成功 | 数据: {"id":"136"}
[2025-12-10 19:07:59] [INFO] 服务器信息保存成功 | 数据: {"id":"137"}
[2025-12-10 19:07:59] [INFO] 服务器信息保存成功 | 数据: {"id":"138"}
[2025-12-10 19:07:59] [INFO] 服务器信息保存成功 | 数据: {"id":"139"}
[2025-12-10 19:07:59] [INFO] 服务器信息保存成功 | 数据: {"id":"140"}
[2025-12-10 19:07:59] [INFO] 服务器信息保存成功 | 数据: {"id":"141"}
[2025-12-10 19:07:59] [INFO] 服务器信息保存成功 | 数据: {"id":"142"}
[2025-12-10 19:07:59] [INFO] 服务器信息保存成功 | 数据: {"id":"143"}
[2025-12-10 19:07:59] [INFO] 服务器信息保存成功 | 数据: {"id":"144"}
[2025-12-10 19:07:59] [INFO] 服务器信息保存成功 | 数据: {"id":"145"}
[2025-12-10 19:07:59] [INFO] 服务器信息保存成功 | 数据: {"id":"146"}
[2025-12-10 19:07:59] [INFO] 服务器信息保存成功 | 数据: {"id":"147"}
[2025-12-10 19:07:59] [INFO] 服务器信息保存成功 | 数据: {"id":"148"}
[2025-12-10 19:07:59] [INFO] 服务器信息保存成功 | 数据: {"id":"149"}
[2025-12-10 19:07:59] [INFO] 服务器信息保存成功 | 数据: {"id":"150"}
[2025-12-10 19:07:59] [INFO] 服务器信息保存成功 | 数据: {"id":"151"}
[2025-12-10 19:08:00] [INFO] 服务器信息保存成功 | 数据: {"id":"152"}
[2025-12-10 19:08:00] [INFO] 服务器信息保存成功 | 数据: {"id":"153"}
[2025-12-10 19:08:00] [INFO] 服务器信息保存成功 | 数据: {"id":"154"}
[2025-12-10 19:08:00] [INFO] 服务器信息保存成功 | 数据: {"id":"155"}
[2025-12-10 19:08:00] [INFO] 服务器信息保存成功 | 数据: {"id":"156"}
[2025-12-10 19:08:00] [INFO] 服务器信息保存成功 | 数据: {"id":"157"}
[2025-12-10 19:08:00] [INFO] 服务器信息保存成功 | 数据: {"id":"158"}
[2025-12-10 19:08:00] [INFO] 服务器信息保存成功 | 数据: {"id":"159"}
[2025-12-10 19:08:00] [INFO] 服务器信息保存成功 | 数据: {"id":"160"}
[2025-12-10 19:08:00] [INFO] 服务器信息保存成功 | 数据: {"id":"161"}
[2025-12-10 19:08:00] [INFO] 服务器信息保存成功 | 数据: {"id":"162"}
[2025-12-10 19:08:00] [INFO] 服务器信息保存成功 | 数据: {"id":"163"}
[2025-12-10 19:08:00] [INFO] 服务器信息保存成功 | 数据: {"id":"164"}
[2025-12-10 19:08:00] [INFO] 服务器信息保存成功 | 数据: {"id":"165"}
[2025-12-10 19:08:00] [INFO] 服务器信息保存成功 | 数据: {"id":"166"}
[2025-12-10 19:08:00] [INFO] 服务器信息保存成功 | 数据: {"id":"167"}
[2025-12-10 19:08:00] [INFO] 服务器信息保存成功 | 数据: {"id":"168"}
[2025-12-10 19:08:00] [INFO] 服务器信息保存成功 | 数据: {"id":"169"}
[2025-12-10 19:08:00] [INFO] 服务器信息保存成功 | 数据: {"id":"170"}
[2025-12-10 19:08:00] [INFO] 服务器信息保存成功 | 数据: {"id":"171"}
[2025-12-10 19:08:00] [INFO] 服务器信息保存成功 | 数据: {"id":"172"}
[2025-12-10 19:08:00] [INFO] 服务器信息保存成功 | 数据: {"id":"173"}
[2025-12-10 19:08:00] [INFO] 服务器信息保存成功 | 数据: {"id":"174"}
[2025-12-10 19:08:00] [INFO] 服务器信息保存成功 | 数据: {"id":"175"}
[2025-12-10 19:08:00] [INFO] 服务器信息保存成功 | 数据: {"id":"176"}
[2025-12-10 19:08:00] [INFO] 服务器信息保存成功 | 数据: {"id":"177"}
[2025-12-10 19:08:00] [INFO] 服务器信息保存成功 | 数据: {"id":"178"}
[2025-12-10 19:08:01] [INFO] 服务器信息保存成功 | 数据: {"id":"179"}
[2025-12-10 19:08:01] [INFO] 服务器信息保存成功 | 数据: {"id":"180"}
[2025-12-10 19:08:01] [INFO] 服务器信息保存成功 | 数据: {"id":"181"}
[2025-12-10 19:08:01] [INFO] 服务器信息保存成功 | 数据: {"id":"182"}
[2025-12-10 19:08:01] [INFO] 服务器信息保存成功 | 数据: {"id":"183"}
[2025-12-10 19:08:01] [INFO] 服务器信息保存成功 | 数据: {"id":"184"}
[2025-12-10 19:08:01] [INFO] 服务器信息保存成功 | 数据: {"id":"185"}
[2025-12-10 19:08:01] [INFO] 服务器信息保存成功 | 数据: {"id":"186"}
[2025-12-10 19:08:01] [INFO] 服务器信息保存成功 | 数据: {"id":"187"}
[2025-12-10 19:08:01] [INFO] 服务器信息保存成功 | 数据: {"id":"188"}
[2025-12-10 19:08:01] [INFO] 服务器信息保存成功 | 数据: {"id":"189"}
[2025-12-10 19:08:01] [INFO] 服务器信息保存成功 | 数据: {"id":"190"}
[2025-12-10 19:08:01] [INFO] 服务器信息保存成功 | 数据: {"id":"191"}
[2025-12-10 19:08:01] [INFO] 服务器信息保存成功 | 数据: {"id":"192"}
[2025-12-10 19:08:01] [INFO] 服务器信息保存成功 | 数据: {"id":"193"}
[2025-12-10 19:08:01] [INFO] 服务器信息保存成功 | 数据: {"id":"194"}
[2025-12-10 19:08:01] [INFO] 服务器信息保存成功 | 数据: {"id":"195"}
[2025-12-10 19:08:01] [INFO] 服务器信息保存成功 | 数据: {"id":"196"}
[2025-12-10 19:08:01] [INFO] 服务器信息保存成功 | 数据: {"id":"197"}
[2025-12-10 19:08:01] [INFO] 服务器信息保存成功 | 数据: {"id":"198"}
[2025-12-10 19:08:01] [INFO] 服务器信息保存成功 | 数据: {"id":"199"}
[2025-12-10 19:08:01] [INFO] 服务器信息保存成功 | 数据: {"id":"200"}
[2025-12-10 19:08:01] [INFO] 服务器信息保存成功 | 数据: {"id":"201"}
[2025-12-10 19:08:01] [INFO] 服务器信息保存成功 | 数据: {"id":"202"}
[2025-12-10 19:08:01] [INFO] 服务器信息保存成功 | 数据: {"id":"203"}
[2025-12-10 19:08:01] [INFO] 服务器信息保存成功 | 数据: {"id":"204"}
[2025-12-10 19:08:01] [INFO] 服务器信息保存成功 | 数据: {"id":"205"}
[2025-12-10 19:08:01] [INFO] 服务器信息保存成功 | 数据: {"id":"206"}
[2025-12-10 19:08:01] [INFO] 服务器信息保存成功 | 数据: {"id":"207"}
[2025-12-10 19:08:01] [INFO] 服务器信息保存成功 | 数据: {"id":"208"}
[2025-12-10 19:08:01] [INFO] 服务器信息保存成功 | 数据: {"id":"209"}
[2025-12-10 19:08:01] [INFO] 服务器信息保存成功 | 数据: {"id":"210"}
[2025-12-10 19:08:01] [INFO] 服务器信息保存成功 | 数据: {"id":"211"}
[2025-12-10 19:08:01] [INFO] 服务器信息保存成功 | 数据: {"id":"212"}
[2025-12-10 19:08:01] [INFO] 服务器信息保存成功 | 数据: {"id":"213"}
[2025-12-10 19:08:01] [INFO] 服务器信息保存成功 | 数据: {"id":"214"}
[2025-12-10 19:08:02] [INFO] 服务器信息保存成功 | 数据: {"id":"215"}
[2025-12-10 19:08:02] [INFO] 服务器信息保存成功 | 数据: {"id":"216"}
[2025-12-10 19:08:02] [INFO] 服务器信息保存成功 | 数据: {"id":"217"}
[2025-12-10 19:08:02] [INFO] 服务器信息保存成功 | 数据: {"id":"218"}
[2025-12-10 19:08:02] [INFO] 服务器信息保存成功 | 数据: {"id":"219"}
[2025-12-10 19:08:02] [INFO] 服务器信息保存成功 | 数据: {"id":"220"}
[2025-12-10 19:08:02] [INFO] 服务器信息保存成功 | 数据: {"id":"221"}
[2025-12-10 19:08:02] [INFO] 服务器信息保存成功 | 数据: {"id":"222"}
[2025-12-10 19:08:02] [INFO] 服务器信息保存成功 | 数据: {"id":"223"}
[2025-12-10 19:08:02] [INFO] 服务器信息保存成功 | 数据: {"id":"224"}
[2025-12-10 19:08:02] [INFO] 服务器信息保存成功 | 数据: {"id":"225"}
[2025-12-10 19:08:02] [INFO] 服务器信息保存成功 | 数据: {"id":"226"}
[2025-12-10 19:08:02] [INFO] 服务器信息保存成功 | 数据: {"id":"227"}
[2025-12-10 19:08:02] [INFO] 服务器信息保存成功 | 数据: {"id":"228"}
[2025-12-10 19:08:02] [INFO] 服务器信息保存成功 | 数据: {"id":"229"}
[2025-12-10 19:08:02] [INFO] 服务器信息保存成功 | 数据: {"id":"230"}
[2025-12-10 19:08:02] [INFO] 服务器信息保存成功 | 数据: {"id":"231"}
[2025-12-10 19:08:02] [INFO] 服务器信息保存成功 | 数据: {"id":"232"}
[2025-12-10 19:08:02] [INFO] 服务器信息保存成功 | 数据: {"id":"233"}
[2025-12-10 19:08:02] [INFO] 服务器信息保存成功 | 数据: {"id":"234"}
[2025-12-10 19:08:02] [INFO] 服务器信息保存成功 | 数据: {"id":"235"}
[2025-12-10 19:08:02] [INFO] 服务器信息保存成功 | 数据: {"id":"236"}
[2025-12-10 19:08:02] [INFO] 服务器信息保存成功 | 数据: {"id":"237"}
[2025-12-10 19:08:02] [INFO] 服务器信息保存成功 | 数据: {"id":"238"}
[2025-12-10 19:08:02] [INFO] 服务器信息保存成功 | 数据: {"id":"239"}
[2025-12-10 19:08:02] [INFO] 服务器信息保存成功 | 数据: {"id":"240"}
[2025-12-10 19:08:02] [INFO] 服务器信息保存成功 | 数据: {"id":"241"}
[2025-12-10 19:08:02] [INFO] 服务器信息保存成功 | 数据: {"id":"242"}
[2025-12-10 19:08:02] [INFO] 服务器信息保存成功 | 数据: {"id":"243"}
[2025-12-10 19:08:02] [INFO] 服务器信息保存成功 | 数据: {"id":"244"}
[2025-12-10 19:08:03] [INFO] 服务器信息保存成功 | 数据: {"id":"245"}
[2025-12-10 19:08:03] [INFO] 服务器信息保存成功 | 数据: {"id":"246"}
[2025-12-10 19:08:03] [INFO] 服务器信息保存成功 | 数据: {"id":"247"}
[2025-12-10 19:08:03] [INFO] 服务器信息保存成功 | 数据: {"id":"248"}
[2025-12-10 19:08:03] [INFO] 服务器信息保存成功 | 数据: {"id":"249"}
[2025-12-10 19:08:03] [INFO] 服务器信息保存成功 | 数据: {"id":"250"}
[2025-12-10 19:08:03] [INFO] 服务器信息保存成功 | 数据: {"id":"251"}
[2025-12-10 19:08:03] [INFO] 服务器信息保存成功 | 数据: {"id":"252"}
[2025-12-10 19:08:03] [INFO] 服务器信息保存成功 | 数据: {"id":"253"}
[2025-12-10 19:08:03] [INFO] 服务器信息保存成功 | 数据: {"id":"254"}
[2025-12-10 19:08:03] [INFO] 服务器信息保存成功 | 数据: {"id":"255"}
[2025-12-10 19:08:03] [INFO] 服务器信息保存成功 | 数据: {"id":"256"}
[2025-12-10 19:08:03] [INFO] 服务器信息保存成功 | 数据: {"id":"257"}
[2025-12-10 19:08:03] [INFO] 服务器信息保存成功 | 数据: {"id":"258"}
[2025-12-10 19:08:03] [INFO] 服务器信息保存成功 | 数据: {"id":"259"}
[2025-12-10 19:08:03] [INFO] 服务器信息保存成功 | 数据: {"id":"260"}
[2025-12-10 19:08:03] [INFO] 服务器信息保存成功 | 数据: {"id":"261"}
[2025-12-10 19:08:03] [INFO] 服务器信息保存成功 | 数据: {"id":"262"}
[2025-12-15 16:52:55] [ERROR] 服务器信息保存失败: 无效的操作系统类型，必须是Windows或Linux | 数据: {"errorCode":"unknown"}
[2025-12-15 16:58:48] [ERROR] 服务器信息保存失败: 无效的操作系统类型，必须是Windows或Linux | 数据: {"errorCode":"unknown"}
[2025-12-15 17:12:02] [ERROR] 服务器信息保存失败: 无效的操作系统类型，必须是Windows或Linux | 数据: {"errorCode":"unknown"}
[2025-12-15 17:16:39] [ERROR] 服务器信息保存失败: 无效的操作系统类型，必须是Windows或Linux | 数据: {"errorCode":"unknown"}
[2025-12-15 17:21:18] [ERROR] 服务器信息保存失败: 无效的操作系统类型，必须是Windows或Linux | 数据: {"errorCode":"unknown"}
[2025-12-15 17:35:30] [ERROR] 服务器信息保存失败: 无效的操作系统类型，必须是Windows或Linux | 数据: {"errorCode":"unknown"}
[2025-12-15 17:38:50] [ERROR] 服务器信息保存失败: 无效的操作系统类型，必须是Windows或Linux | 数据: {"errorCode":"unknown"}
[2025-12-15 17:39:50] [ERROR] 服务器信息保存失败: 无效的操作系统类型，必须是Windows或Linux | 数据: {"errorCode":"unknown"}
[2025-12-15 18:00:36] [INFO] 服务器信息保存成功 | 数据: {"id":"263"}
[2025-12-15 19:02:44] [INFO] 服务器信息保存成功 | 数据: {"id":"264"}
[2025-12-15 19:04:38] [INFO] 服务器信息保存成功 | 数据: {"id":"265"}
[2025-12-15 19:08:25] [ERROR] 服务器信息保存失败: 无效的操作系统类型，必须是Windows或Linux | 数据: {"errorCode":"unknown"}
[2025-12-15 19:08:27] [ERROR] 服务器信息保存失败: 无效的操作系统类型，必须是Windows或Linux | 数据: {"errorCode":"unknown"}
[2025-12-15 19:09:26] [ERROR] 服务器信息保存失败: 无效的操作系统类型，必须是Windows或Linux | 数据: {"errorCode":"unknown"}
[2025-12-15 19:13:48] [ERROR] 服务器信息保存失败: 无效的操作系统类型，必须是Windows或Linux | 数据: {"errorCode":"unknown"}
[2025-12-15 19:13:49] [ERROR] 服务器信息保存失败: 无效的操作系统类型，必须是Windows或Linux | 数据: {"errorCode":"unknown"}
[2025-12-15 19:13:49] [ERROR] 服务器信息保存失败: 无效的操作系统类型，必须是Windows或Linux | 数据: {"errorCode":"unknown"}
[2025-12-15 19:13:49] [ERROR] 服务器信息保存失败: 无效的操作系统类型，必须是Windows或Linux | 数据: {"errorCode":"unknown"}
[2025-12-15 19:13:50] [ERROR] 服务器信息保存失败: 无效的操作系统类型，必须是Windows或Linux | 数据: {"errorCode":"unknown"}
[2025-12-15 19:14:26] [ERROR] 服务器信息保存失败: 无效的操作系统类型，必须是Windows或Linux | 数据: {"errorCode":"unknown"}
[2025-12-15 19:47:04] [ERROR] 服务器信息保存失败: 无效的操作系统类型，必须是Windows或Linux | 数据: {"errorCode":"unknown"}
[2025-12-15 19:48:27] [ERROR] 服务器信息保存失败: 无效的操作系统类型，必须是Windows或Linux | 数据: {"errorCode":"unknown"}
[2025-12-15 19:53:00] [INFO] 服务器信息保存成功 | 数据: {"id":"266"}
[2025-12-16 14:17:52] [INFO] 服务器信息保存成功 | 数据: {"id":"267"}
[2025-12-16 18:48:50] [INFO] 服务器信息保存成功 | 数据: {"id":"268"}
[2026-01-07 09:12:01] [INFO] 服务器信息保存成功 | 数据: {"id":"269"}
[2026-01-07 09:12:34] [INFO] 服务器信息保存成功 | 数据: {"id":"270"}
[2026-01-07 15:31:26] [ERROR] 服务器信息保存失败: 选择的宿主机集群不存在，请重新选择 | 数据: {"errorCode":"unknown"}
[2026-01-07 15:34:26] [INFO] 服务器信息保存成功 | 数据: {"id":"271"}
[2026-01-07 15:44:19] [INFO] 服务器信息保存成功 | 数据: {"id":"272"}
[2026-01-07 18:10:38] [INFO] 服务器信息保存成功 | 数据: {"id":"273"}
[2026-01-07 18:10:39] [INFO] 服务器信息保存成功 | 数据: {"id":"274"}
[2026-01-07 18:10:39] [INFO] 服务器信息保存成功 | 数据: {"id":"275"}
[2026-01-07 18:10:39] [INFO] 服务器信息保存成功 | 数据: {"id":"276"}
[2026-01-07 18:10:39] [INFO] 服务器信息保存成功 | 数据: {"id":"277"}
[2026-01-07 18:10:39] [INFO] 服务器信息保存成功 | 数据: {"id":"278"}
[2026-01-07 18:10:39] [INFO] 服务器信息保存成功 | 数据: {"id":"279"}
[2026-01-07 18:10:39] [INFO] 服务器信息保存成功 | 数据: {"id":"280"}
[2026-01-07 18:10:39] [INFO] 服务器信息保存成功 | 数据: {"id":"281"}
[2026-01-07 18:10:39] [INFO] 服务器信息保存成功 | 数据: {"id":"282"}
[2026-01-07 18:10:39] [INFO] 服务器信息保存成功 | 数据: {"id":"283"}
[2026-01-07 18:10:39] [INFO] 服务器信息保存成功 | 数据: {"id":"284"}
[2026-01-07 18:10:39] [INFO] 服务器信息保存成功 | 数据: {"id":"285"}
[2026-01-07 18:10:39] [INFO] 服务器信息保存成功 | 数据: {"id":"286"}
[2026-01-07 18:10:39] [INFO] 服务器信息保存成功 | 数据: {"id":"287"}
[2026-01-07 18:10:39] [INFO] 服务器信息保存成功 | 数据: {"id":"288"}
[2026-01-07 18:10:40] [INFO] 服务器信息保存成功 | 数据: {"id":"289"}
[2026-01-07 18:10:40] [INFO] 服务器信息保存成功 | 数据: {"id":"290"}
[2026-01-07 18:10:40] [INFO] 服务器信息保存成功 | 数据: {"id":"291"}
[2026-01-07 18:10:40] [INFO] 服务器信息保存成功 | 数据: {"id":"292"}
[2026-01-07 18:10:40] [INFO] 服务器信息保存成功 | 数据: {"id":"293"}
[2026-01-07 18:10:40] [INFO] 服务器信息保存成功 | 数据: {"id":"294"}
[2026-01-07 18:10:40] [INFO] 服务器信息保存成功 | 数据: {"id":"295"}
[2026-01-07 18:10:40] [INFO] 服务器信息保存成功 | 数据: {"id":"296"}
[2026-01-07 18:10:40] [INFO] 服务器信息保存成功 | 数据: {"id":"297"}
[2026-01-07 18:10:40] [INFO] 服务器信息保存成功 | 数据: {"id":"298"}
[2026-01-07 18:10:40] [INFO] 服务器信息保存成功 | 数据: {"id":"299"}
[2026-01-07 18:10:40] [INFO] 服务器信息保存成功 | 数据: {"id":"300"}
[2026-01-07 18:10:40] [INFO] 服务器信息保存成功 | 数据: {"id":"301"}
[2026-01-07 18:10:40] [INFO] 服务器信息保存成功 | 数据: {"id":"302"}
[2026-01-07 18:10:40] [INFO] 服务器信息保存成功 | 数据: {"id":"303"}
[2026-01-07 18:10:40] [INFO] 服务器信息保存成功 | 数据: {"id":"304"}
[2026-01-07 18:10:40] [INFO] 服务器信息保存成功 | 数据: {"id":"305"}
[2026-01-07 18:10:41] [INFO] 服务器信息保存成功 | 数据: {"id":"306"}
[2026-01-07 18:10:41] [INFO] 服务器信息保存成功 | 数据: {"id":"307"}
[2026-01-07 18:10:41] [INFO] 服务器信息保存成功 | 数据: {"id":"308"}
[2026-01-07 18:10:41] [INFO] 服务器信息保存成功 | 数据: {"id":"309"}
[2026-01-07 18:10:41] [INFO] 服务器信息保存成功 | 数据: {"id":"310"}
[2026-01-07 18:10:41] [INFO] 服务器信息保存成功 | 数据: {"id":"311"}
[2026-01-07 18:10:41] [INFO] 服务器信息保存成功 | 数据: {"id":"312"}
[2026-01-07 18:10:41] [INFO] 服务器信息保存成功 | 数据: {"id":"313"}
[2026-01-07 18:10:41] [INFO] 服务器信息保存成功 | 数据: {"id":"314"}
[2026-01-07 18:10:41] [INFO] 服务器信息保存成功 | 数据: {"id":"315"}
[2026-01-07 18:10:41] [INFO] 服务器信息保存成功 | 数据: {"id":"316"}
[2026-01-07 18:10:41] [INFO] 服务器信息保存成功 | 数据: {"id":"317"}
[2026-01-07 18:10:41] [INFO] 服务器信息保存成功 | 数据: {"id":"318"}
[2026-01-07 18:10:41] [INFO] 服务器信息保存成功 | 数据: {"id":"319"}
[2026-01-07 18:10:41] [INFO] 服务器信息保存成功 | 数据: {"id":"320"}
[2026-01-07 18:10:42] [INFO] 服务器信息保存成功 | 数据: {"id":"321"}
[2026-01-07 18:10:42] [INFO] 服务器信息保存成功 | 数据: {"id":"322"}
[2026-01-07 18:10:42] [INFO] 服务器信息保存成功 | 数据: {"id":"323"}
[2026-01-07 18:10:42] [INFO] 服务器信息保存成功 | 数据: {"id":"324"}
[2026-01-07 18:10:42] [INFO] 服务器信息保存成功 | 数据: {"id":"325"}
[2026-01-07 18:10:42] [INFO] 服务器信息保存成功 | 数据: {"id":"326"}
[2026-01-07 18:10:42] [INFO] 服务器信息保存成功 | 数据: {"id":"327"}
[2026-01-07 18:10:42] [INFO] 服务器信息保存成功 | 数据: {"id":"328"}
[2026-01-07 18:10:42] [INFO] 服务器信息保存成功 | 数据: {"id":"329"}
[2026-01-07 18:10:42] [INFO] 服务器信息保存成功 | 数据: {"id":"330"}
[2026-01-07 18:10:42] [INFO] 服务器信息保存成功 | 数据: {"id":"331"}
[2026-01-07 18:10:42] [INFO] 服务器信息保存成功 | 数据: {"id":"332"}
[2026-01-07 18:10:42] [INFO] 服务器信息保存成功 | 数据: {"id":"333"}
[2026-01-07 18:10:42] [INFO] 服务器信息保存成功 | 数据: {"id":"334"}
[2026-01-07 18:10:42] [INFO] 服务器信息保存成功 | 数据: {"id":"335"}
[2026-01-07 18:10:42] [INFO] 服务器信息保存成功 | 数据: {"id":"336"}
[2026-01-07 18:10:43] [INFO] 服务器信息保存成功 | 数据: {"id":"337"}
[2026-01-07 18:10:43] [INFO] 服务器信息保存成功 | 数据: {"id":"338"}
[2026-01-07 18:10:43] [INFO] 服务器信息保存成功 | 数据: {"id":"339"}
[2026-01-07 18:10:43] [INFO] 服务器信息保存成功 | 数据: {"id":"340"}
[2026-01-07 18:10:43] [INFO] 服务器信息保存成功 | 数据: {"id":"341"}
[2026-01-07 18:10:43] [INFO] 服务器信息保存成功 | 数据: {"id":"342"}
[2026-01-07 18:10:43] [INFO] 服务器信息保存成功 | 数据: {"id":"343"}
[2026-01-07 18:10:43] [INFO] 服务器信息保存成功 | 数据: {"id":"344"}
[2026-01-07 18:10:43] [INFO] 服务器信息保存成功 | 数据: {"id":"345"}
[2026-01-07 18:10:43] [INFO] 服务器信息保存成功 | 数据: {"id":"346"}
[2026-01-07 18:10:43] [INFO] 服务器信息保存成功 | 数据: {"id":"347"}
[2026-01-07 18:10:43] [INFO] 服务器信息保存成功 | 数据: {"id":"348"}
[2026-01-07 18:10:43] [INFO] 服务器信息保存成功 | 数据: {"id":"349"}
[2026-01-07 18:10:43] [INFO] 服务器信息保存成功 | 数据: {"id":"350"}
[2026-01-07 18:10:43] [INFO] 服务器信息保存成功 | 数据: {"id":"351"}
[2026-01-07 18:10:43] [INFO] 服务器信息保存成功 | 数据: {"id":"352"}
[2026-01-07 18:10:44] [INFO] 服务器信息保存成功 | 数据: {"id":"353"}
[2026-01-07 18:10:44] [INFO] 服务器信息保存成功 | 数据: {"id":"354"}
[2026-01-07 18:10:44] [INFO] 服务器信息保存成功 | 数据: {"id":"355"}
[2026-01-07 18:10:44] [INFO] 服务器信息保存成功 | 数据: {"id":"356"}
[2026-01-07 18:10:44] [INFO] 服务器信息保存成功 | 数据: {"id":"357"}
[2026-01-07 18:10:44] [INFO] 服务器信息保存成功 | 数据: {"id":"358"}
[2026-01-07 18:10:44] [INFO] 服务器信息保存成功 | 数据: {"id":"359"}
[2026-01-07 18:10:44] [INFO] 服务器信息保存成功 | 数据: {"id":"360"}
[2026-01-07 18:10:44] [INFO] 服务器信息保存成功 | 数据: {"id":"361"}
[2026-01-07 18:10:44] [INFO] 服务器信息保存成功 | 数据: {"id":"362"}
[2026-01-07 18:10:44] [INFO] 服务器信息保存成功 | 数据: {"id":"363"}
[2026-01-07 18:10:44] [INFO] 服务器信息保存成功 | 数据: {"id":"364"}
[2026-01-07 18:10:44] [INFO] 服务器信息保存成功 | 数据: {"id":"365"}
[2026-01-07 18:10:44] [INFO] 服务器信息保存成功 | 数据: {"id":"366"}
[2026-01-07 18:10:44] [INFO] 服务器信息保存成功 | 数据: {"id":"367"}
[2026-01-07 18:10:44] [INFO] 服务器信息保存成功 | 数据: {"id":"368"}
[2026-01-07 18:10:44] [INFO] 服务器信息保存成功 | 数据: {"id":"369"}
[2026-01-07 18:10:45] [INFO] 服务器信息保存成功 | 数据: {"id":"370"}
[2026-01-07 18:10:45] [INFO] 服务器信息保存成功 | 数据: {"id":"371"}
[2026-01-07 18:10:45] [INFO] 服务器信息保存成功 | 数据: {"id":"372"}
[2026-01-07 18:10:45] [INFO] 服务器信息保存成功 | 数据: {"id":"373"}
[2026-01-07 18:10:45] [INFO] 服务器信息保存成功 | 数据: {"id":"374"}
[2026-01-07 18:10:45] [INFO] 服务器信息保存成功 | 数据: {"id":"375"}
[2026-01-07 18:10:45] [INFO] 服务器信息保存成功 | 数据: {"id":"376"}
[2026-01-07 18:10:45] [INFO] 服务器信息保存成功 | 数据: {"id":"377"}
[2026-01-07 18:10:45] [INFO] 服务器信息保存成功 | 数据: {"id":"378"}
[2026-01-07 18:10:45] [INFO] 服务器信息保存成功 | 数据: {"id":"379"}
[2026-01-07 18:10:45] [INFO] 服务器信息保存成功 | 数据: {"id":"380"}
[2026-01-07 18:10:45] [INFO] 服务器信息保存成功 | 数据: {"id":"381"}
[2026-01-07 18:10:45] [INFO] 服务器信息保存成功 | 数据: {"id":"382"}
[2026-01-07 18:10:45] [INFO] 服务器信息保存成功 | 数据: {"id":"383"}
[2026-01-07 18:10:45] [INFO] 服务器信息保存成功 | 数据: {"id":"384"}
[2026-01-07 18:10:45] [INFO] 服务器信息保存成功 | 数据: {"id":"385"}
[2026-01-07 18:10:45] [INFO] 服务器信息保存成功 | 数据: {"id":"386"}
[2026-01-07 18:10:46] [INFO] 服务器信息保存成功 | 数据: {"id":"387"}
[2026-01-07 18:10:46] [INFO] 服务器信息保存成功 | 数据: {"id":"388"}
[2026-01-07 18:10:46] [ERROR] 数据重复: 服务器IP/端口/用户名组合已存在 | 数据: {"server_ip":"192.168.201.163","port":3389,"username":"Administrator"}
[2026-01-07 18:10:46] [ERROR] 服务器信息保存失败: 该服务器的账号已存在，请检查是否重复录入 | 数据: {"errorCode":"DUPLICATE_ERROR"}
[2026-01-07 18:10:46] [INFO] 服务器信息保存成功 | 数据: {"id":"390"}
[2026-01-07 18:10:46] [INFO] 服务器信息保存成功 | 数据: {"id":"391"}
[2026-01-07 18:10:46] [INFO] 服务器信息保存成功 | 数据: {"id":"392"}
[2026-01-07 18:10:46] [INFO] 服务器信息保存成功 | 数据: {"id":"393"}
[2026-01-07 18:10:46] [INFO] 服务器信息保存成功 | 数据: {"id":"394"}
[2026-01-07 18:10:46] [INFO] 服务器信息保存成功 | 数据: {"id":"395"}
[2026-01-07 18:10:46] [INFO] 服务器信息保存成功 | 数据: {"id":"396"}
[2026-01-07 18:10:46] [INFO] 服务器信息保存成功 | 数据: {"id":"397"}
[2026-01-07 18:10:46] [INFO] 服务器信息保存成功 | 数据: {"id":"398"}
[2026-01-07 18:10:46] [INFO] 服务器信息保存成功 | 数据: {"id":"399"}
[2026-01-07 18:10:46] [INFO] 服务器信息保存成功 | 数据: {"id":"400"}
[2026-01-07 18:10:46] [INFO] 服务器信息保存成功 | 数据: {"id":"401"}
[2026-01-07 18:10:46] [INFO] 服务器信息保存成功 | 数据: {"id":"402"}
[2026-01-07 18:10:47] [INFO] 服务器信息保存成功 | 数据: {"id":"403"}
[2026-01-07 18:10:47] [INFO] 服务器信息保存成功 | 数据: {"id":"404"}
[2026-01-07 18:10:47] [INFO] 服务器信息保存成功 | 数据: {"id":"405"}
[2026-01-07 18:10:47] [INFO] 服务器信息保存成功 | 数据: {"id":"406"}
[2026-01-07 18:10:47] [INFO] 服务器信息保存成功 | 数据: {"id":"407"}
[2026-01-07 18:10:47] [INFO] 服务器信息保存成功 | 数据: {"id":"408"}
[2026-01-07 18:10:47] [INFO] 服务器信息保存成功 | 数据: {"id":"409"}
[2026-01-07 18:10:47] [INFO] 服务器信息保存成功 | 数据: {"id":"410"}
[2026-01-07 18:10:47] [INFO] 服务器信息保存成功 | 数据: {"id":"411"}
[2026-01-07 18:10:47] [INFO] 服务器信息保存成功 | 数据: {"id":"412"}
[2026-01-07 18:10:47] [INFO] 服务器信息保存成功 | 数据: {"id":"413"}
[2026-01-07 18:10:47] [INFO] 服务器信息保存成功 | 数据: {"id":"414"}
[2026-01-07 18:10:47] [INFO] 服务器信息保存成功 | 数据: {"id":"415"}
[2026-01-07 18:10:47] [INFO] 服务器信息保存成功 | 数据: {"id":"416"}
[2026-01-07 18:10:47] [INFO] 服务器信息保存成功 | 数据: {"id":"417"}
[2026-01-07 18:10:47] [INFO] 服务器信息保存成功 | 数据: {"id":"418"}
[2026-01-07 18:10:48] [INFO] 服务器信息保存成功 | 数据: {"id":"419"}
[2026-01-07 18:10:48] [INFO] 服务器信息保存成功 | 数据: {"id":"420"}
[2026-01-07 18:10:48] [INFO] 服务器信息保存成功 | 数据: {"id":"421"}
[2026-01-07 18:10:48] [INFO] 服务器信息保存成功 | 数据: {"id":"422"}
[2026-01-07 18:10:48] [INFO] 服务器信息保存成功 | 数据: {"id":"423"}
[2026-01-07 18:10:48] [INFO] 服务器信息保存成功 | 数据: {"id":"424"}
[2026-01-07 18:10:48] [INFO] 服务器信息保存成功 | 数据: {"id":"425"}
[2026-01-07 18:10:48] [INFO] 服务器信息保存成功 | 数据: {"id":"426"}
[2026-01-07 18:10:48] [INFO] 服务器信息保存成功 | 数据: {"id":"427"}
[2026-01-07 18:10:48] [INFO] 服务器信息保存成功 | 数据: {"id":"428"}
[2026-01-07 18:10:48] [INFO] 服务器信息保存成功 | 数据: {"id":"429"}
[2026-01-07 18:10:48] [INFO] 服务器信息保存成功 | 数据: {"id":"430"}
[2026-01-07 18:10:48] [INFO] 服务器信息保存成功 | 数据: {"id":"431"}
[2026-01-07 18:10:48] [INFO] 服务器信息保存成功 | 数据: {"id":"432"}
[2026-01-07 18:10:48] [INFO] 服务器信息保存成功 | 数据: {"id":"433"}
[2026-01-07 18:10:48] [INFO] 服务器信息保存成功 | 数据: {"id":"434"}
[2026-01-07 18:10:49] [INFO] 服务器信息保存成功 | 数据: {"id":"435"}
[2026-01-07 18:10:49] [INFO] 服务器信息保存成功 | 数据: {"id":"436"}
[2026-01-07 18:10:49] [INFO] 服务器信息保存成功 | 数据: {"id":"437"}
[2026-01-07 18:10:49] [INFO] 服务器信息保存成功 | 数据: {"id":"438"}
[2026-01-07 18:10:49] [INFO] 服务器信息保存成功 | 数据: {"id":"439"}
[2026-01-07 18:10:49] [INFO] 服务器信息保存成功 | 数据: {"id":"440"}
[2026-01-07 18:10:49] [INFO] 服务器信息保存成功 | 数据: {"id":"441"}
[2026-01-07 18:10:49] [INFO] 服务器信息保存成功 | 数据: {"id":"442"}
[2026-01-07 18:10:49] [INFO] 服务器信息保存成功 | 数据: {"id":"443"}
[2026-01-07 18:10:49] [INFO] 服务器信息保存成功 | 数据: {"id":"444"}
[2026-01-07 18:10:49] [INFO] 服务器信息保存成功 | 数据: {"id":"445"}
[2026-01-07 18:10:49] [INFO] 服务器信息保存成功 | 数据: {"id":"446"}
[2026-01-07 18:10:49] [INFO] 服务器信息保存成功 | 数据: {"id":"447"}
[2026-01-07 18:10:49] [INFO] 服务器信息保存成功 | 数据: {"id":"448"}
[2026-01-07 18:10:49] [INFO] 服务器信息保存成功 | 数据: {"id":"449"}
[2026-01-07 18:10:50] [INFO] 服务器信息保存成功 | 数据: {"id":"450"}
[2026-01-07 18:10:50] [INFO] 服务器信息保存成功 | 数据: {"id":"451"}
[2026-01-07 18:10:50] [INFO] 服务器信息保存成功 | 数据: {"id":"452"}
[2026-01-07 18:10:50] [INFO] 服务器信息保存成功 | 数据: {"id":"453"}
[2026-01-07 18:10:50] [INFO] 服务器信息保存成功 | 数据: {"id":"454"}
[2026-01-07 18:10:50] [INFO] 服务器信息保存成功 | 数据: {"id":"455"}
[2026-01-07 18:10:50] [INFO] 服务器信息保存成功 | 数据: {"id":"456"}
[2026-01-07 18:10:50] [INFO] 服务器信息保存成功 | 数据: {"id":"457"}
[2026-01-07 18:10:50] [INFO] 服务器信息保存成功 | 数据: {"id":"458"}
[2026-01-07 18:10:50] [INFO] 服务器信息保存成功 | 数据: {"id":"459"}
[2026-01-07 18:10:50] [INFO] 服务器信息保存成功 | 数据: {"id":"460"}
[2026-01-07 18:10:50] [INFO] 服务器信息保存成功 | 数据: {"id":"461"}
[2026-01-07 18:10:50] [INFO] 服务器信息保存成功 | 数据: {"id":"462"}
[2026-01-07 18:10:50] [INFO] 服务器信息保存成功 | 数据: {"id":"463"}
[2026-01-07 18:10:50] [INFO] 服务器信息保存成功 | 数据: {"id":"464"}
[2026-01-07 18:10:50] [INFO] 服务器信息保存成功 | 数据: {"id":"465"}
[2026-01-07 18:10:50] [INFO] 服务器信息保存成功 | 数据: {"id":"466"}
[2026-01-07 18:10:50] [INFO] 服务器信息保存成功 | 数据: {"id":"467"}
[2026-01-07 18:10:51] [INFO] 服务器信息保存成功 | 数据: {"id":"468"}
[2026-01-07 18:10:51] [INFO] 服务器信息保存成功 | 数据: {"id":"469"}
[2026-01-07 18:10:51] [INFO] 服务器信息保存成功 | 数据: {"id":"470"}
[2026-01-07 18:10:51] [INFO] 服务器信息保存成功 | 数据: {"id":"471"}
[2026-01-07 18:10:51] [INFO] 服务器信息保存成功 | 数据: {"id":"472"}
[2026-01-07 18:10:51] [INFO] 服务器信息保存成功 | 数据: {"id":"473"}
[2026-01-07 18:10:51] [INFO] 服务器信息保存成功 | 数据: {"id":"474"}
[2026-01-07 18:10:51] [INFO] 服务器信息保存成功 | 数据: {"id":"475"}
[2026-01-07 18:10:51] [INFO] 服务器信息保存成功 | 数据: {"id":"476"}
[2026-01-07 18:10:51] [INFO] 服务器信息保存成功 | 数据: {"id":"477"}
[2026-01-07 18:10:51] [INFO] 服务器信息保存成功 | 数据: {"id":"478"}
[2026-01-07 18:10:51] [INFO] 服务器信息保存成功 | 数据: {"id":"479"}
[2026-01-07 18:10:51] [INFO] 服务器信息保存成功 | 数据: {"id":"480"}
[2026-01-07 18:10:51] [INFO] 服务器信息保存成功 | 数据: {"id":"481"}
[2026-01-07 18:10:51] [INFO] 服务器信息保存成功 | 数据: {"id":"482"}
[2026-01-07 18:10:51] [INFO] 服务器信息保存成功 | 数据: {"id":"483"}
[2026-01-07 18:10:52] [INFO] 服务器信息保存成功 | 数据: {"id":"484"}
[2026-01-07 18:10:52] [INFO] 服务器信息保存成功 | 数据: {"id":"485"}
[2026-01-07 18:10:52] [INFO] 服务器信息保存成功 | 数据: {"id":"486"}
[2026-01-07 18:10:52] [INFO] 服务器信息保存成功 | 数据: {"id":"487"}
[2026-01-07 18:10:52] [INFO] 服务器信息保存成功 | 数据: {"id":"488"}
[2026-01-07 18:10:52] [INFO] 服务器信息保存成功 | 数据: {"id":"489"}
[2026-01-07 18:10:52] [INFO] 服务器信息保存成功 | 数据: {"id":"490"}
[2026-01-07 18:10:52] [INFO] 服务器信息保存成功 | 数据: {"id":"491"}
[2026-01-07 18:10:52] [INFO] 服务器信息保存成功 | 数据: {"id":"492"}
[2026-01-07 18:10:52] [INFO] 服务器信息保存成功 | 数据: {"id":"493"}
[2026-01-07 18:10:52] [INFO] 服务器信息保存成功 | 数据: {"id":"494"}
[2026-01-07 18:10:52] [INFO] 服务器信息保存成功 | 数据: {"id":"495"}
[2026-01-07 18:10:52] [INFO] 服务器信息保存成功 | 数据: {"id":"496"}
[2026-01-07 18:10:52] [INFO] 服务器信息保存成功 | 数据: {"id":"497"}
[2026-01-07 18:10:52] [INFO] 服务器信息保存成功 | 数据: {"id":"498"}
[2026-01-07 18:10:52] [INFO] 服务器信息保存成功 | 数据: {"id":"499"}
[2026-01-07 18:10:52] [INFO] 服务器信息保存成功 | 数据: {"id":"500"}
[2026-01-07 18:10:53] [INFO] 服务器信息保存成功 | 数据: {"id":"501"}
[2026-01-07 18:10:53] [INFO] 服务器信息保存成功 | 数据: {"id":"502"}
[2026-01-07 18:10:53] [INFO] 服务器信息保存成功 | 数据: {"id":"503"}
[2026-01-07 18:10:53] [INFO] 服务器信息保存成功 | 数据: {"id":"504"}
[2026-01-07 18:10:53] [INFO] 服务器信息保存成功 | 数据: {"id":"505"}
[2026-01-07 18:10:53] [INFO] 服务器信息保存成功 | 数据: {"id":"506"}
[2026-01-07 18:10:53] [INFO] 服务器信息保存成功 | 数据: {"id":"507"}
[2026-01-07 18:10:53] [INFO] 服务器信息保存成功 | 数据: {"id":"508"}
[2026-01-07 18:10:53] [INFO] 服务器信息保存成功 | 数据: {"id":"509"}
[2026-01-07 18:10:53] [INFO] 服务器信息保存成功 | 数据: {"id":"510"}
[2026-01-07 18:10:53] [INFO] 服务器信息保存成功 | 数据: {"id":"511"}
[2026-01-07 18:10:53] [INFO] 服务器信息保存成功 | 数据: {"id":"512"}
[2026-01-07 18:10:53] [INFO] 服务器信息保存成功 | 数据: {"id":"513"}
[2026-01-07 18:10:53] [INFO] 服务器信息保存成功 | 数据: {"id":"514"}
[2026-01-07 18:10:53] [INFO] 服务器信息保存成功 | 数据: {"id":"515"}
[2026-01-07 18:10:53] [INFO] 服务器信息保存成功 | 数据: {"id":"516"}
[2026-01-07 18:10:53] [INFO] 服务器信息保存成功 | 数据: {"id":"517"}
[2026-01-07 18:10:54] [INFO] 服务器信息保存成功 | 数据: {"id":"518"}
[2026-01-07 18:10:54] [INFO] 服务器信息保存成功 | 数据: {"id":"519"}
[2026-01-07 18:10:54] [INFO] 服务器信息保存成功 | 数据: {"id":"520"}
[2026-01-07 18:10:54] [INFO] 服务器信息保存成功 | 数据: {"id":"521"}
[2026-01-07 18:10:54] [INFO] 服务器信息保存成功 | 数据: {"id":"522"}
[2026-01-07 18:10:54] [INFO] 服务器信息保存成功 | 数据: {"id":"523"}
[2026-01-07 18:10:54] [INFO] 服务器信息保存成功 | 数据: {"id":"524"}
[2026-01-07 18:10:54] [INFO] 服务器信息保存成功 | 数据: {"id":"525"}
[2026-01-07 18:10:54] [INFO] 服务器信息保存成功 | 数据: {"id":"526"}
[2026-01-07 18:10:54] [INFO] 服务器信息保存成功 | 数据: {"id":"527"}
[2026-01-07 18:10:54] [INFO] 服务器信息保存成功 | 数据: {"id":"528"}
[2026-01-07 18:10:54] [INFO] 服务器信息保存成功 | 数据: {"id":"529"}
[2026-01-07 18:10:54] [INFO] 服务器信息保存成功 | 数据: {"id":"530"}
[2026-01-07 18:10:54] [INFO] 服务器信息保存成功 | 数据: {"id":"531"}
[2026-01-07 18:10:54] [INFO] 服务器信息保存成功 | 数据: {"id":"532"}
[2026-01-07 18:10:54] [INFO] 服务器信息保存成功 | 数据: {"id":"533"}
[2026-01-07 18:10:54] [INFO] 服务器信息保存成功 | 数据: {"id":"534"}
[2026-01-07 18:10:55] [INFO] 服务器信息保存成功 | 数据: {"id":"535"}
[2026-01-07 18:10:55] [INFO] 服务器信息保存成功 | 数据: {"id":"536"}
[2026-01-07 18:10:55] [INFO] 服务器信息保存成功 | 数据: {"id":"537"}
[2026-01-07 18:10:55] [INFO] 服务器信息保存成功 | 数据: {"id":"538"}
[2026-01-07 18:10:55] [INFO] 服务器信息保存成功 | 数据: {"id":"539"}
[2026-01-07 18:10:55] [INFO] 服务器信息保存成功 | 数据: {"id":"540"}
[2026-01-07 18:10:55] [INFO] 服务器信息保存成功 | 数据: {"id":"541"}
[2026-01-07 18:10:55] [INFO] 服务器信息保存成功 | 数据: {"id":"542"}
[2026-01-07 18:10:55] [INFO] 服务器信息保存成功 | 数据: {"id":"543"}
[2026-01-07 18:10:55] [INFO] 服务器信息保存成功 | 数据: {"id":"544"}
[2026-01-07 18:10:55] [INFO] 服务器信息保存成功 | 数据: {"id":"545"}
[2026-01-07 18:10:55] [INFO] 服务器信息保存成功 | 数据: {"id":"546"}
[2026-01-07 18:10:55] [INFO] 服务器信息保存成功 | 数据: {"id":"547"}
[2026-01-07 18:10:55] [INFO] 服务器信息保存成功 | 数据: {"id":"548"}
[2026-01-07 18:10:55] [INFO] 服务器信息保存成功 | 数据: {"id":"549"}
[2026-01-07 18:10:55] [INFO] 服务器信息保存成功 | 数据: {"id":"550"}
[2026-01-07 18:10:55] [INFO] 服务器信息保存成功 | 数据: {"id":"551"}
[2026-01-07 18:10:56] [INFO] 服务器信息保存成功 | 数据: {"id":"552"}
[2026-01-07 18:10:56] [INFO] 服务器信息保存成功 | 数据: {"id":"553"}
[2026-01-07 18:10:56] [INFO] 服务器信息保存成功 | 数据: {"id":"554"}
[2026-01-07 18:10:56] [INFO] 服务器信息保存成功 | 数据: {"id":"555"}
[2026-01-07 18:10:56] [INFO] 服务器信息保存成功 | 数据: {"id":"556"}
[2026-01-07 18:10:56] [INFO] 服务器信息保存成功 | 数据: {"id":"557"}
[2026-01-07 18:10:56] [INFO] 服务器信息保存成功 | 数据: {"id":"558"}
[2026-01-07 18:10:56] [INFO] 服务器信息保存成功 | 数据: {"id":"559"}
[2026-01-07 18:10:56] [INFO] 服务器信息保存成功 | 数据: {"id":"560"}
[2026-01-07 18:10:56] [INFO] 服务器信息保存成功 | 数据: {"id":"561"}
[2026-01-07 18:10:56] [INFO] 服务器信息保存成功 | 数据: {"id":"562"}
[2026-01-07 18:10:56] [INFO] 服务器信息保存成功 | 数据: {"id":"563"}
[2026-01-07 18:10:56] [INFO] 服务器信息保存成功 | 数据: {"id":"564"}
[2026-01-07 18:10:56] [INFO] 服务器信息保存成功 | 数据: {"id":"565"}
[2026-01-07 18:10:56] [INFO] 服务器信息保存成功 | 数据: {"id":"566"}
[2026-01-07 18:10:57] [INFO] 服务器信息保存成功 | 数据: {"id":"567"}
[2026-01-07 18:10:57] [INFO] 服务器信息保存成功 | 数据: {"id":"568"}
[2026-01-07 18:10:57] [INFO] 服务器信息保存成功 | 数据: {"id":"569"}
[2026-01-07 18:10:57] [INFO] 服务器信息保存成功 | 数据: {"id":"570"}
[2026-01-07 18:10:57] [INFO] 服务器信息保存成功 | 数据: {"id":"571"}
[2026-01-07 18:10:57] [INFO] 服务器信息保存成功 | 数据: {"id":"572"}
[2026-01-07 18:10:57] [INFO] 服务器信息保存成功 | 数据: {"id":"573"}
[2026-01-07 18:10:57] [INFO] 服务器信息保存成功 | 数据: {"id":"574"}
[2026-01-07 18:10:57] [INFO] 服务器信息保存成功 | 数据: {"id":"575"}
[2026-01-07 18:10:57] [INFO] 服务器信息保存成功 | 数据: {"id":"576"}
[2026-01-08 10:09:22] [INFO] 服务器信息保存成功 | 数据: {"id":"577"}
[2026-01-08 10:09:22] [INFO] 服务器信息保存成功 | 数据: {"id":"578"}
[2026-01-08 10:09:23] [INFO] 服务器信息保存成功 | 数据: {"id":"579"}
[2026-01-08 10:09:23] [INFO] 服务器信息保存成功 | 数据: {"id":"580"}
[2026-01-08 10:09:23] [INFO] 服务器信息保存成功 | 数据: {"id":"581"}
[2026-01-08 10:09:23] [INFO] 服务器信息保存成功 | 数据: {"id":"582"}
[2026-01-08 10:09:23] [INFO] 服务器信息保存成功 | 数据: {"id":"583"}
[2026-01-08 10:09:23] [ERROR] 服务器信息保存失败: 选择的宿主机集群不存在，请重新选择 | 数据: {"errorCode":"unknown"}
[2026-01-08 10:09:23] [ERROR] 服务器信息保存失败: 服务器名称长度不能超过100个字符 | 数据: {"errorCode":"unknown"}
[2026-01-08 10:09:23] [ERROR] 服务器信息保存失败: 选择的宿主机集群不存在，请重新选择 | 数据: {"errorCode":"unknown"}
[2026-01-08 10:09:23] [ERROR] 服务器信息保存失败: 选择的宿主机集群不存在，请重新选择 | 数据: {"errorCode":"unknown"}
[2026-01-08 10:09:23] [INFO] 服务器信息保存成功 | 数据: {"id":"584"}
[2026-01-08 10:09:23] [INFO] 服务器信息保存成功 | 数据: {"id":"585"}
[2026-01-08 10:09:23] [INFO] 服务器信息保存成功 | 数据: {"id":"586"}
[2026-01-08 10:09:23] [INFO] 服务器信息保存成功 | 数据: {"id":"587"}
[2026-01-08 10:09:23] [INFO] 服务器信息保存成功 | 数据: {"id":"588"}
[2026-01-08 10:09:23] [INFO] 服务器信息保存成功 | 数据: {"id":"589"}
[2026-01-08 10:09:23] [INFO] 服务器信息保存成功 | 数据: {"id":"590"}
[2026-01-08 10:09:23] [INFO] 服务器信息保存成功 | 数据: {"id":"591"}
[2026-01-08 10:09:23] [INFO] 服务器信息保存成功 | 数据: {"id":"592"}
[2026-01-08 10:09:23] [INFO] 服务器信息保存成功 | 数据: {"id":"593"}
[2026-01-08 10:09:23] [INFO] 服务器信息保存成功 | 数据: {"id":"594"}
[2026-01-08 10:09:23] [INFO] 服务器信息保存成功 | 数据: {"id":"595"}
[2026-01-08 10:09:23] [INFO] 服务器信息保存成功 | 数据: {"id":"596"}
[2026-01-08 10:09:24] [INFO] 服务器信息保存成功 | 数据: {"id":"597"}
[2026-01-08 10:09:24] [INFO] 服务器信息保存成功 | 数据: {"id":"598"}
[2026-01-08 10:09:24] [INFO] 服务器信息保存成功 | 数据: {"id":"599"}
[2026-01-08 10:09:24] [INFO] 服务器信息保存成功 | 数据: {"id":"600"}
[2026-01-08 10:09:24] [INFO] 服务器信息保存成功 | 数据: {"id":"601"}
[2026-01-08 10:09:24] [INFO] 服务器信息保存成功 | 数据: {"id":"602"}
[2026-01-08 10:09:24] [INFO] 服务器信息保存成功 | 数据: {"id":"603"}
[2026-01-08 10:09:24] [INFO] 服务器信息保存成功 | 数据: {"id":"604"}
[2026-01-08 10:11:46] [ERROR] 数据重复: 服务器IP/端口/用户名组合已存在 | 数据: {"server_ip":"192.168.206.70","port":3389,"username":"administrator"}
[2026-01-08 10:11:46] [ERROR] 服务器信息保存失败: 该服务器的账号已存在，请检查是否重复录入 | 数据: {"errorCode":"DUPLICATE_ERROR"}
[2026-01-08 10:11:46] [ERROR] 数据重复: 服务器IP/端口/用户名组合已存在 | 数据: {"server_ip":"192.168.206.71","port":3389,"username":"administrator"}
[2026-01-08 10:11:46] [ERROR] 服务器信息保存失败: 该服务器的账号已存在，请检查是否重复录入 | 数据: {"errorCode":"DUPLICATE_ERROR"}
[2026-01-08 10:11:46] [ERROR] 数据重复: 服务器IP/端口/用户名组合已存在 | 数据: {"server_ip":"192.168.206.76","port":3389,"username":"administrator"}
[2026-01-08 10:11:46] [ERROR] 服务器信息保存失败: 该服务器的账号已存在，请检查是否重复录入 | 数据: {"errorCode":"DUPLICATE_ERROR"}
[2026-01-08 10:11:46] [ERROR] 数据重复: 服务器IP/端口/用户名组合已存在 | 数据: {"server_ip":"192.168.206.66","port":3389,"username":"administrator"}
[2026-01-08 10:11:46] [ERROR] 服务器信息保存失败: 该服务器的账号已存在，请检查是否重复录入 | 数据: {"errorCode":"DUPLICATE_ERROR"}
[2026-01-08 10:11:47] [ERROR] 数据重复: 服务器IP/端口/用户名组合已存在 | 数据: {"server_ip":"192.168.206.67","port":3389,"username":"administrator"}
[2026-01-08 10:11:47] [ERROR] 服务器信息保存失败: 该服务器的账号已存在，请检查是否重复录入 | 数据: {"errorCode":"DUPLICATE_ERROR"}
[2026-01-08 10:11:47] [ERROR] 数据重复: 服务器IP/端口/用户名组合已存在 | 数据: {"server_ip":"192.168.206.68","port":3389,"username":"administrator"}
[2026-01-08 10:11:47] [ERROR] 服务器信息保存失败: 该服务器的账号已存在，请检查是否重复录入 | 数据: {"errorCode":"DUPLICATE_ERROR"}
[2026-01-08 10:11:47] [ERROR] 数据重复: 服务器IP/端口/用户名组合已存在 | 数据: {"server_ip":"192.168.201.109","port":3389,"username":"administrator"}
[2026-01-08 10:11:47] [ERROR] 服务器信息保存失败: 该服务器的账号已存在，请检查是否重复录入 | 数据: {"errorCode":"DUPLICATE_ERROR"}
[2026-01-08 10:11:47] [INFO] 服务器信息保存成功 | 数据: {"id":"612"}
[2026-01-08 10:11:47] [INFO] 服务器信息保存成功 | 数据: {"id":"613"}
[2026-01-08 10:11:47] [INFO] 服务器信息保存成功 | 数据: {"id":"614"}
[2026-01-08 10:11:47] [INFO] 服务器信息保存成功 | 数据: {"id":"615"}
[2026-01-08 10:11:47] [ERROR] 数据重复: 服务器IP/端口/用户名组合已存在 | 数据: {"server_ip":"192.168.206.116","port":2222,"username":"lonbonserver"}
[2026-01-08 10:11:47] [ERROR] 服务器信息保存失败: 该服务器的账号已存在，请检查是否重复录入 | 数据: {"errorCode":"DUPLICATE_ERROR"}
[2026-01-08 10:11:47] [ERROR] 数据重复: 服务器IP/端口/用户名组合已存在 | 数据: {"server_ip":"192.168.206.117","port":2222,"username":"lonbonserver"}
[2026-01-08 10:11:47] [ERROR] 服务器信息保存失败: 该服务器的账号已存在，请检查是否重复录入 | 数据: {"errorCode":"DUPLICATE_ERROR"}
[2026-01-08 10:11:47] [ERROR] 数据重复: 服务器IP/端口/用户名组合已存在 | 数据: {"server_ip":"192.168.206.118","port":2222,"username":"lonbonserver"}
[2026-01-08 10:11:47] [ERROR] 服务器信息保存失败: 该服务器的账号已存在，请检查是否重复录入 | 数据: {"errorCode":"DUPLICATE_ERROR"}
[2026-01-08 10:11:47] [ERROR] 数据重复: 服务器IP/端口/用户名组合已存在 | 数据: {"server_ip":"192.168.206.119","port":2222,"username":"lonbonserver"}
[2026-01-08 10:11:47] [ERROR] 服务器信息保存失败: 该服务器的账号已存在，请检查是否重复录入 | 数据: {"errorCode":"DUPLICATE_ERROR"}
[2026-01-08 10:11:47] [ERROR] 数据重复: 服务器IP/端口/用户名组合已存在 | 数据: {"server_ip":"192.168.205.5","port":3389,"username":"administrator"}
[2026-01-08 10:11:47] [ERROR] 服务器信息保存失败: 该服务器的账号已存在，请检查是否重复录入 | 数据: {"errorCode":"DUPLICATE_ERROR"}
[2026-01-08 10:11:47] [ERROR] 数据重复: 服务器IP/端口/用户名组合已存在 | 数据: {"server_ip":"192.168.205.6","port":3389,"username":"administrator"}
[2026-01-08 10:11:47] [ERROR] 服务器信息保存失败: 该服务器的账号已存在，请检查是否重复录入 | 数据: {"errorCode":"DUPLICATE_ERROR"}
[2026-01-08 10:11:47] [ERROR] 数据重复: 服务器IP/端口/用户名组合已存在 | 数据: {"server_ip":"192.168.206.1","port":3389,"username":"smit"}
[2026-01-08 10:11:47] [ERROR] 服务器信息保存失败: 该服务器的账号已存在，请检查是否重复录入 | 数据: {"errorCode":"DUPLICATE_ERROR"}
[2026-01-08 10:11:47] [ERROR] 数据重复: 服务器IP/端口/用户名组合已存在 | 数据: {"server_ip":"192.168.206.2","port":3389,"username":"administrator"}
[2026-01-08 10:11:47] [ERROR] 服务器信息保存失败: 该服务器的账号已存在，请检查是否重复录入 | 数据: {"errorCode":"DUPLICATE_ERROR"}
[2026-01-08 10:11:47] [ERROR] 数据重复: 服务器IP/端口/用户名组合已存在 | 数据: {"server_ip":"192.168.205.2","port":3389,"username":"Administrator"}
[2026-01-08 10:11:47] [ERROR] 服务器信息保存失败: 该服务器的账号已存在，请检查是否重复录入 | 数据: {"errorCode":"DUPLICATE_ERROR"}
[2026-01-08 10:11:47] [ERROR] 数据重复: 服务器IP/端口/用户名组合已存在 | 数据: {"server_ip":"192.168.201.220","port":3389,"username":"administrator"}
[2026-01-08 10:11:47] [ERROR] 服务器信息保存失败: 该服务器的账号已存在，请检查是否重复录入 | 数据: {"errorCode":"DUPLICATE_ERROR"}
[2026-01-08 10:11:47] [ERROR] 数据重复: 服务器IP/端口/用户名组合已存在 | 数据: {"server_ip":"192.168.201.150","port":3389,"username":"root"}
[2026-01-08 10:11:47] [ERROR] 服务器信息保存失败: 该服务器的账号已存在，请检查是否重复录入 | 数据: {"errorCode":"DUPLICATE_ERROR"}
[2026-01-08 10:11:47] [ERROR] 数据重复: 服务器IP/端口/用户名组合已存在 | 数据: {"server_ip":"192.168.201.41","port":3389,"username":"Administrator"}
[2026-01-08 10:11:47] [ERROR] 服务器信息保存失败: 该服务器的账号已存在，请检查是否重复录入 | 数据: {"errorCode":"DUPLICATE_ERROR"}
[2026-01-08 10:11:48] [ERROR] 数据重复: 服务器IP/端口/用户名组合已存在 | 数据: {"server_ip":"192.168.201.248","port":3389,"username":"Administrator"}
[2026-01-08 10:11:48] [ERROR] 服务器信息保存失败: 该服务器的账号已存在，请检查是否重复录入 | 数据: {"errorCode":"DUPLICATE_ERROR"}
[2026-01-08 10:11:48] [ERROR] 数据重复: 服务器IP/端口/用户名组合已存在 | 数据: {"server_ip":"192.168.201.249","port":3389,"username":"Administrator"}
[2026-01-08 10:11:48] [ERROR] 服务器信息保存失败: 该服务器的账号已存在，请检查是否重复录入 | 数据: {"errorCode":"DUPLICATE_ERROR"}
[2026-01-08 10:11:48] [ERROR] 数据重复: 服务器IP/端口/用户名组合已存在 | 数据: {"server_ip":"192.168.201.251","port":3389,"username":"Administrator"}
[2026-01-08 10:11:48] [ERROR] 服务器信息保存失败: 该服务器的账号已存在，请检查是否重复录入 | 数据: {"errorCode":"DUPLICATE_ERROR"}
[2026-01-08 10:11:48] [ERROR] 数据重复: 服务器IP/端口/用户名组合已存在 | 数据: {"server_ip":"192.168.206.102","port":3389,"username":"Administrator"}
[2026-01-08 10:11:48] [ERROR] 服务器信息保存失败: 该服务器的账号已存在，请检查是否重复录入 | 数据: {"errorCode":"DUPLICATE_ERROR"}
[2026-01-08 10:11:48] [ERROR] 数据重复: 服务器IP/端口/用户名组合已存在 | 数据: {"server_ip":"192.168.201.18","port":3389,"username":"admin"}
[2026-01-08 10:11:48] [ERROR] 服务器信息保存失败: 该服务器的账号已存在，请检查是否重复录入 | 数据: {"errorCode":"DUPLICATE_ERROR"}
[2026-01-08 10:11:48] [ERROR] 数据重复: 服务器IP/端口/用户名组合已存在 | 数据: {"server_ip":"192.168.206.156","port":3389,"username":"administrator"}
[2026-01-08 10:11:48] [ERROR] 服务器信息保存失败: 该服务器的账号已存在，请检查是否重复录入 | 数据: {"errorCode":"DUPLICATE_ERROR"}
[2026-01-08 10:11:48] [ERROR] 数据重复: 服务器IP/端口/用户名组合已存在 | 数据: {"server_ip":"192.168.60.104","port":3389,"username":"Administrator"}
[2026-01-08 10:11:48] [ERROR] 服务器信息保存失败: 该服务器的账号已存在，请检查是否重复录入 | 数据: {"errorCode":"DUPLICATE_ERROR"}
[2026-01-08 10:11:48] [ERROR] 数据重复: 服务器IP/端口/用户名组合已存在 | 数据: {"server_ip":"192.168.206.95","port":4000,"username":"Administrator"}
[2026-01-08 10:11:48] [ERROR] 服务器信息保存失败: 该服务器的账号已存在，请检查是否重复录入 | 数据: {"errorCode":"DUPLICATE_ERROR"}
[2026-01-08 10:11:48] [ERROR] 数据重复: 服务器IP/端口/用户名组合已存在 | 数据: {"server_ip":"192.168.206.79","port":3389,"username":"Administrator"}
[2026-01-08 10:11:48] [ERROR] 服务器信息保存失败: 该服务器的账号已存在，请检查是否重复录入 | 数据: {"errorCode":"DUPLICATE_ERROR"}
[2026-01-08 10:13:16] [INFO] 服务器信息保存成功 | 数据: {"id":"637"}
[2026-01-08 10:13:16] [INFO] 服务器信息保存成功 | 数据: {"id":"638"}
[2026-01-08 10:13:16] [INFO] 服务器信息保存成功 | 数据: {"id":"639"}
[2026-01-08 10:13:16] [INFO] 服务器信息保存成功 | 数据: {"id":"640"}
[2026-01-08 10:13:16] [INFO] 服务器信息保存成功 | 数据: {"id":"641"}
[2026-01-08 10:13:16] [INFO] 服务器信息保存成功 | 数据: {"id":"642"}
[2026-01-08 10:13:16] [INFO] 服务器信息保存成功 | 数据: {"id":"643"}
[2026-01-08 10:13:17] [INFO] 服务器信息保存成功 | 数据: {"id":"644"}
[2026-01-08 10:13:17] [INFO] 服务器信息保存成功 | 数据: {"id":"645"}
[2026-01-08 10:13:17] [INFO] 服务器信息保存成功 | 数据: {"id":"646"}
[2026-01-08 10:13:17] [INFO] 服务器信息保存成功 | 数据: {"id":"647"}
[2026-01-08 10:13:17] [INFO] 服务器信息保存成功 | 数据: {"id":"648"}
[2026-01-08 10:13:17] [INFO] 服务器信息保存成功 | 数据: {"id":"649"}
[2026-01-08 10:13:17] [INFO] 服务器信息保存成功 | 数据: {"id":"650"}
[2026-01-08 10:13:17] [INFO] 服务器信息保存成功 | 数据: {"id":"651"}
[2026-01-08 10:13:17] [INFO] 服务器信息保存成功 | 数据: {"id":"652"}
[2026-01-08 10:13:17] [INFO] 服务器信息保存成功 | 数据: {"id":"653"}
[2026-01-08 10:13:17] [INFO] 服务器信息保存成功 | 数据: {"id":"654"}
[2026-01-08 10:13:17] [INFO] 服务器信息保存成功 | 数据: {"id":"655"}
[2026-01-08 10:13:17] [INFO] 服务器信息保存成功 | 数据: {"id":"656"}
[2026-01-08 10:13:17] [INFO] 服务器信息保存成功 | 数据: {"id":"657"}
[2026-01-08 10:13:17] [INFO] 服务器信息保存成功 | 数据: {"id":"658"}
[2026-01-08 10:13:17] [INFO] 服务器信息保存成功 | 数据: {"id":"659"}
[2026-01-08 10:13:17] [INFO] 服务器信息保存成功 | 数据: {"id":"660"}
[2026-01-08 10:13:17] [INFO] 服务器信息保存成功 | 数据: {"id":"661"}
[2026-01-08 10:13:18] [INFO] 服务器信息保存成功 | 数据: {"id":"662"}
[2026-01-08 10:13:18] [INFO] 服务器信息保存成功 | 数据: {"id":"663"}
[2026-01-08 10:13:18] [INFO] 服务器信息保存成功 | 数据: {"id":"664"}
[2026-01-08 10:13:18] [INFO] 服务器信息保存成功 | 数据: {"id":"665"}
[2026-01-08 10:13:18] [INFO] 服务器信息保存成功 | 数据: {"id":"666"}
[2026-01-08 10:13:18] [INFO] 服务器信息保存成功 | 数据: {"id":"667"}
[2026-01-08 10:13:18] [INFO] 服务器信息保存成功 | 数据: {"id":"668"}
[2026-01-08 10:13:39] [ERROR] 数据重复: 服务器IP/端口/用户名组合已存在 | 数据: {"server_ip":"192.168.206.70","port":3389,"username":"administrator"}
[2026-01-08 10:13:39] [ERROR] 服务器信息保存失败: 该服务器的账号已存在，请检查是否重复录入 | 数据: {"errorCode":"DUPLICATE_ERROR"}
[2026-01-08 10:13:40] [ERROR] 数据重复: 服务器IP/端口/用户名组合已存在 | 数据: {"server_ip":"192.168.206.71","port":3389,"username":"administrator"}
[2026-01-08 10:13:40] [ERROR] 服务器信息保存失败: 该服务器的账号已存在，请检查是否重复录入 | 数据: {"errorCode":"DUPLICATE_ERROR"}
[2026-01-08 10:13:40] [ERROR] 数据重复: 服务器IP/端口/用户名组合已存在 | 数据: {"server_ip":"192.168.206.76","port":3389,"username":"administrator"}
[2026-01-08 10:13:40] [ERROR] 服务器信息保存失败: 该服务器的账号已存在，请检查是否重复录入 | 数据: {"errorCode":"DUPLICATE_ERROR"}
[2026-01-08 10:13:40] [ERROR] 数据重复: 服务器IP/端口/用户名组合已存在 | 数据: {"server_ip":"192.168.206.66","port":3389,"username":"administrator"}
[2026-01-08 10:13:40] [ERROR] 服务器信息保存失败: 该服务器的账号已存在，请检查是否重复录入 | 数据: {"errorCode":"DUPLICATE_ERROR"}
[2026-01-08 10:13:40] [ERROR] 数据重复: 服务器IP/端口/用户名组合已存在 | 数据: {"server_ip":"192.168.206.67","port":3389,"username":"administrator"}
[2026-01-08 10:13:40] [ERROR] 服务器信息保存失败: 该服务器的账号已存在，请检查是否重复录入 | 数据: {"errorCode":"DUPLICATE_ERROR"}
[2026-01-08 10:13:40] [ERROR] 数据重复: 服务器IP/端口/用户名组合已存在 | 数据: {"server_ip":"192.168.206.68","port":3389,"username":"administrator"}
[2026-01-08 10:13:40] [ERROR] 服务器信息保存失败: 该服务器的账号已存在，请检查是否重复录入 | 数据: {"errorCode":"DUPLICATE_ERROR"}
[2026-01-08 10:13:40] [ERROR] 数据重复: 服务器IP/端口/用户名组合已存在 | 数据: {"server_ip":"192.168.201.109","port":3389,"username":"administrator"}
[2026-01-08 10:13:40] [ERROR] 服务器信息保存失败: 该服务器的账号已存在，请检查是否重复录入 | 数据: {"errorCode":"DUPLICATE_ERROR"}
[2026-01-08 10:13:40] [ERROR] 数据重复: 服务器IP/端口/用户名组合已存在 | 数据: {"server_ip":"192.168.201.206","port":3389,"username":"administrator"}
[2026-01-08 10:13:40] [ERROR] 服务器信息保存失败: 该服务器的账号已存在，请检查是否重复录入 | 数据: {"errorCode":"DUPLICATE_ERROR"}
[2026-01-08 10:13:40] [ERROR] 数据重复: 服务器IP/端口/用户名组合已存在 | 数据: {"server_ip":"192.168.201.207","port":3389,"username":"administrator"}
[2026-01-08 10:13:40] [ERROR] 服务器信息保存失败: 该服务器的账号已存在，请检查是否重复录入 | 数据: {"errorCode":"DUPLICATE_ERROR"}
[2026-01-08 10:13:40] [ERROR] 数据重复: 服务器IP/端口/用户名组合已存在 | 数据: {"server_ip":"192.168.201.202","port":3389,"username":"administrator"}
[2026-01-08 10:13:40] [ERROR] 服务器信息保存失败: 该服务器的账号已存在，请检查是否重复录入 | 数据: {"errorCode":"DUPLICATE_ERROR"}
[2026-01-08 10:13:40] [ERROR] 数据重复: 服务器IP/端口/用户名组合已存在 | 数据: {"server_ip":"192.168.201.122","port":3389,"username":"administrator"}
[2026-01-08 10:13:40] [ERROR] 服务器信息保存失败: 该服务器的账号已存在，请检查是否重复录入 | 数据: {"errorCode":"DUPLICATE_ERROR"}
[2026-01-08 10:13:40] [ERROR] 数据重复: 服务器IP/端口/用户名组合已存在 | 数据: {"server_ip":"192.168.206.116","port":2222,"username":"lonbonserver"}
[2026-01-08 10:13:40] [ERROR] 服务器信息保存失败: 该服务器的账号已存在，请检查是否重复录入 | 数据: {"errorCode":"DUPLICATE_ERROR"}
[2026-01-08 10:13:40] [ERROR] 数据重复: 服务器IP/端口/用户名组合已存在 | 数据: {"server_ip":"192.168.206.117","port":2222,"username":"lonbonserver"}
[2026-01-08 10:13:40] [ERROR] 服务器信息保存失败: 该服务器的账号已存在，请检查是否重复录入 | 数据: {"errorCode":"DUPLICATE_ERROR"}
[2026-01-08 10:13:40] [ERROR] 数据重复: 服务器IP/端口/用户名组合已存在 | 数据: {"server_ip":"192.168.206.118","port":2222,"username":"lonbonserver"}
[2026-01-08 10:13:40] [ERROR] 服务器信息保存失败: 该服务器的账号已存在，请检查是否重复录入 | 数据: {"errorCode":"DUPLICATE_ERROR"}
[2026-01-08 10:13:40] [ERROR] 数据重复: 服务器IP/端口/用户名组合已存在 | 数据: {"server_ip":"192.168.206.119","port":2222,"username":"lonbonserver"}
[2026-01-08 10:13:40] [ERROR] 服务器信息保存失败: 该服务器的账号已存在，请检查是否重复录入 | 数据: {"errorCode":"DUPLICATE_ERROR"}
[2026-01-08 10:13:40] [ERROR] 数据重复: 服务器IP/端口/用户名组合已存在 | 数据: {"server_ip":"192.168.205.5","port":3389,"username":"administrator"}
[2026-01-08 10:13:40] [ERROR] 服务器信息保存失败: 该服务器的账号已存在，请检查是否重复录入 | 数据: {"errorCode":"DUPLICATE_ERROR"}
[2026-01-08 10:13:40] [ERROR] 数据重复: 服务器IP/端口/用户名组合已存在 | 数据: {"server_ip":"192.168.205.6","port":3389,"username":"administrator"}
[2026-01-08 10:13:40] [ERROR] 服务器信息保存失败: 该服务器的账号已存在，请检查是否重复录入 | 数据: {"errorCode":"DUPLICATE_ERROR"}
[2026-01-08 10:13:40] [ERROR] 数据重复: 服务器IP/端口/用户名组合已存在 | 数据: {"server_ip":"192.168.206.1","port":3389,"username":"smit"}
[2026-01-08 10:13:40] [ERROR] 服务器信息保存失败: 该服务器的账号已存在，请检查是否重复录入 | 数据: {"errorCode":"DUPLICATE_ERROR"}
[2026-01-08 10:13:40] [ERROR] 数据重复: 服务器IP/端口/用户名组合已存在 | 数据: {"server_ip":"192.168.206.2","port":3389,"username":"administrator"}
[2026-01-08 10:13:40] [ERROR] 服务器信息保存失败: 该服务器的账号已存在，请检查是否重复录入 | 数据: {"errorCode":"DUPLICATE_ERROR"}
[2026-01-08 10:13:40] [ERROR] 数据重复: 服务器IP/端口/用户名组合已存在 | 数据: {"server_ip":"192.168.205.2","port":3389,"username":"Administrator"}
[2026-01-08 10:13:40] [ERROR] 服务器信息保存失败: 该服务器的账号已存在，请检查是否重复录入 | 数据: {"errorCode":"DUPLICATE_ERROR"}
[2026-01-08 10:13:41] [ERROR] 数据重复: 服务器IP/端口/用户名组合已存在 | 数据: {"server_ip":"192.168.201.220","port":3389,"username":"administrator"}
[2026-01-08 10:13:41] [ERROR] 服务器信息保存失败: 该服务器的账号已存在，请检查是否重复录入 | 数据: {"errorCode":"DUPLICATE_ERROR"}
[2026-01-08 10:13:41] [ERROR] 数据重复: 服务器IP/端口/用户名组合已存在 | 数据: {"server_ip":"192.168.201.150","port":3389,"username":"root"}
[2026-01-08 10:13:41] [ERROR] 服务器信息保存失败: 该服务器的账号已存在，请检查是否重复录入 | 数据: {"errorCode":"DUPLICATE_ERROR"}
[2026-01-08 10:13:41] [ERROR] 数据重复: 服务器IP/端口/用户名组合已存在 | 数据: {"server_ip":"192.168.201.41","port":3389,"username":"Administrator"}
[2026-01-08 10:13:41] [ERROR] 服务器信息保存失败: 该服务器的账号已存在，请检查是否重复录入 | 数据: {"errorCode":"DUPLICATE_ERROR"}
[2026-01-08 10:13:41] [ERROR] 数据重复: 服务器IP/端口/用户名组合已存在 | 数据: {"server_ip":"192.168.201.248","port":3389,"username":"Administrator"}
[2026-01-08 10:13:41] [ERROR] 服务器信息保存失败: 该服务器的账号已存在，请检查是否重复录入 | 数据: {"errorCode":"DUPLICATE_ERROR"}
[2026-01-08 10:13:41] [ERROR] 数据重复: 服务器IP/端口/用户名组合已存在 | 数据: {"server_ip":"192.168.201.249","port":3389,"username":"Administrator"}
[2026-01-08 10:13:41] [ERROR] 服务器信息保存失败: 该服务器的账号已存在，请检查是否重复录入 | 数据: {"errorCode":"DUPLICATE_ERROR"}
[2026-01-08 10:13:41] [ERROR] 数据重复: 服务器IP/端口/用户名组合已存在 | 数据: {"server_ip":"192.168.201.251","port":3389,"username":"Administrator"}
[2026-01-08 10:13:41] [ERROR] 服务器信息保存失败: 该服务器的账号已存在，请检查是否重复录入 | 数据: {"errorCode":"DUPLICATE_ERROR"}
[2026-01-08 10:13:41] [ERROR] 数据重复: 服务器IP/端口/用户名组合已存在 | 数据: {"server_ip":"192.168.206.102","port":3389,"username":"Administrator"}
[2026-01-08 10:13:41] [ERROR] 服务器信息保存失败: 该服务器的账号已存在，请检查是否重复录入 | 数据: {"errorCode":"DUPLICATE_ERROR"}
[2026-01-08 10:13:41] [ERROR] 数据重复: 服务器IP/端口/用户名组合已存在 | 数据: {"server_ip":"192.168.201.18","port":3389,"username":"admin"}
[2026-01-08 10:13:41] [ERROR] 服务器信息保存失败: 该服务器的账号已存在，请检查是否重复录入 | 数据: {"errorCode":"DUPLICATE_ERROR"}
[2026-01-08 10:13:41] [ERROR] 数据重复: 服务器IP/端口/用户名组合已存在 | 数据: {"server_ip":"192.168.206.156","port":3389,"username":"administrator"}
[2026-01-08 10:13:41] [ERROR] 服务器信息保存失败: 该服务器的账号已存在，请检查是否重复录入 | 数据: {"errorCode":"DUPLICATE_ERROR"}
[2026-01-08 10:13:41] [ERROR] 数据重复: 服务器IP/端口/用户名组合已存在 | 数据: {"server_ip":"192.168.60.104","port":3389,"username":"Administrator"}
[2026-01-08 10:13:41] [ERROR] 服务器信息保存失败: 该服务器的账号已存在，请检查是否重复录入 | 数据: {"errorCode":"DUPLICATE_ERROR"}
[2026-01-08 10:13:41] [ERROR] 数据重复: 服务器IP/端口/用户名组合已存在 | 数据: {"server_ip":"192.168.206.95","port":4000,"username":"Administrator"}
[2026-01-08 10:13:41] [ERROR] 服务器信息保存失败: 该服务器的账号已存在，请检查是否重复录入 | 数据: {"errorCode":"DUPLICATE_ERROR"}
[2026-01-08 10:13:41] [ERROR] 数据重复: 服务器IP/端口/用户名组合已存在 | 数据: {"server_ip":"192.168.206.79","port":3389,"username":"Administrator"}
[2026-01-08 10:13:41] [ERROR] 服务器信息保存失败: 该服务器的账号已存在，请检查是否重复录入 | 数据: {"errorCode":"DUPLICATE_ERROR"}
[2026-01-08 10:14:20] [ERROR] 数据重复: 服务器IP/端口/用户名组合已存在 | 数据: {"server_ip":"192.168.206.70","port":3389,"username":"administrator"}
[2026-01-08 10:14:20] [ERROR] 服务器信息保存失败: 该服务器的账号已存在，请检查是否重复录入 | 数据: {"errorCode":"DUPLICATE_ERROR"}
[2026-01-08 10:14:20] [ERROR] 数据重复: 服务器IP/端口/用户名组合已存在 | 数据: {"server_ip":"192.168.206.71","port":3389,"username":"administrator"}
[2026-01-08 10:14:20] [ERROR] 服务器信息保存失败: 该服务器的账号已存在，请检查是否重复录入 | 数据: {"errorCode":"DUPLICATE_ERROR"}
[2026-01-08 10:14:20] [ERROR] 数据重复: 服务器IP/端口/用户名组合已存在 | 数据: {"server_ip":"192.168.206.76","port":3389,"username":"administrator"}
[2026-01-08 10:14:20] [ERROR] 服务器信息保存失败: 该服务器的账号已存在，请检查是否重复录入 | 数据: {"errorCode":"DUPLICATE_ERROR"}
[2026-01-08 10:14:20] [ERROR] 数据重复: 服务器IP/端口/用户名组合已存在 | 数据: {"server_ip":"192.168.206.66","port":3389,"username":"administrator"}
[2026-01-08 10:14:20] [ERROR] 服务器信息保存失败: 该服务器的账号已存在，请检查是否重复录入 | 数据: {"errorCode":"DUPLICATE_ERROR"}
[2026-01-08 10:14:21] [ERROR] 数据重复: 服务器IP/端口/用户名组合已存在 | 数据: {"server_ip":"192.168.206.67","port":3389,"username":"administrator"}
[2026-01-08 10:14:21] [ERROR] 服务器信息保存失败: 该服务器的账号已存在，请检查是否重复录入 | 数据: {"errorCode":"DUPLICATE_ERROR"}
[2026-01-08 10:14:21] [ERROR] 数据重复: 服务器IP/端口/用户名组合已存在 | 数据: {"server_ip":"192.168.206.68","port":3389,"username":"administrator"}
[2026-01-08 10:14:21] [ERROR] 服务器信息保存失败: 该服务器的账号已存在，请检查是否重复录入 | 数据: {"errorCode":"DUPLICATE_ERROR"}
[2026-01-08 10:14:21] [ERROR] 数据重复: 服务器IP/端口/用户名组合已存在 | 数据: {"server_ip":"192.168.201.109","port":3389,"username":"administrator"}
[2026-01-08 10:14:21] [ERROR] 服务器信息保存失败: 该服务器的账号已存在，请检查是否重复录入 | 数据: {"errorCode":"DUPLICATE_ERROR"}
[2026-01-08 10:14:21] [ERROR] 数据重复: 服务器IP/端口/用户名组合已存在 | 数据: {"server_ip":"192.168.201.206","port":3389,"username":"administrator"}
[2026-01-08 10:14:21] [ERROR] 服务器信息保存失败: 该服务器的账号已存在，请检查是否重复录入 | 数据: {"errorCode":"DUPLICATE_ERROR"}
[2026-01-08 10:14:21] [ERROR] 数据重复: 服务器IP/端口/用户名组合已存在 | 数据: {"server_ip":"192.168.201.207","port":3389,"username":"administrator"}
[2026-01-08 10:14:21] [ERROR] 服务器信息保存失败: 该服务器的账号已存在，请检查是否重复录入 | 数据: {"errorCode":"DUPLICATE_ERROR"}
[2026-01-08 10:14:21] [ERROR] 数据重复: 服务器IP/端口/用户名组合已存在 | 数据: {"server_ip":"192.168.201.202","port":3389,"username":"administrator"}
[2026-01-08 10:14:21] [ERROR] 服务器信息保存失败: 该服务器的账号已存在，请检查是否重复录入 | 数据: {"errorCode":"DUPLICATE_ERROR"}
[2026-01-08 10:14:21] [ERROR] 数据重复: 服务器IP/端口/用户名组合已存在 | 数据: {"server_ip":"192.168.201.122","port":3389,"username":"administrator"}
[2026-01-08 10:14:21] [ERROR] 服务器信息保存失败: 该服务器的账号已存在，请检查是否重复录入 | 数据: {"errorCode":"DUPLICATE_ERROR"}
[2026-01-08 10:14:21] [ERROR] 数据重复: 服务器IP/端口/用户名组合已存在 | 数据: {"server_ip":"192.168.206.116","port":2222,"username":"lonbonserver"}
[2026-01-08 10:14:21] [ERROR] 服务器信息保存失败: 该服务器的账号已存在，请检查是否重复录入 | 数据: {"errorCode":"DUPLICATE_ERROR"}
[2026-01-08 10:14:21] [ERROR] 数据重复: 服务器IP/端口/用户名组合已存在 | 数据: {"server_ip":"192.168.206.117","port":2222,"username":"lonbonserver"}
[2026-01-08 10:14:21] [ERROR] 服务器信息保存失败: 该服务器的账号已存在，请检查是否重复录入 | 数据: {"errorCode":"DUPLICATE_ERROR"}
[2026-01-08 10:14:21] [ERROR] 数据重复: 服务器IP/端口/用户名组合已存在 | 数据: {"server_ip":"192.168.206.118","port":2222,"username":"lonbonserver"}
[2026-01-08 10:14:21] [ERROR] 服务器信息保存失败: 该服务器的账号已存在，请检查是否重复录入 | 数据: {"errorCode":"DUPLICATE_ERROR"}
[2026-01-08 10:14:21] [ERROR] 数据重复: 服务器IP/端口/用户名组合已存在 | 数据: {"server_ip":"192.168.206.119","port":2222,"username":"lonbonserver"}
[2026-01-08 10:14:21] [ERROR] 服务器信息保存失败: 该服务器的账号已存在，请检查是否重复录入 | 数据: {"errorCode":"DUPLICATE_ERROR"}
[2026-01-08 10:14:21] [ERROR] 数据重复: 服务器IP/端口/用户名组合已存在 | 数据: {"server_ip":"192.168.205.5","port":3389,"username":"administrator"}
[2026-01-08 10:14:21] [ERROR] 服务器信息保存失败: 该服务器的账号已存在，请检查是否重复录入 | 数据: {"errorCode":"DUPLICATE_ERROR"}
[2026-01-08 10:14:21] [ERROR] 数据重复: 服务器IP/端口/用户名组合已存在 | 数据: {"server_ip":"192.168.205.6","port":3389,"username":"administrator"}
[2026-01-08 10:14:21] [ERROR] 服务器信息保存失败: 该服务器的账号已存在，请检查是否重复录入 | 数据: {"errorCode":"DUPLICATE_ERROR"}
[2026-01-08 10:14:21] [ERROR] 数据重复: 服务器IP/端口/用户名组合已存在 | 数据: {"server_ip":"192.168.206.1","port":3389,"username":"smit"}
[2026-01-08 10:14:21] [ERROR] 服务器信息保存失败: 该服务器的账号已存在，请检查是否重复录入 | 数据: {"errorCode":"DUPLICATE_ERROR"}
[2026-01-08 10:14:21] [ERROR] 数据重复: 服务器IP/端口/用户名组合已存在 | 数据: {"server_ip":"192.168.206.2","port":3389,"username":"administrator"}
[2026-01-08 10:14:21] [ERROR] 服务器信息保存失败: 该服务器的账号已存在，请检查是否重复录入 | 数据: {"errorCode":"DUPLICATE_ERROR"}
[2026-01-08 10:14:21] [ERROR] 数据重复: 服务器IP/端口/用户名组合已存在 | 数据: {"server_ip":"192.168.205.2","port":3389,"username":"Administrator"}
[2026-01-08 10:14:21] [ERROR] 服务器信息保存失败: 该服务器的账号已存在，请检查是否重复录入 | 数据: {"errorCode":"DUPLICATE_ERROR"}
[2026-01-08 10:14:21] [ERROR] 数据重复: 服务器IP/端口/用户名组合已存在 | 数据: {"server_ip":"192.168.201.220","port":3389,"username":"administrator"}
[2026-01-08 10:14:21] [ERROR] 服务器信息保存失败: 该服务器的账号已存在，请检查是否重复录入 | 数据: {"errorCode":"DUPLICATE_ERROR"}
[2026-01-08 10:14:21] [ERROR] 数据重复: 服务器IP/端口/用户名组合已存在 | 数据: {"server_ip":"192.168.201.150","port":3389,"username":"root"}
[2026-01-08 10:14:21] [ERROR] 服务器信息保存失败: 该服务器的账号已存在，请检查是否重复录入 | 数据: {"errorCode":"DUPLICATE_ERROR"}
[2026-01-08 10:14:21] [ERROR] 数据重复: 服务器IP/端口/用户名组合已存在 | 数据: {"server_ip":"192.168.201.41","port":3389,"username":"Administrator"}
[2026-01-08 10:14:21] [ERROR] 服务器信息保存失败: 该服务器的账号已存在，请检查是否重复录入 | 数据: {"errorCode":"DUPLICATE_ERROR"}
[2026-01-08 10:14:22] [ERROR] 数据重复: 服务器IP/端口/用户名组合已存在 | 数据: {"server_ip":"192.168.201.248","port":3389,"username":"Administrator"}
[2026-01-08 10:14:22] [ERROR] 服务器信息保存失败: 该服务器的账号已存在，请检查是否重复录入 | 数据: {"errorCode":"DUPLICATE_ERROR"}
[2026-01-08 10:14:22] [ERROR] 数据重复: 服务器IP/端口/用户名组合已存在 | 数据: {"server_ip":"192.168.201.249","port":3389,"username":"Administrator"}
[2026-01-08 10:14:22] [ERROR] 服务器信息保存失败: 该服务器的账号已存在，请检查是否重复录入 | 数据: {"errorCode":"DUPLICATE_ERROR"}
[2026-01-08 10:14:22] [ERROR] 数据重复: 服务器IP/端口/用户名组合已存在 | 数据: {"server_ip":"192.168.201.251","port":3389,"username":"Administrator"}
[2026-01-08 10:14:22] [ERROR] 服务器信息保存失败: 该服务器的账号已存在，请检查是否重复录入 | 数据: {"errorCode":"DUPLICATE_ERROR"}
[2026-01-08 10:14:22] [ERROR] 数据重复: 服务器IP/端口/用户名组合已存在 | 数据: {"server_ip":"192.168.206.102","port":3389,"username":"Administrator"}
[2026-01-08 10:14:22] [ERROR] 服务器信息保存失败: 该服务器的账号已存在，请检查是否重复录入 | 数据: {"errorCode":"DUPLICATE_ERROR"}
[2026-01-08 10:14:22] [ERROR] 数据重复: 服务器IP/端口/用户名组合已存在 | 数据: {"server_ip":"192.168.201.18","port":3389,"username":"admin"}
[2026-01-08 10:14:22] [ERROR] 服务器信息保存失败: 该服务器的账号已存在，请检查是否重复录入 | 数据: {"errorCode":"DUPLICATE_ERROR"}
[2026-01-08 10:14:22] [ERROR] 数据重复: 服务器IP/端口/用户名组合已存在 | 数据: {"server_ip":"192.168.206.156","port":3389,"username":"administrator"}
[2026-01-08 10:14:22] [ERROR] 服务器信息保存失败: 该服务器的账号已存在，请检查是否重复录入 | 数据: {"errorCode":"DUPLICATE_ERROR"}
[2026-01-08 10:14:22] [ERROR] 数据重复: 服务器IP/端口/用户名组合已存在 | 数据: {"server_ip":"192.168.60.104","port":3389,"username":"Administrator"}
[2026-01-08 10:14:22] [ERROR] 服务器信息保存失败: 该服务器的账号已存在，请检查是否重复录入 | 数据: {"errorCode":"DUPLICATE_ERROR"}
[2026-01-08 10:14:22] [ERROR] 数据重复: 服务器IP/端口/用户名组合已存在 | 数据: {"server_ip":"192.168.206.95","port":4000,"username":"Administrator"}
[2026-01-08 10:14:22] [ERROR] 服务器信息保存失败: 该服务器的账号已存在，请检查是否重复录入 | 数据: {"errorCode":"DUPLICATE_ERROR"}
[2026-01-08 10:14:22] [ERROR] 数据重复: 服务器IP/端口/用户名组合已存在 | 数据: {"server_ip":"192.168.206.79","port":3389,"username":"Administrator"}
[2026-01-08 10:14:22] [ERROR] 服务器信息保存失败: 该服务器的账号已存在，请检查是否重复录入 | 数据: {"errorCode":"DUPLICATE_ERROR"}
[2026-01-08 10:17:49] [ERROR] 数据重复: 服务器IP/端口/用户名组合已存在 | 数据: {"server_ip":"192.168.206.70","port":3389,"username":"administrator"}
[2026-01-08 10:17:49] [ERROR] 服务器信息保存失败: 该服务器的账号已存在，请检查是否重复录入 | 数据: {"errorCode":"DUPLICATE_ERROR"}
[2026-01-08 10:17:49] [ERROR] 数据重复: 服务器IP/端口/用户名组合已存在 | 数据: {"server_ip":"192.168.206.71","port":3389,"username":"administrator"}
[2026-01-08 10:17:49] [ERROR] 服务器信息保存失败: 该服务器的账号已存在，请检查是否重复录入 | 数据: {"errorCode":"DUPLICATE_ERROR"}
[2026-01-08 10:17:49] [ERROR] 数据重复: 服务器IP/端口/用户名组合已存在 | 数据: {"server_ip":"192.168.206.76","port":3389,"username":"administrator"}
[2026-01-08 10:17:49] [ERROR] 服务器信息保存失败: 该服务器的账号已存在，请检查是否重复录入 | 数据: {"errorCode":"DUPLICATE_ERROR"}
[2026-01-08 10:17:49] [ERROR] 数据重复: 服务器IP/端口/用户名组合已存在 | 数据: {"server_ip":"192.168.206.66","port":3389,"username":"administrator"}
[2026-01-08 10:17:49] [ERROR] 服务器信息保存失败: 该服务器的账号已存在，请检查是否重复录入 | 数据: {"errorCode":"DUPLICATE_ERROR"}
[2026-01-08 10:17:49] [ERROR] 数据重复: 服务器IP/端口/用户名组合已存在 | 数据: {"server_ip":"192.168.206.67","port":3389,"username":"administrator"}
[2026-01-08 10:17:49] [ERROR] 服务器信息保存失败: 该服务器的账号已存在，请检查是否重复录入 | 数据: {"errorCode":"DUPLICATE_ERROR"}
[2026-01-08 10:17:49] [ERROR] 数据重复: 服务器IP/端口/用户名组合已存在 | 数据: {"server_ip":"192.168.206.68","port":3389,"username":"administrator"}
[2026-01-08 10:17:49] [ERROR] 服务器信息保存失败: 该服务器的账号已存在，请检查是否重复录入 | 数据: {"errorCode":"DUPLICATE_ERROR"}
[2026-01-08 10:17:49] [ERROR] 数据重复: 服务器IP/端口/用户名组合已存在 | 数据: {"server_ip":"192.168.201.109","port":3389,"username":"administrator"}
[2026-01-08 10:17:49] [ERROR] 服务器信息保存失败: 该服务器的账号已存在，请检查是否重复录入 | 数据: {"errorCode":"DUPLICATE_ERROR"}
[2026-01-08 10:17:49] [ERROR] 数据重复: 服务器IP/端口/用户名组合已存在 | 数据: {"server_ip":"192.168.201.206","port":3389,"username":"administrator"}
[2026-01-08 10:17:49] [ERROR] 服务器信息保存失败: 该服务器的账号已存在，请检查是否重复录入 | 数据: {"errorCode":"DUPLICATE_ERROR"}
[2026-01-08 10:17:49] [ERROR] 数据重复: 服务器IP/端口/用户名组合已存在 | 数据: {"server_ip":"192.168.201.207","port":3389,"username":"administrator"}
[2026-01-08 10:17:49] [ERROR] 服务器信息保存失败: 该服务器的账号已存在，请检查是否重复录入 | 数据: {"errorCode":"DUPLICATE_ERROR"}
[2026-01-08 10:17:49] [ERROR] 数据重复: 服务器IP/端口/用户名组合已存在 | 数据: {"server_ip":"192.168.201.202","port":3389,"username":"administrator"}
[2026-01-08 10:17:49] [ERROR] 服务器信息保存失败: 该服务器的账号已存在，请检查是否重复录入 | 数据: {"errorCode":"DUPLICATE_ERROR"}
[2026-01-08 10:17:49] [ERROR] 数据重复: 服务器IP/端口/用户名组合已存在 | 数据: {"server_ip":"192.168.201.122","port":3389,"username":"administrator"}
[2026-01-08 10:17:49] [ERROR] 服务器信息保存失败: 该服务器的账号已存在，请检查是否重复录入 | 数据: {"errorCode":"DUPLICATE_ERROR"}
[2026-01-08 10:17:49] [ERROR] 数据重复: 服务器IP/端口/用户名组合已存在 | 数据: {"server_ip":"192.168.206.116","port":2222,"username":"lonbonserver"}
[2026-01-08 10:17:49] [ERROR] 服务器信息保存失败: 该服务器的账号已存在，请检查是否重复录入 | 数据: {"errorCode":"DUPLICATE_ERROR"}
[2026-01-08 10:17:49] [ERROR] 数据重复: 服务器IP/端口/用户名组合已存在 | 数据: {"server_ip":"192.168.206.117","port":2222,"username":"lonbonserver"}
[2026-01-08 10:17:49] [ERROR] 服务器信息保存失败: 该服务器的账号已存在，请检查是否重复录入 | 数据: {"errorCode":"DUPLICATE_ERROR"}
[2026-01-08 10:17:49] [ERROR] 数据重复: 服务器IP/端口/用户名组合已存在 | 数据: {"server_ip":"192.168.206.118","port":2222,"username":"lonbonserver"}
[2026-01-08 10:17:49] [ERROR] 服务器信息保存失败: 该服务器的账号已存在，请检查是否重复录入 | 数据: {"errorCode":"DUPLICATE_ERROR"}
[2026-01-08 10:17:49] [ERROR] 数据重复: 服务器IP/端口/用户名组合已存在 | 数据: {"server_ip":"192.168.206.119","port":2222,"username":"lonbonserver"}
[2026-01-08 10:17:49] [ERROR] 服务器信息保存失败: 该服务器的账号已存在，请检查是否重复录入 | 数据: {"errorCode":"DUPLICATE_ERROR"}
[2026-01-08 10:17:49] [ERROR] 数据重复: 服务器IP/端口/用户名组合已存在 | 数据: {"server_ip":"192.168.205.5","port":3389,"username":"administrator"}
[2026-01-08 10:17:49] [ERROR] 服务器信息保存失败: 该服务器的账号已存在，请检查是否重复录入 | 数据: {"errorCode":"DUPLICATE_ERROR"}
[2026-01-08 10:17:49] [ERROR] 数据重复: 服务器IP/端口/用户名组合已存在 | 数据: {"server_ip":"192.168.205.6","port":3389,"username":"administrator"}
[2026-01-08 10:17:49] [ERROR] 服务器信息保存失败: 该服务器的账号已存在，请检查是否重复录入 | 数据: {"errorCode":"DUPLICATE_ERROR"}
[2026-01-08 10:17:50] [ERROR] 数据重复: 服务器IP/端口/用户名组合已存在 | 数据: {"server_ip":"192.168.206.1","port":3389,"username":"smit"}
[2026-01-08 10:17:50] [ERROR] 服务器信息保存失败: 该服务器的账号已存在，请检查是否重复录入 | 数据: {"errorCode":"DUPLICATE_ERROR"}
[2026-01-08 10:17:50] [ERROR] 数据重复: 服务器IP/端口/用户名组合已存在 | 数据: {"server_ip":"192.168.206.2","port":3389,"username":"administrator"}
[2026-01-08 10:17:50] [ERROR] 服务器信息保存失败: 该服务器的账号已存在，请检查是否重复录入 | 数据: {"errorCode":"DUPLICATE_ERROR"}
[2026-01-08 10:17:50] [ERROR] 数据重复: 服务器IP/端口/用户名组合已存在 | 数据: {"server_ip":"192.168.205.2","port":3389,"username":"Administrator"}
[2026-01-08 10:17:50] [ERROR] 服务器信息保存失败: 该服务器的账号已存在，请检查是否重复录入 | 数据: {"errorCode":"DUPLICATE_ERROR"}
[2026-01-08 10:17:50] [ERROR] 数据重复: 服务器IP/端口/用户名组合已存在 | 数据: {"server_ip":"192.168.201.220","port":3389,"username":"administrator"}
[2026-01-08 10:17:50] [ERROR] 服务器信息保存失败: 该服务器的账号已存在，请检查是否重复录入 | 数据: {"errorCode":"DUPLICATE_ERROR"}
[2026-01-08 10:17:50] [ERROR] 数据重复: 服务器IP/端口/用户名组合已存在 | 数据: {"server_ip":"192.168.201.150","port":3389,"username":"root"}
[2026-01-08 10:17:50] [ERROR] 服务器信息保存失败: 该服务器的账号已存在，请检查是否重复录入 | 数据: {"errorCode":"DUPLICATE_ERROR"}
[2026-01-08 10:17:50] [ERROR] 数据重复: 服务器IP/端口/用户名组合已存在 | 数据: {"server_ip":"192.168.201.41","port":3389,"username":"Administrator"}
[2026-01-08 10:17:50] [ERROR] 服务器信息保存失败: 该服务器的账号已存在，请检查是否重复录入 | 数据: {"errorCode":"DUPLICATE_ERROR"}
[2026-01-08 10:17:50] [ERROR] 数据重复: 服务器IP/端口/用户名组合已存在 | 数据: {"server_ip":"192.168.201.248","port":3389,"username":"Administrator"}
[2026-01-08 10:17:50] [ERROR] 服务器信息保存失败: 该服务器的账号已存在，请检查是否重复录入 | 数据: {"errorCode":"DUPLICATE_ERROR"}
[2026-01-08 10:17:50] [ERROR] 数据重复: 服务器IP/端口/用户名组合已存在 | 数据: {"server_ip":"192.168.201.249","port":3389,"username":"Administrator"}
[2026-01-08 10:17:50] [ERROR] 服务器信息保存失败: 该服务器的账号已存在，请检查是否重复录入 | 数据: {"errorCode":"DUPLICATE_ERROR"}
[2026-01-08 10:17:50] [ERROR] 数据重复: 服务器IP/端口/用户名组合已存在 | 数据: {"server_ip":"192.168.201.251","port":3389,"username":"Administrator"}
[2026-01-08 10:17:50] [ERROR] 服务器信息保存失败: 该服务器的账号已存在，请检查是否重复录入 | 数据: {"errorCode":"DUPLICATE_ERROR"}
[2026-01-08 10:17:50] [ERROR] 数据重复: 服务器IP/端口/用户名组合已存在 | 数据: {"server_ip":"192.168.206.102","port":3389,"username":"Administrator"}
[2026-01-08 10:17:50] [ERROR] 服务器信息保存失败: 该服务器的账号已存在，请检查是否重复录入 | 数据: {"errorCode":"DUPLICATE_ERROR"}
[2026-01-08 10:17:50] [ERROR] 数据重复: 服务器IP/端口/用户名组合已存在 | 数据: {"server_ip":"192.168.201.18","port":3389,"username":"admin"}
[2026-01-08 10:17:50] [ERROR] 服务器信息保存失败: 该服务器的账号已存在，请检查是否重复录入 | 数据: {"errorCode":"DUPLICATE_ERROR"}
[2026-01-08 10:17:50] [ERROR] 数据重复: 服务器IP/端口/用户名组合已存在 | 数据: {"server_ip":"192.168.206.156","port":3389,"username":"administrator"}
[2026-01-08 10:17:50] [ERROR] 服务器信息保存失败: 该服务器的账号已存在，请检查是否重复录入 | 数据: {"errorCode":"DUPLICATE_ERROR"}
[2026-01-08 10:17:50] [ERROR] 数据重复: 服务器IP/端口/用户名组合已存在 | 数据: {"server_ip":"192.168.60.104","port":3389,"username":"Administrator"}
[2026-01-08 10:17:50] [ERROR] 服务器信息保存失败: 该服务器的账号已存在，请检查是否重复录入 | 数据: {"errorCode":"DUPLICATE_ERROR"}
[2026-01-08 10:17:50] [ERROR] 数据重复: 服务器IP/端口/用户名组合已存在 | 数据: {"server_ip":"192.168.206.95","port":4000,"username":"Administrator"}
[2026-01-08 10:17:50] [ERROR] 服务器信息保存失败: 该服务器的账号已存在，请检查是否重复录入 | 数据: {"errorCode":"DUPLICATE_ERROR"}
[2026-01-08 10:17:50] [ERROR] 数据重复: 服务器IP/端口/用户名组合已存在 | 数据: {"server_ip":"192.168.206.79","port":3389,"username":"Administrator"}
[2026-01-08 10:17:50] [ERROR] 服务器信息保存失败: 该服务器的账号已存在，请检查是否重复录入 | 数据: {"errorCode":"DUPLICATE_ERROR"}
[2026-01-08 10:49:40] [INFO] 服务器信息保存成功 | 数据: {"id":"765"}
[2026-01-08 10:49:40] [INFO] 服务器信息保存成功 | 数据: {"id":"766"}
[2026-01-08 10:49:40] [INFO] 服务器信息保存成功 | 数据: {"id":"767"}
[2026-01-08 10:49:40] [INFO] 服务器信息保存成功 | 数据: {"id":"768"}
[2026-01-08 10:49:40] [INFO] 服务器信息保存成功 | 数据: {"id":"769"}
[2026-01-08 10:49:40] [INFO] 服务器信息保存成功 | 数据: {"id":"770"}
[2026-01-08 10:49:40] [INFO] 服务器信息保存成功 | 数据: {"id":"771"}
[2026-01-08 10:49:40] [INFO] 服务器信息保存成功 | 数据: {"id":"772"}
[2026-01-08 10:49:40] [INFO] 服务器信息保存成功 | 数据: {"id":"773"}
[2026-01-08 10:49:40] [INFO] 服务器信息保存成功 | 数据: {"id":"774"}
[2026-01-08 10:49:40] [INFO] 服务器信息保存成功 | 数据: {"id":"775"}
[2026-01-08 10:49:40] [INFO] 服务器信息保存成功 | 数据: {"id":"776"}
[2026-01-08 10:49:40] [INFO] 服务器信息保存成功 | 数据: {"id":"777"}
[2026-01-08 10:49:40] [INFO] 服务器信息保存成功 | 数据: {"id":"778"}
[2026-01-08 10:49:40] [INFO] 服务器信息保存成功 | 数据: {"id":"779"}
[2026-01-08 10:49:41] [INFO] 服务器信息保存成功 | 数据: {"id":"780"}
[2026-01-08 10:49:41] [INFO] 服务器信息保存成功 | 数据: {"id":"781"}
[2026-01-08 10:49:41] [INFO] 服务器信息保存成功 | 数据: {"id":"782"}
[2026-01-08 10:49:41] [INFO] 服务器信息保存成功 | 数据: {"id":"783"}
[2026-01-08 10:49:41] [INFO] 服务器信息保存成功 | 数据: {"id":"784"}
[2026-01-08 10:49:41] [INFO] 服务器信息保存成功 | 数据: {"id":"785"}
[2026-01-08 10:49:41] [INFO] 服务器信息保存成功 | 数据: {"id":"786"}
[2026-01-08 10:49:41] [INFO] 服务器信息保存成功 | 数据: {"id":"787"}
[2026-01-08 10:49:41] [INFO] 服务器信息保存成功 | 数据: {"id":"788"}
[2026-01-08 10:49:41] [INFO] 服务器信息保存成功 | 数据: {"id":"789"}
[2026-01-08 10:49:41] [INFO] 服务器信息保存成功 | 数据: {"id":"790"}
[2026-01-08 10:49:41] [INFO] 服务器信息保存成功 | 数据: {"id":"791"}
[2026-01-08 10:49:41] [INFO] 服务器信息保存成功 | 数据: {"id":"792"}
[2026-01-08 10:49:41] [INFO] 服务器信息保存成功 | 数据: {"id":"793"}
[2026-01-08 10:49:41] [INFO] 服务器信息保存成功 | 数据: {"id":"794"}
[2026-01-08 10:49:41] [INFO] 服务器信息保存成功 | 数据: {"id":"795"}
[2026-01-08 10:49:41] [INFO] 服务器信息保存成功 | 数据: {"id":"796"}
[2026-01-08 10:49:41] [INFO] 服务器信息保存成功 | 数据: {"id":"797"}
[2026-01-08 10:49:41] [INFO] 服务器信息保存成功 | 数据: {"id":"798"}
[2026-01-08 10:49:42] [INFO] 服务器信息保存成功 | 数据: {"id":"799"}
[2026-01-08 10:49:42] [INFO] 服务器信息保存成功 | 数据: {"id":"800"}
[2026-01-08 10:49:42] [INFO] 服务器信息保存成功 | 数据: {"id":"801"}
[2026-01-08 10:49:42] [INFO] 服务器信息保存成功 | 数据: {"id":"802"}
[2026-01-08 10:49:42] [INFO] 服务器信息保存成功 | 数据: {"id":"803"}
[2026-01-08 10:49:42] [INFO] 服务器信息保存成功 | 数据: {"id":"804"}
[2026-01-09 11:15:33] [INFO] 服务器信息保存成功 | 数据: {"id":"805"}
[2026-01-13 17:33:09] [INFO] 服务器信息保存成功 | 数据: {"id":"806"}
[2026-01-13 17:33:10] [INFO] 服务器信息保存成功 | 数据: {"id":"807"}
[2026-01-13 17:33:10] [INFO] 服务器信息保存成功 | 数据: {"id":"808"}
[2026-01-13 17:33:10] [INFO] 服务器信息保存成功 | 数据: {"id":"809"}
[2026-01-13 17:33:10] [INFO] 服务器信息保存成功 | 数据: {"id":"810"}
[2026-01-13 17:33:10] [INFO] 服务器信息保存成功 | 数据: {"id":"811"}
[2026-01-13 17:33:11] [INFO] 服务器信息保存成功 | 数据: {"id":"812"}
[2026-01-13 17:33:11] [INFO] 服务器信息保存成功 | 数据: {"id":"813"}
[2026-01-13 17:33:11] [INFO] 服务器信息保存成功 | 数据: {"id":"814"}
[2026-01-13 17:33:11] [INFO] 服务器信息保存成功 | 数据: {"id":"815"}
[2026-01-13 17:33:11] [INFO] 服务器信息保存成功 | 数据: {"id":"816"}
[2026-01-13 17:33:12] [INFO] 服务器信息保存成功 | 数据: {"id":"817"}
